HoldsAt(Meet_ID1_ID1,40) 0
HoldsAt(Meet_ID1_ID1,41) 0
HoldsAt(Meet_ID1_ID1,42) 0
HoldsAt(Meet_ID1_ID1,43) 0
HoldsAt(Meet_ID1_ID1,44) 0
HoldsAt(Meet_ID1_ID1,45) 0
HoldsAt(Meet_ID1_ID1,46) 0
HoldsAt(Meet_ID1_ID1,47) 0
HoldsAt(Meet_ID1_ID1,48) 0
HoldsAt(Meet_ID1_ID1,49) 0
HoldsAt(Meet_ID1_ID1,50) 0
HoldsAt(Meet_ID1_ID1,51) 0
HoldsAt(Meet_ID1_ID1,52) 0
HoldsAt(Meet_ID1_ID1,53) 0
HoldsAt(Meet_ID1_ID1,54) 0
HoldsAt(Meet_ID1_ID1,55) 0
HoldsAt(Meet_ID1_ID1,56) 0
HoldsAt(Meet_ID1_ID1,57) 0
HoldsAt(Meet_ID1_ID1,58) 0
HoldsAt(Meet_ID1_ID1,59) 0
HoldsAt(Meet_ID1_ID1,60) 0
HoldsAt(Meet_ID1_ID1,61) 0
HoldsAt(Meet_ID1_ID1,62) 0
HoldsAt(Meet_ID1_ID1,63) 0
HoldsAt(Meet_ID1_ID1,64) 0
HoldsAt(Meet_ID1_ID1,65) 0
HoldsAt(Meet_ID1_ID1,66) 0
HoldsAt(Meet_ID1_ID1,67) 0
HoldsAt(Meet_ID1_ID1,68) 0
HoldsAt(Meet_ID1_ID1,69) 0
HoldsAt(Meet_ID1_ID1,70) 0
HoldsAt(Meet_ID1_ID1,71) 0
HoldsAt(Meet_ID1_ID1,72) 0
HoldsAt(Meet_ID1_ID1,73) 0
HoldsAt(Meet_ID1_ID1,74) 0
HoldsAt(Meet_ID1_ID1,75) 0
HoldsAt(Meet_ID1_ID1,76) 0
HoldsAt(Meet_ID1_ID1,77) 0
HoldsAt(Meet_ID1_ID1,78) 0
HoldsAt(Meet_ID1_ID1,79) 0
HoldsAt(Meet_ID1_ID1,80) 0
HoldsAt(Meet_ID1_ID1,81) 0
HoldsAt(Meet_ID1_ID1,82) 0
HoldsAt(Meet_ID1_ID1,83) 0
HoldsAt(Meet_ID1_ID1,84) 0
HoldsAt(Meet_ID1_ID1,85) 0
HoldsAt(Meet_ID1_ID1,86) 0
HoldsAt(Meet_ID1_ID1,87) 0
HoldsAt(Meet_ID1_ID1,88) 0
HoldsAt(Meet_ID1_ID1,89) 0
HoldsAt(Meet_ID1_ID1,90) 0
HoldsAt(Meet_ID1_ID1,91) 0
HoldsAt(Meet_ID1_ID1,92) 0
HoldsAt(Meet_ID1_ID1,93) 0
HoldsAt(Meet_ID1_ID1,94) 0
HoldsAt(Meet_ID1_ID1,95) 0
HoldsAt(Meet_ID1_ID1,96) 0
HoldsAt(Meet_ID1_ID1,97) 0
HoldsAt(Meet_ID1_ID1,98) 0
HoldsAt(Meet_ID1_ID1,99) 0
HoldsAt(Meet_ID1_ID1,100) 0
HoldsAt(Meet_ID1_ID1,101) 0
HoldsAt(Meet_ID1_ID1,102) 0
HoldsAt(Meet_ID1_ID1,103) 0
HoldsAt(Meet_ID1_ID1,104) 0
HoldsAt(Meet_ID1_ID1,105) 0
HoldsAt(Meet_ID1_ID1,106) 0
HoldsAt(Meet_ID1_ID1,107) 0
HoldsAt(Meet_ID1_ID1,108) 0
HoldsAt(Meet_ID1_ID1,109) 0
HoldsAt(Meet_ID1_ID1,110) 0
HoldsAt(Meet_ID1_ID1,111) 0
HoldsAt(Meet_ID1_ID1,112) 0
HoldsAt(Meet_ID1_ID1,113) 0
HoldsAt(Meet_ID1_ID1,114) 0
HoldsAt(Meet_ID1_ID1,115) 0
HoldsAt(Meet_ID1_ID1,116) 0
HoldsAt(Meet_ID1_ID1,117) 0
HoldsAt(Meet_ID1_ID1,118) 0
HoldsAt(Meet_ID1_ID1,119) 0
HoldsAt(Meet_ID1_ID1,120) 0
HoldsAt(Meet_ID1_ID1,121) 0
HoldsAt(Meet_ID1_ID1,122) 0
HoldsAt(Meet_ID1_ID1,123) 0
HoldsAt(Meet_ID1_ID1,124) 0
HoldsAt(Meet_ID1_ID1,125) 0
HoldsAt(Meet_ID1_ID1,126) 0
HoldsAt(Meet_ID1_ID1,127) 0
HoldsAt(Meet_ID1_ID1,128) 0
HoldsAt(Meet_ID1_ID1,129) 0
HoldsAt(Meet_ID1_ID1,130) 0
HoldsAt(Meet_ID1_ID1,131) 0
HoldsAt(Meet_ID1_ID1,132) 0
HoldsAt(Meet_ID1_ID1,133) 0
HoldsAt(Meet_ID1_ID1,134) 0
HoldsAt(Meet_ID1_ID1,135) 0
HoldsAt(Meet_ID1_ID1,136) 0
HoldsAt(Meet_ID1_ID1,137) 0
HoldsAt(Meet_ID1_ID1,138) 0
HoldsAt(Meet_ID1_ID1,139) 0
HoldsAt(Meet_ID1_ID1,140) 0
HoldsAt(Meet_ID1_ID1,141) 0
HoldsAt(Meet_ID1_ID1,142) 0
HoldsAt(Meet_ID1_ID1,143) 0
HoldsAt(Meet_ID1_ID1,144) 0
HoldsAt(Meet_ID1_ID1,145) 0
HoldsAt(Meet_ID1_ID1,146) 0
HoldsAt(Meet_ID1_ID1,147) 0
HoldsAt(Meet_ID1_ID1,148) 0
HoldsAt(Meet_ID1_ID1,149) 0
HoldsAt(Meet_ID1_ID1,150) 0
HoldsAt(Meet_ID1_ID1,151) 0
HoldsAt(Meet_ID1_ID1,152) 0
HoldsAt(Meet_ID1_ID1,153) 0
HoldsAt(Meet_ID1_ID1,154) 0
HoldsAt(Meet_ID1_ID1,155) 0
HoldsAt(Meet_ID1_ID1,156) 0
HoldsAt(Meet_ID1_ID1,157) 0
HoldsAt(Meet_ID1_ID1,158) 0
HoldsAt(Meet_ID1_ID1,159) 0
HoldsAt(Meet_ID1_ID1,160) 0
HoldsAt(Meet_ID1_ID1,161) 0
HoldsAt(Meet_ID1_ID1,162) 0
HoldsAt(Meet_ID1_ID1,163) 0
HoldsAt(Meet_ID1_ID1,164) 0
HoldsAt(Meet_ID1_ID1,165) 0
HoldsAt(Meet_ID1_ID1,166) 0
HoldsAt(Meet_ID1_ID1,167) 0
HoldsAt(Meet_ID1_ID1,168) 0
HoldsAt(Meet_ID1_ID1,169) 0
HoldsAt(Meet_ID1_ID1,170) 0
HoldsAt(Meet_ID1_ID1,171) 0
HoldsAt(Meet_ID1_ID1,172) 0
HoldsAt(Meet_ID1_ID1,173) 0
HoldsAt(Meet_ID1_ID1,174) 0
HoldsAt(Meet_ID1_ID1,175) 0
HoldsAt(Meet_ID1_ID1,176) 0
HoldsAt(Meet_ID1_ID1,177) 0
HoldsAt(Meet_ID1_ID1,178) 0
HoldsAt(Meet_ID1_ID1,179) 0
HoldsAt(Meet_ID1_ID1,180) 0
HoldsAt(Meet_ID1_ID1,181) 0
HoldsAt(Meet_ID1_ID1,182) 0
HoldsAt(Meet_ID1_ID1,183) 0
HoldsAt(Meet_ID1_ID1,184) 0
HoldsAt(Meet_ID1_ID1,185) 0
HoldsAt(Meet_ID1_ID1,186) 0
HoldsAt(Meet_ID1_ID1,187) 0
HoldsAt(Meet_ID1_ID1,188) 0
HoldsAt(Meet_ID1_ID1,189) 0
HoldsAt(Meet_ID1_ID1,190) 0
HoldsAt(Meet_ID1_ID1,191) 0
HoldsAt(Meet_ID1_ID1,192) 0
HoldsAt(Meet_ID1_ID1,193) 0
HoldsAt(Meet_ID1_ID1,194) 0
HoldsAt(Meet_ID1_ID1,195) 0
HoldsAt(Meet_ID1_ID1,196) 0
HoldsAt(Meet_ID1_ID1,197) 0
HoldsAt(Meet_ID1_ID1,198) 0
HoldsAt(Meet_ID1_ID1,199) 0
HoldsAt(Meet_ID1_ID1,200) 0
HoldsAt(Meet_ID1_ID1,201) 0
HoldsAt(Meet_ID1_ID1,202) 0
HoldsAt(Meet_ID1_ID1,203) 0
HoldsAt(Meet_ID1_ID1,204) 0
HoldsAt(Meet_ID1_ID1,205) 0
HoldsAt(Meet_ID1_ID1,206) 0
HoldsAt(Meet_ID1_ID1,207) 0
HoldsAt(Meet_ID1_ID1,208) 0
HoldsAt(Meet_ID1_ID1,209) 0
HoldsAt(Meet_ID1_ID1,210) 0
HoldsAt(Meet_ID1_ID1,211) 0
HoldsAt(Meet_ID1_ID1,212) 0
HoldsAt(Meet_ID1_ID1,213) 0
HoldsAt(Meet_ID1_ID1,214) 0
HoldsAt(Meet_ID1_ID1,215) 0
HoldsAt(Meet_ID1_ID1,216) 0
HoldsAt(Meet_ID1_ID1,217) 0
HoldsAt(Meet_ID1_ID1,218) 0
HoldsAt(Meet_ID1_ID1,219) 0
HoldsAt(Meet_ID1_ID1,220) 0
HoldsAt(Meet_ID1_ID1,221) 0
HoldsAt(Meet_ID1_ID1,222) 0
HoldsAt(Meet_ID1_ID1,223) 0
HoldsAt(Meet_ID1_ID1,224) 0
HoldsAt(Meet_ID1_ID1,225) 0
HoldsAt(Meet_ID1_ID1,226) 0
HoldsAt(Meet_ID1_ID1,227) 0
HoldsAt(Meet_ID1_ID1,228) 0
HoldsAt(Meet_ID1_ID1,229) 0
HoldsAt(Meet_ID1_ID1,230) 0
HoldsAt(Meet_ID1_ID1,231) 0
HoldsAt(Meet_ID1_ID1,232) 0
HoldsAt(Meet_ID1_ID1,233) 0
HoldsAt(Meet_ID1_ID1,234) 0
HoldsAt(Meet_ID1_ID1,235) 0
HoldsAt(Meet_ID1_ID1,236) 0
HoldsAt(Meet_ID1_ID1,237) 0
HoldsAt(Meet_ID1_ID1,238) 0
HoldsAt(Meet_ID1_ID1,239) 0
HoldsAt(Meet_ID1_ID1,240) 0
HoldsAt(Meet_ID1_ID1,241) 0
HoldsAt(Meet_ID1_ID1,242) 0
HoldsAt(Meet_ID1_ID1,243) 0
HoldsAt(Meet_ID1_ID1,244) 0
HoldsAt(Meet_ID1_ID1,245) 0
HoldsAt(Meet_ID1_ID1,246) 0
HoldsAt(Meet_ID1_ID1,247) 0
HoldsAt(Meet_ID1_ID1,248) 0
HoldsAt(Meet_ID1_ID1,249) 0
HoldsAt(Meet_ID1_ID1,250) 0
HoldsAt(Meet_ID1_ID1,251) 0
HoldsAt(Meet_ID1_ID1,252) 0
HoldsAt(Meet_ID1_ID1,253) 0
HoldsAt(Meet_ID1_ID1,254) 0
HoldsAt(Meet_ID1_ID1,255) 0
HoldsAt(Meet_ID1_ID1,256) 0
HoldsAt(Meet_ID1_ID1,257) 0
HoldsAt(Meet_ID1_ID1,258) 0
HoldsAt(Meet_ID1_ID1,259) 0
HoldsAt(Meet_ID1_ID1,260) 0
HoldsAt(Meet_ID1_ID1,261) 0
HoldsAt(Meet_ID1_ID1,262) 0
HoldsAt(Meet_ID1_ID1,263) 0
HoldsAt(Meet_ID1_ID1,264) 0
HoldsAt(Meet_ID1_ID1,265) 0
HoldsAt(Meet_ID1_ID1,266) 0
HoldsAt(Meet_ID1_ID1,267) 0
HoldsAt(Meet_ID1_ID1,268) 0
HoldsAt(Meet_ID1_ID1,269) 0
HoldsAt(Meet_ID1_ID1,270) 0
HoldsAt(Meet_ID1_ID1,271) 0
HoldsAt(Meet_ID1_ID1,272) 0
HoldsAt(Meet_ID1_ID1,273) 0
HoldsAt(Meet_ID1_ID1,274) 0
HoldsAt(Meet_ID1_ID1,275) 0
HoldsAt(Meet_ID1_ID1,276) 0
HoldsAt(Meet_ID1_ID1,277) 0
HoldsAt(Meet_ID1_ID1,278) 0
HoldsAt(Meet_ID1_ID1,279) 0
HoldsAt(Meet_ID1_ID1,280) 0
HoldsAt(Meet_ID1_ID1,281) 0
HoldsAt(Meet_ID1_ID1,282) 0
HoldsAt(Meet_ID1_ID1,283) 0
HoldsAt(Meet_ID1_ID1,284) 0
HoldsAt(Meet_ID1_ID1,285) 0
HoldsAt(Meet_ID1_ID1,286) 0
HoldsAt(Meet_ID1_ID1,287) 0
HoldsAt(Meet_ID1_ID1,288) 0
HoldsAt(Meet_ID1_ID1,289) 0
HoldsAt(Meet_ID1_ID1,290) 0
HoldsAt(Meet_ID1_ID1,291) 0
HoldsAt(Meet_ID1_ID1,292) 0
HoldsAt(Meet_ID1_ID1,293) 0
HoldsAt(Meet_ID1_ID1,294) 0
HoldsAt(Meet_ID1_ID1,295) 0
HoldsAt(Meet_ID1_ID1,296) 0
HoldsAt(Meet_ID1_ID1,297) 0
HoldsAt(Meet_ID1_ID1,298) 0
HoldsAt(Meet_ID1_ID1,299) 0
HoldsAt(Meet_ID1_ID1,300) 0
HoldsAt(Meet_ID1_ID1,301) 0
HoldsAt(Meet_ID1_ID1,302) 0
HoldsAt(Meet_ID1_ID1,303) 0
HoldsAt(Meet_ID1_ID1,304) 0
HoldsAt(Meet_ID1_ID1,305) 0
HoldsAt(Meet_ID1_ID1,306) 0
HoldsAt(Meet_ID1_ID1,307) 0
HoldsAt(Meet_ID1_ID1,308) 0
HoldsAt(Meet_ID1_ID1,309) 0
HoldsAt(Meet_ID1_ID1,310) 0
HoldsAt(Meet_ID1_ID1,311) 0
HoldsAt(Meet_ID1_ID1,312) 0
HoldsAt(Meet_ID1_ID1,313) 0
HoldsAt(Meet_ID1_ID1,314) 0
HoldsAt(Meet_ID1_ID1,315) 0
HoldsAt(Meet_ID1_ID1,316) 0
HoldsAt(Meet_ID1_ID1,317) 0
HoldsAt(Meet_ID1_ID1,318) 0
HoldsAt(Meet_ID1_ID1,319) 0
HoldsAt(Meet_ID1_ID1,320) 0
HoldsAt(Meet_ID1_ID1,321) 0
HoldsAt(Meet_ID1_ID1,322) 0
HoldsAt(Meet_ID1_ID1,323) 0
HoldsAt(Meet_ID1_ID1,324) 0
HoldsAt(Meet_ID1_ID1,325) 0
HoldsAt(Meet_ID1_ID1,326) 0
HoldsAt(Meet_ID1_ID1,327) 0
HoldsAt(Meet_ID1_ID1,328) 0
HoldsAt(Meet_ID1_ID1,329) 0
HoldsAt(Meet_ID1_ID1,330) 0
HoldsAt(Meet_ID1_ID1,331) 0
HoldsAt(Meet_ID1_ID1,332) 0
HoldsAt(Meet_ID1_ID1,333) 0
HoldsAt(Meet_ID1_ID1,334) 0
HoldsAt(Meet_ID1_ID1,335) 0
HoldsAt(Meet_ID1_ID1,336) 0
HoldsAt(Meet_ID1_ID1,337) 0
HoldsAt(Meet_ID1_ID1,338) 0
HoldsAt(Meet_ID1_ID1,339) 0
HoldsAt(Meet_ID1_ID1,340) 0
HoldsAt(Meet_ID1_ID1,341) 0
HoldsAt(Meet_ID1_ID1,342) 0
HoldsAt(Meet_ID1_ID1,343) 0
HoldsAt(Meet_ID1_ID1,344) 0
HoldsAt(Meet_ID1_ID1,345) 0
HoldsAt(Meet_ID1_ID1,346) 0
HoldsAt(Meet_ID1_ID1,347) 0
HoldsAt(Meet_ID1_ID1,348) 0
HoldsAt(Meet_ID1_ID1,349) 0
HoldsAt(Meet_ID1_ID1,350) 0
HoldsAt(Meet_ID1_ID1,351) 0
HoldsAt(Meet_ID1_ID1,31) 0
HoldsAt(Meet_ID1_ID1,32) 0
HoldsAt(Meet_ID1_ID1,33) 0
HoldsAt(Meet_ID1_ID1,34) 0
HoldsAt(Meet_ID1_ID1,35) 0
HoldsAt(Meet_ID1_ID1,36) 0
HoldsAt(Meet_ID1_ID1,37) 0
HoldsAt(Meet_ID1_ID1,38) 0
HoldsAt(Meet_ID1_ID1,39) 0
HoldsAt(Meet_ID1_ID1,352) 0
HoldsAt(Meet_ID1_ID1,353) 0
HoldsAt(Meet_ID1_ID1,354) 0
HoldsAt(Meet_ID1_ID1,355) 0
HoldsAt(Meet_ID1_ID1,356) 0
HoldsAt(Meet_ID1_ID1,357) 0
HoldsAt(Meet_ID1_ID1,358) 0
HoldsAt(Meet_ID1_ID1,359) 0
HoldsAt(Meet_ID1_ID1,360) 0
HoldsAt(Meet_ID1_ID1,361) 0
HoldsAt(Meet_ID1_ID1,362) 0
HoldsAt(Meet_ID1_ID1,363) 0
HoldsAt(Meet_ID1_ID1,364) 0
HoldsAt(Meet_ID1_ID1,365) 0
HoldsAt(Meet_ID1_ID1,366) 0
HoldsAt(Meet_ID1_ID1,367) 0
HoldsAt(Meet_ID1_ID1,368) 0
HoldsAt(Meet_ID1_ID1,369) 0
HoldsAt(Meet_ID1_ID1,370) 0
HoldsAt(Meet_ID1_ID1,371) 0
HoldsAt(Meet_ID1_ID1,372) 0
HoldsAt(Meet_ID1_ID1,373) 0
HoldsAt(Meet_ID1_ID1,374) 0
HoldsAt(Meet_ID1_ID1,375) 0
HoldsAt(Meet_ID1_ID1,376) 0
HoldsAt(Meet_ID1_ID3,40) 0
HoldsAt(Meet_ID1_ID3,41) 0
HoldsAt(Meet_ID1_ID3,42) 0
HoldsAt(Meet_ID1_ID3,43) 0
HoldsAt(Meet_ID1_ID3,44) 0
HoldsAt(Meet_ID1_ID3,45) 0
HoldsAt(Meet_ID1_ID3,46) 0
HoldsAt(Meet_ID1_ID3,47) 0
HoldsAt(Meet_ID1_ID3,48) 0
HoldsAt(Meet_ID1_ID3,49) 0
HoldsAt(Meet_ID1_ID3,50) 0
HoldsAt(Meet_ID1_ID3,51) 0
HoldsAt(Meet_ID1_ID3,52) 0
HoldsAt(Meet_ID1_ID3,53) 0
HoldsAt(Meet_ID1_ID3,54) 0
HoldsAt(Meet_ID1_ID3,55) 0
HoldsAt(Meet_ID1_ID3,56) 0
HoldsAt(Meet_ID1_ID3,57) 0
HoldsAt(Meet_ID1_ID3,58) 0
HoldsAt(Meet_ID1_ID3,59) 0
HoldsAt(Meet_ID1_ID3,60) 0
HoldsAt(Meet_ID1_ID3,61) 0
HoldsAt(Meet_ID1_ID3,62) 0
HoldsAt(Meet_ID1_ID3,63) 0
HoldsAt(Meet_ID1_ID3,64) 0
HoldsAt(Meet_ID1_ID3,65) 0
HoldsAt(Meet_ID1_ID3,66) 0
HoldsAt(Meet_ID1_ID3,67) 0
HoldsAt(Meet_ID1_ID3,68) 0
HoldsAt(Meet_ID1_ID3,69) 0
HoldsAt(Meet_ID1_ID3,70) 0
HoldsAt(Meet_ID1_ID3,71) 0
HoldsAt(Meet_ID1_ID3,72) 0
HoldsAt(Meet_ID1_ID3,73) 0
HoldsAt(Meet_ID1_ID3,74) 0
HoldsAt(Meet_ID1_ID3,75) 0
HoldsAt(Meet_ID1_ID3,76) 0
HoldsAt(Meet_ID1_ID3,77) 0
HoldsAt(Meet_ID1_ID3,78) 0
HoldsAt(Meet_ID1_ID3,79) 0
HoldsAt(Meet_ID1_ID3,80) 0
HoldsAt(Meet_ID1_ID3,81) 0
HoldsAt(Meet_ID1_ID3,82) 0
HoldsAt(Meet_ID1_ID3,83) 0
HoldsAt(Meet_ID1_ID3,84) 0
HoldsAt(Meet_ID1_ID3,85) 0
HoldsAt(Meet_ID1_ID3,86) 0
HoldsAt(Meet_ID1_ID3,87) 0
HoldsAt(Meet_ID1_ID3,88) 0
HoldsAt(Meet_ID1_ID3,89) 0
HoldsAt(Meet_ID1_ID3,90) 0
HoldsAt(Meet_ID1_ID3,91) 0
HoldsAt(Meet_ID1_ID3,92) 0
HoldsAt(Meet_ID1_ID3,93) 0
HoldsAt(Meet_ID1_ID3,94) 0
HoldsAt(Meet_ID1_ID3,95) 0
HoldsAt(Meet_ID1_ID3,96) 0
HoldsAt(Meet_ID1_ID3,97) 0
HoldsAt(Meet_ID1_ID3,98) 0
HoldsAt(Meet_ID1_ID3,99) 0
HoldsAt(Meet_ID1_ID3,100) 0
HoldsAt(Meet_ID1_ID3,101) 0
HoldsAt(Meet_ID1_ID3,102) 0
HoldsAt(Meet_ID1_ID3,103) 0
HoldsAt(Meet_ID1_ID3,104) 0
HoldsAt(Meet_ID1_ID3,105) 0
HoldsAt(Meet_ID1_ID3,106) 0
HoldsAt(Meet_ID1_ID3,107) 0
HoldsAt(Meet_ID1_ID3,108) 0
HoldsAt(Meet_ID1_ID3,109) 0
HoldsAt(Meet_ID1_ID3,110) 0
HoldsAt(Meet_ID1_ID3,111) 0
HoldsAt(Meet_ID1_ID3,112) 0
HoldsAt(Meet_ID1_ID3,113) 0
HoldsAt(Meet_ID1_ID3,114) 0
HoldsAt(Meet_ID1_ID3,115) 0
HoldsAt(Meet_ID1_ID3,116) 0
HoldsAt(Meet_ID1_ID3,117) 0
HoldsAt(Meet_ID1_ID3,118) 0
HoldsAt(Meet_ID1_ID3,119) 0
HoldsAt(Meet_ID1_ID3,120) 0
HoldsAt(Meet_ID1_ID3,121) 0
HoldsAt(Meet_ID1_ID3,122) 0
HoldsAt(Meet_ID1_ID3,123) 0
HoldsAt(Meet_ID1_ID3,124) 0
HoldsAt(Meet_ID1_ID3,125) 0
HoldsAt(Meet_ID1_ID3,126) 0
HoldsAt(Meet_ID1_ID3,127) 0
HoldsAt(Meet_ID1_ID3,128) 0
HoldsAt(Meet_ID1_ID3,129) 0
HoldsAt(Meet_ID1_ID3,130) 0
HoldsAt(Meet_ID1_ID3,131) 0
HoldsAt(Meet_ID1_ID3,132) 0
HoldsAt(Meet_ID1_ID3,133) 0
HoldsAt(Meet_ID1_ID3,134) 0
HoldsAt(Meet_ID1_ID3,135) 0
HoldsAt(Meet_ID1_ID3,136) 0
HoldsAt(Meet_ID1_ID3,137) 0
HoldsAt(Meet_ID1_ID3,138) 0
HoldsAt(Meet_ID1_ID3,139) 0
HoldsAt(Meet_ID1_ID3,140) 0
HoldsAt(Meet_ID1_ID3,141) 0
HoldsAt(Meet_ID1_ID3,142) 0
HoldsAt(Meet_ID1_ID3,143) 0
HoldsAt(Meet_ID1_ID3,144) 0
HoldsAt(Meet_ID1_ID3,145) 0
HoldsAt(Meet_ID1_ID3,146) 0
HoldsAt(Meet_ID1_ID3,147) 0
HoldsAt(Meet_ID1_ID3,148) 0
HoldsAt(Meet_ID1_ID3,149) 0
HoldsAt(Meet_ID1_ID3,150) 0
HoldsAt(Meet_ID1_ID3,151) 0
HoldsAt(Meet_ID1_ID3,152) 0
HoldsAt(Meet_ID1_ID3,153) 0
HoldsAt(Meet_ID1_ID3,154) 0
HoldsAt(Meet_ID1_ID3,155) 0
HoldsAt(Meet_ID1_ID3,156) 0
HoldsAt(Meet_ID1_ID3,157) 0
HoldsAt(Meet_ID1_ID3,158) 0
HoldsAt(Meet_ID1_ID3,159) 0
HoldsAt(Meet_ID1_ID3,160) 0
HoldsAt(Meet_ID1_ID3,161) 0
HoldsAt(Meet_ID1_ID3,162) 0
HoldsAt(Meet_ID1_ID3,163) 0
HoldsAt(Meet_ID1_ID3,164) 0
HoldsAt(Meet_ID1_ID3,165) 0
HoldsAt(Meet_ID1_ID3,166) 0
HoldsAt(Meet_ID1_ID3,167) 0
HoldsAt(Meet_ID1_ID3,168) 0
HoldsAt(Meet_ID1_ID3,169) 0
HoldsAt(Meet_ID1_ID3,170) 0
HoldsAt(Meet_ID1_ID3,171) 0
HoldsAt(Meet_ID1_ID3,172) 0
HoldsAt(Meet_ID1_ID3,173) 0
HoldsAt(Meet_ID1_ID3,174) 0
HoldsAt(Meet_ID1_ID3,175) 0
HoldsAt(Meet_ID1_ID3,176) 0
HoldsAt(Meet_ID1_ID3,177) 0
HoldsAt(Meet_ID1_ID3,178) 0
HoldsAt(Meet_ID1_ID3,179) 0
HoldsAt(Meet_ID1_ID3,180) 0
HoldsAt(Meet_ID1_ID3,181) 0
HoldsAt(Meet_ID1_ID3,182) 0
HoldsAt(Meet_ID1_ID3,183) 0
HoldsAt(Meet_ID1_ID3,184) 0
HoldsAt(Meet_ID1_ID3,185) 0
HoldsAt(Meet_ID1_ID3,186) 0
HoldsAt(Meet_ID1_ID3,187) 0
HoldsAt(Meet_ID1_ID3,188) 0
HoldsAt(Meet_ID1_ID3,189) 0
HoldsAt(Meet_ID1_ID3,190) 0
HoldsAt(Meet_ID1_ID3,191) 0
HoldsAt(Meet_ID1_ID3,192) 0
HoldsAt(Meet_ID1_ID3,193) 0
HoldsAt(Meet_ID1_ID3,194) 0
HoldsAt(Meet_ID1_ID3,195) 0
HoldsAt(Meet_ID1_ID3,196) 0
HoldsAt(Meet_ID1_ID3,197) 0
HoldsAt(Meet_ID1_ID3,198) 0
HoldsAt(Meet_ID1_ID3,199) 0
HoldsAt(Meet_ID1_ID3,200) 0
HoldsAt(Meet_ID1_ID3,201) 0
HoldsAt(Meet_ID1_ID3,202) 0
HoldsAt(Meet_ID1_ID3,203) 0
HoldsAt(Meet_ID1_ID3,204) 0
HoldsAt(Meet_ID1_ID3,205) 0
HoldsAt(Meet_ID1_ID3,206) 0
HoldsAt(Meet_ID1_ID3,207) 0
HoldsAt(Meet_ID1_ID3,208) 0
HoldsAt(Meet_ID1_ID3,209) 0
HoldsAt(Meet_ID1_ID3,210) 0
HoldsAt(Meet_ID1_ID3,211) 0
HoldsAt(Meet_ID1_ID3,212) 0
HoldsAt(Meet_ID1_ID3,213) 0
HoldsAt(Meet_ID1_ID3,214) 0
HoldsAt(Meet_ID1_ID3,215) 0
HoldsAt(Meet_ID1_ID3,216) 0
HoldsAt(Meet_ID1_ID3,217) 0
HoldsAt(Meet_ID1_ID3,218) 0
HoldsAt(Meet_ID1_ID3,219) 0
HoldsAt(Meet_ID1_ID3,220) 0
HoldsAt(Meet_ID1_ID3,221) 0
HoldsAt(Meet_ID1_ID3,222) 0
HoldsAt(Meet_ID1_ID3,223) 0
HoldsAt(Meet_ID1_ID3,224) 0
HoldsAt(Meet_ID1_ID3,225) 0
HoldsAt(Meet_ID1_ID3,226) 0
HoldsAt(Meet_ID1_ID3,227) 0
HoldsAt(Meet_ID1_ID3,228) 0
HoldsAt(Meet_ID1_ID3,229) 0
HoldsAt(Meet_ID1_ID3,230) 0
HoldsAt(Meet_ID1_ID3,231) 0
HoldsAt(Meet_ID1_ID3,232) 0
HoldsAt(Meet_ID1_ID3,233) 0
HoldsAt(Meet_ID1_ID3,234) 0
HoldsAt(Meet_ID1_ID3,235) 0
HoldsAt(Meet_ID1_ID3,236) 0
HoldsAt(Meet_ID1_ID3,237) 0
HoldsAt(Meet_ID1_ID3,238) 0
HoldsAt(Meet_ID1_ID3,239) 0
HoldsAt(Meet_ID1_ID3,240) 0
HoldsAt(Meet_ID1_ID3,241) 0
HoldsAt(Meet_ID1_ID3,242) 0
HoldsAt(Meet_ID1_ID3,243) 0
HoldsAt(Meet_ID1_ID3,244) 0
HoldsAt(Meet_ID1_ID3,245) 0
HoldsAt(Meet_ID1_ID3,246) 0
HoldsAt(Meet_ID1_ID3,247) 0
HoldsAt(Meet_ID1_ID3,248) 0
HoldsAt(Meet_ID1_ID3,249) 0
HoldsAt(Meet_ID1_ID3,250) 0
HoldsAt(Meet_ID1_ID3,251) 0
HoldsAt(Meet_ID1_ID3,252) 0
HoldsAt(Meet_ID1_ID3,253) 0
HoldsAt(Meet_ID1_ID3,254) 0
HoldsAt(Meet_ID1_ID3,255) 0
HoldsAt(Meet_ID1_ID3,256) 0
HoldsAt(Meet_ID1_ID3,257) 0
HoldsAt(Meet_ID1_ID3,258) 0
HoldsAt(Meet_ID1_ID3,259) 0
HoldsAt(Meet_ID1_ID3,260) 0
HoldsAt(Meet_ID1_ID3,261) 0
HoldsAt(Meet_ID1_ID3,262) 0
HoldsAt(Meet_ID1_ID3,263) 0
HoldsAt(Meet_ID1_ID3,264) 0
HoldsAt(Meet_ID1_ID3,265) 0
HoldsAt(Meet_ID1_ID3,266) 0
HoldsAt(Meet_ID1_ID3,267) 0
HoldsAt(Meet_ID1_ID3,268) 0
HoldsAt(Meet_ID1_ID3,269) 0
HoldsAt(Meet_ID1_ID3,270) 0
HoldsAt(Meet_ID1_ID3,271) 0
HoldsAt(Meet_ID1_ID3,272) 0
HoldsAt(Meet_ID1_ID3,273) 0
HoldsAt(Meet_ID1_ID3,274) 0
HoldsAt(Meet_ID1_ID3,275) 0
HoldsAt(Meet_ID1_ID3,276) 0
HoldsAt(Meet_ID1_ID3,277) 0
HoldsAt(Meet_ID1_ID3,278) 0
HoldsAt(Meet_ID1_ID3,279) 0
HoldsAt(Meet_ID1_ID3,280) 0
HoldsAt(Meet_ID1_ID3,281) 0
HoldsAt(Meet_ID1_ID3,282) 0
HoldsAt(Meet_ID1_ID3,283) 0
HoldsAt(Meet_ID1_ID3,284) 0
HoldsAt(Meet_ID1_ID3,285) 0
HoldsAt(Meet_ID1_ID3,286) 0
HoldsAt(Meet_ID1_ID3,287) 0
HoldsAt(Meet_ID1_ID3,288) 0
HoldsAt(Meet_ID1_ID3,289) 0
HoldsAt(Meet_ID1_ID3,290) 0
HoldsAt(Meet_ID1_ID3,291) 0
HoldsAt(Meet_ID1_ID3,292) 0
HoldsAt(Meet_ID1_ID3,293) 0
HoldsAt(Meet_ID1_ID3,294) 0
HoldsAt(Meet_ID1_ID3,295) 0
HoldsAt(Meet_ID1_ID3,296) 0
HoldsAt(Meet_ID1_ID3,297) 0
HoldsAt(Meet_ID1_ID3,298) 0
HoldsAt(Meet_ID1_ID3,299) 0
HoldsAt(Meet_ID1_ID3,300) 0
HoldsAt(Meet_ID1_ID3,301) 0
HoldsAt(Meet_ID1_ID3,302) 0
HoldsAt(Meet_ID1_ID3,303) 0
HoldsAt(Meet_ID1_ID3,304) 0
HoldsAt(Meet_ID1_ID3,305) 0
HoldsAt(Meet_ID1_ID3,306) 0
HoldsAt(Meet_ID1_ID3,307) 0
HoldsAt(Meet_ID1_ID3,308) 0
HoldsAt(Meet_ID1_ID3,309) 0
HoldsAt(Meet_ID1_ID3,310) 0
HoldsAt(Meet_ID1_ID3,311) 0
HoldsAt(Meet_ID1_ID3,312) 0
HoldsAt(Meet_ID1_ID3,313) 0
HoldsAt(Meet_ID1_ID3,314) 0
HoldsAt(Meet_ID1_ID3,315) 0
HoldsAt(Meet_ID1_ID3,316) 0
HoldsAt(Meet_ID1_ID3,317) 0
HoldsAt(Meet_ID1_ID3,318) 0
HoldsAt(Meet_ID1_ID3,319) 0
HoldsAt(Meet_ID1_ID3,320) 0
HoldsAt(Meet_ID1_ID3,321) 0
HoldsAt(Meet_ID1_ID3,322) 0
HoldsAt(Meet_ID1_ID3,323) 0
HoldsAt(Meet_ID1_ID3,324) 0
HoldsAt(Meet_ID1_ID3,325) 0
HoldsAt(Meet_ID1_ID3,326) 0
HoldsAt(Meet_ID1_ID3,327) 0
HoldsAt(Meet_ID1_ID3,328) 0
HoldsAt(Meet_ID1_ID3,329) 0
HoldsAt(Meet_ID1_ID3,330) 0
HoldsAt(Meet_ID1_ID3,331) 0
HoldsAt(Meet_ID1_ID3,332) 0
HoldsAt(Meet_ID1_ID3,333) 0
HoldsAt(Meet_ID1_ID3,334) 0
HoldsAt(Meet_ID1_ID3,335) 0
HoldsAt(Meet_ID1_ID3,336) 0
HoldsAt(Meet_ID1_ID3,337) 0
HoldsAt(Meet_ID1_ID3,338) 0
HoldsAt(Meet_ID1_ID3,339) 0
HoldsAt(Meet_ID1_ID3,340) 0
HoldsAt(Meet_ID1_ID3,341) 0
HoldsAt(Meet_ID1_ID3,342) 0
HoldsAt(Meet_ID1_ID3,343) 0
HoldsAt(Meet_ID1_ID3,344) 0
HoldsAt(Meet_ID1_ID3,345) 0
HoldsAt(Meet_ID1_ID3,346) 0
HoldsAt(Meet_ID1_ID3,347) 0
HoldsAt(Meet_ID1_ID3,348) 0
HoldsAt(Meet_ID1_ID3,349) 0
HoldsAt(Meet_ID1_ID3,350) 0
HoldsAt(Meet_ID1_ID3,351) 0
HoldsAt(Meet_ID1_ID3,31) 0
HoldsAt(Meet_ID1_ID3,32) 0
HoldsAt(Meet_ID1_ID3,33) 0
HoldsAt(Meet_ID1_ID3,34) 0
HoldsAt(Meet_ID1_ID3,35) 0
HoldsAt(Meet_ID1_ID3,36) 0
HoldsAt(Meet_ID1_ID3,37) 0
HoldsAt(Meet_ID1_ID3,38) 0
HoldsAt(Meet_ID1_ID3,39) 0
HoldsAt(Meet_ID1_ID3,352) 0
HoldsAt(Meet_ID1_ID3,353) 0
HoldsAt(Meet_ID1_ID3,354) 0
HoldsAt(Meet_ID1_ID3,355) 0
HoldsAt(Meet_ID1_ID3,356) 0
HoldsAt(Meet_ID1_ID3,357) 0
HoldsAt(Meet_ID1_ID3,358) 0
HoldsAt(Meet_ID1_ID3,359) 0
HoldsAt(Meet_ID1_ID3,360) 0
HoldsAt(Meet_ID1_ID3,361) 0
HoldsAt(Meet_ID1_ID3,362) 0
HoldsAt(Meet_ID1_ID3,363) 0
HoldsAt(Meet_ID1_ID3,364) 0
HoldsAt(Meet_ID1_ID3,365) 0
HoldsAt(Meet_ID1_ID3,366) 0
HoldsAt(Meet_ID1_ID3,367) 0
HoldsAt(Meet_ID1_ID3,368) 0
HoldsAt(Meet_ID1_ID3,369) 0
HoldsAt(Meet_ID1_ID3,370) 0
HoldsAt(Meet_ID1_ID3,371) 0
HoldsAt(Meet_ID1_ID3,372) 0
HoldsAt(Meet_ID1_ID3,373) 0
HoldsAt(Meet_ID1_ID3,374) 0
HoldsAt(Meet_ID1_ID3,375) 0
HoldsAt(Meet_ID1_ID3,376) 0
HoldsAt(Meet_ID3_ID1,40) 0
HoldsAt(Meet_ID3_ID1,41) 0
HoldsAt(Meet_ID3_ID1,42) 0
HoldsAt(Meet_ID3_ID1,43) 0
HoldsAt(Meet_ID3_ID1,44) 0
HoldsAt(Meet_ID3_ID1,45) 0
HoldsAt(Meet_ID3_ID1,46) 0
HoldsAt(Meet_ID3_ID1,47) 0
HoldsAt(Meet_ID3_ID1,48) 0
HoldsAt(Meet_ID3_ID1,49) 0
HoldsAt(Meet_ID3_ID1,50) 0
HoldsAt(Meet_ID3_ID1,51) 0
HoldsAt(Meet_ID3_ID1,52) 0
HoldsAt(Meet_ID3_ID1,53) 0
HoldsAt(Meet_ID3_ID1,54) 0
HoldsAt(Meet_ID3_ID1,55) 0
HoldsAt(Meet_ID3_ID1,56) 0
HoldsAt(Meet_ID3_ID1,57) 0
HoldsAt(Meet_ID3_ID1,58) 0
HoldsAt(Meet_ID3_ID1,59) 0
HoldsAt(Meet_ID3_ID1,60) 0
HoldsAt(Meet_ID3_ID1,61) 0
HoldsAt(Meet_ID3_ID1,62) 0
HoldsAt(Meet_ID3_ID1,63) 0
HoldsAt(Meet_ID3_ID1,64) 0
HoldsAt(Meet_ID3_ID1,65) 0
HoldsAt(Meet_ID3_ID1,66) 0
HoldsAt(Meet_ID3_ID1,67) 0
HoldsAt(Meet_ID3_ID1,68) 0
HoldsAt(Meet_ID3_ID1,69) 0
HoldsAt(Meet_ID3_ID1,70) 0
HoldsAt(Meet_ID3_ID1,71) 0
HoldsAt(Meet_ID3_ID1,72) 0
HoldsAt(Meet_ID3_ID1,73) 0
HoldsAt(Meet_ID3_ID1,74) 0
HoldsAt(Meet_ID3_ID1,75) 0
HoldsAt(Meet_ID3_ID1,76) 0
HoldsAt(Meet_ID3_ID1,77) 0
HoldsAt(Meet_ID3_ID1,78) 0
HoldsAt(Meet_ID3_ID1,79) 0
HoldsAt(Meet_ID3_ID1,80) 0
HoldsAt(Meet_ID3_ID1,81) 0
HoldsAt(Meet_ID3_ID1,82) 0
HoldsAt(Meet_ID3_ID1,83) 0
HoldsAt(Meet_ID3_ID1,84) 0
HoldsAt(Meet_ID3_ID1,85) 0
HoldsAt(Meet_ID3_ID1,86) 0
HoldsAt(Meet_ID3_ID1,87) 0
HoldsAt(Meet_ID3_ID1,88) 0
HoldsAt(Meet_ID3_ID1,89) 0
HoldsAt(Meet_ID3_ID1,90) 0
HoldsAt(Meet_ID3_ID1,91) 0
HoldsAt(Meet_ID3_ID1,92) 0
HoldsAt(Meet_ID3_ID1,93) 0
HoldsAt(Meet_ID3_ID1,94) 0
HoldsAt(Meet_ID3_ID1,95) 0
HoldsAt(Meet_ID3_ID1,96) 0
HoldsAt(Meet_ID3_ID1,97) 0
HoldsAt(Meet_ID3_ID1,98) 0
HoldsAt(Meet_ID3_ID1,99) 0
HoldsAt(Meet_ID3_ID1,100) 0
HoldsAt(Meet_ID3_ID1,101) 0
HoldsAt(Meet_ID3_ID1,102) 0
HoldsAt(Meet_ID3_ID1,103) 0
HoldsAt(Meet_ID3_ID1,104) 0
HoldsAt(Meet_ID3_ID1,105) 0
HoldsAt(Meet_ID3_ID1,106) 0
HoldsAt(Meet_ID3_ID1,107) 0
HoldsAt(Meet_ID3_ID1,108) 0
HoldsAt(Meet_ID3_ID1,109) 0
HoldsAt(Meet_ID3_ID1,110) 0
HoldsAt(Meet_ID3_ID1,111) 0
HoldsAt(Meet_ID3_ID1,112) 0
HoldsAt(Meet_ID3_ID1,113) 0
HoldsAt(Meet_ID3_ID1,114) 0
HoldsAt(Meet_ID3_ID1,115) 0
HoldsAt(Meet_ID3_ID1,116) 0
HoldsAt(Meet_ID3_ID1,117) 0
HoldsAt(Meet_ID3_ID1,118) 0
HoldsAt(Meet_ID3_ID1,119) 0
HoldsAt(Meet_ID3_ID1,120) 0
HoldsAt(Meet_ID3_ID1,121) 0
HoldsAt(Meet_ID3_ID1,122) 0
HoldsAt(Meet_ID3_ID1,123) 0
HoldsAt(Meet_ID3_ID1,124) 0
HoldsAt(Meet_ID3_ID1,125) 0
HoldsAt(Meet_ID3_ID1,126) 0
HoldsAt(Meet_ID3_ID1,127) 0
HoldsAt(Meet_ID3_ID1,128) 0
HoldsAt(Meet_ID3_ID1,129) 0
HoldsAt(Meet_ID3_ID1,130) 0
HoldsAt(Meet_ID3_ID1,131) 0
HoldsAt(Meet_ID3_ID1,132) 0
HoldsAt(Meet_ID3_ID1,133) 0
HoldsAt(Meet_ID3_ID1,134) 0
HoldsAt(Meet_ID3_ID1,135) 0
HoldsAt(Meet_ID3_ID1,136) 0
HoldsAt(Meet_ID3_ID1,137) 0
HoldsAt(Meet_ID3_ID1,138) 0
HoldsAt(Meet_ID3_ID1,139) 0
HoldsAt(Meet_ID3_ID1,140) 0
HoldsAt(Meet_ID3_ID1,141) 0
HoldsAt(Meet_ID3_ID1,142) 0
HoldsAt(Meet_ID3_ID1,143) 0
HoldsAt(Meet_ID3_ID1,144) 0
HoldsAt(Meet_ID3_ID1,145) 0
HoldsAt(Meet_ID3_ID1,146) 0
HoldsAt(Meet_ID3_ID1,147) 0
HoldsAt(Meet_ID3_ID1,148) 0
HoldsAt(Meet_ID3_ID1,149) 0
HoldsAt(Meet_ID3_ID1,150) 0
HoldsAt(Meet_ID3_ID1,151) 0
HoldsAt(Meet_ID3_ID1,152) 0
HoldsAt(Meet_ID3_ID1,153) 0
HoldsAt(Meet_ID3_ID1,154) 0
HoldsAt(Meet_ID3_ID1,155) 0
HoldsAt(Meet_ID3_ID1,156) 0
HoldsAt(Meet_ID3_ID1,157) 0
HoldsAt(Meet_ID3_ID1,158) 0
HoldsAt(Meet_ID3_ID1,159) 0
HoldsAt(Meet_ID3_ID1,160) 0
HoldsAt(Meet_ID3_ID1,161) 0
HoldsAt(Meet_ID3_ID1,162) 0
HoldsAt(Meet_ID3_ID1,163) 0
HoldsAt(Meet_ID3_ID1,164) 0
HoldsAt(Meet_ID3_ID1,165) 0
HoldsAt(Meet_ID3_ID1,166) 0
HoldsAt(Meet_ID3_ID1,167) 0
HoldsAt(Meet_ID3_ID1,168) 0
HoldsAt(Meet_ID3_ID1,169) 0
HoldsAt(Meet_ID3_ID1,170) 0
HoldsAt(Meet_ID3_ID1,171) 0
HoldsAt(Meet_ID3_ID1,172) 0
HoldsAt(Meet_ID3_ID1,173) 0
HoldsAt(Meet_ID3_ID1,174) 0
HoldsAt(Meet_ID3_ID1,175) 0
HoldsAt(Meet_ID3_ID1,176) 0
HoldsAt(Meet_ID3_ID1,177) 0
HoldsAt(Meet_ID3_ID1,178) 0
HoldsAt(Meet_ID3_ID1,179) 0
HoldsAt(Meet_ID3_ID1,180) 0
HoldsAt(Meet_ID3_ID1,181) 0
HoldsAt(Meet_ID3_ID1,182) 0
HoldsAt(Meet_ID3_ID1,183) 0
HoldsAt(Meet_ID3_ID1,184) 0
HoldsAt(Meet_ID3_ID1,185) 0
HoldsAt(Meet_ID3_ID1,186) 0
HoldsAt(Meet_ID3_ID1,187) 0
HoldsAt(Meet_ID3_ID1,188) 0
HoldsAt(Meet_ID3_ID1,189) 0
HoldsAt(Meet_ID3_ID1,190) 0
HoldsAt(Meet_ID3_ID1,191) 0
HoldsAt(Meet_ID3_ID1,192) 0
HoldsAt(Meet_ID3_ID1,193) 0
HoldsAt(Meet_ID3_ID1,194) 0
HoldsAt(Meet_ID3_ID1,195) 0
HoldsAt(Meet_ID3_ID1,196) 0
HoldsAt(Meet_ID3_ID1,197) 0
HoldsAt(Meet_ID3_ID1,198) 0
HoldsAt(Meet_ID3_ID1,199) 0
HoldsAt(Meet_ID3_ID1,200) 0
HoldsAt(Meet_ID3_ID1,201) 0
HoldsAt(Meet_ID3_ID1,202) 0
HoldsAt(Meet_ID3_ID1,203) 0
HoldsAt(Meet_ID3_ID1,204) 0
HoldsAt(Meet_ID3_ID1,205) 0
HoldsAt(Meet_ID3_ID1,206) 0
HoldsAt(Meet_ID3_ID1,207) 0
HoldsAt(Meet_ID3_ID1,208) 0
HoldsAt(Meet_ID3_ID1,209) 0
HoldsAt(Meet_ID3_ID1,210) 0
HoldsAt(Meet_ID3_ID1,211) 0
HoldsAt(Meet_ID3_ID1,212) 0
HoldsAt(Meet_ID3_ID1,213) 0
HoldsAt(Meet_ID3_ID1,214) 0
HoldsAt(Meet_ID3_ID1,215) 0
HoldsAt(Meet_ID3_ID1,216) 0
HoldsAt(Meet_ID3_ID1,217) 0
HoldsAt(Meet_ID3_ID1,218) 0
HoldsAt(Meet_ID3_ID1,219) 0
HoldsAt(Meet_ID3_ID1,220) 0
HoldsAt(Meet_ID3_ID1,221) 0
HoldsAt(Meet_ID3_ID1,222) 0
HoldsAt(Meet_ID3_ID1,223) 0
HoldsAt(Meet_ID3_ID1,224) 0
HoldsAt(Meet_ID3_ID1,225) 0
HoldsAt(Meet_ID3_ID1,226) 0
HoldsAt(Meet_ID3_ID1,227) 0
HoldsAt(Meet_ID3_ID1,228) 0
HoldsAt(Meet_ID3_ID1,229) 0
HoldsAt(Meet_ID3_ID1,230) 0
HoldsAt(Meet_ID3_ID1,231) 0
HoldsAt(Meet_ID3_ID1,232) 0
HoldsAt(Meet_ID3_ID1,233) 0
HoldsAt(Meet_ID3_ID1,234) 0
HoldsAt(Meet_ID3_ID1,235) 0
HoldsAt(Meet_ID3_ID1,236) 0
HoldsAt(Meet_ID3_ID1,237) 0
HoldsAt(Meet_ID3_ID1,238) 0
HoldsAt(Meet_ID3_ID1,239) 0
HoldsAt(Meet_ID3_ID1,240) 0
HoldsAt(Meet_ID3_ID1,241) 0
HoldsAt(Meet_ID3_ID1,242) 0
HoldsAt(Meet_ID3_ID1,243) 0
HoldsAt(Meet_ID3_ID1,244) 0
HoldsAt(Meet_ID3_ID1,245) 0
HoldsAt(Meet_ID3_ID1,246) 0
HoldsAt(Meet_ID3_ID1,247) 0
HoldsAt(Meet_ID3_ID1,248) 0
HoldsAt(Meet_ID3_ID1,249) 0
HoldsAt(Meet_ID3_ID1,250) 0
HoldsAt(Meet_ID3_ID1,251) 0
HoldsAt(Meet_ID3_ID1,252) 0
HoldsAt(Meet_ID3_ID1,253) 0
HoldsAt(Meet_ID3_ID1,254) 0
HoldsAt(Meet_ID3_ID1,255) 0
HoldsAt(Meet_ID3_ID1,256) 0
HoldsAt(Meet_ID3_ID1,257) 0
HoldsAt(Meet_ID3_ID1,258) 0
HoldsAt(Meet_ID3_ID1,259) 0
HoldsAt(Meet_ID3_ID1,260) 0
HoldsAt(Meet_ID3_ID1,261) 0
HoldsAt(Meet_ID3_ID1,262) 0
HoldsAt(Meet_ID3_ID1,263) 0
HoldsAt(Meet_ID3_ID1,264) 0
HoldsAt(Meet_ID3_ID1,265) 0
HoldsAt(Meet_ID3_ID1,266) 0
HoldsAt(Meet_ID3_ID1,267) 0
HoldsAt(Meet_ID3_ID1,268) 0
HoldsAt(Meet_ID3_ID1,269) 0
HoldsAt(Meet_ID3_ID1,270) 0
HoldsAt(Meet_ID3_ID1,271) 0
HoldsAt(Meet_ID3_ID1,272) 0
HoldsAt(Meet_ID3_ID1,273) 0
HoldsAt(Meet_ID3_ID1,274) 0
HoldsAt(Meet_ID3_ID1,275) 0
HoldsAt(Meet_ID3_ID1,276) 0
HoldsAt(Meet_ID3_ID1,277) 0
HoldsAt(Meet_ID3_ID1,278) 0
HoldsAt(Meet_ID3_ID1,279) 0
HoldsAt(Meet_ID3_ID1,280) 0
HoldsAt(Meet_ID3_ID1,281) 0
HoldsAt(Meet_ID3_ID1,282) 0
HoldsAt(Meet_ID3_ID1,283) 0
HoldsAt(Meet_ID3_ID1,284) 0
HoldsAt(Meet_ID3_ID1,285) 0
HoldsAt(Meet_ID3_ID1,286) 0
HoldsAt(Meet_ID3_ID1,287) 0
HoldsAt(Meet_ID3_ID1,288) 0
HoldsAt(Meet_ID3_ID1,289) 0
HoldsAt(Meet_ID3_ID1,290) 0
HoldsAt(Meet_ID3_ID1,291) 0
HoldsAt(Meet_ID3_ID1,292) 0
HoldsAt(Meet_ID3_ID1,293) 0
HoldsAt(Meet_ID3_ID1,294) 0
HoldsAt(Meet_ID3_ID1,295) 0
HoldsAt(Meet_ID3_ID1,296) 0
HoldsAt(Meet_ID3_ID1,297) 0
HoldsAt(Meet_ID3_ID1,298) 0
HoldsAt(Meet_ID3_ID1,299) 0
HoldsAt(Meet_ID3_ID1,300) 0
HoldsAt(Meet_ID3_ID1,301) 0
HoldsAt(Meet_ID3_ID1,302) 0
HoldsAt(Meet_ID3_ID1,303) 0
HoldsAt(Meet_ID3_ID1,304) 0
HoldsAt(Meet_ID3_ID1,305) 0
HoldsAt(Meet_ID3_ID1,306) 0
HoldsAt(Meet_ID3_ID1,307) 0
HoldsAt(Meet_ID3_ID1,308) 0
HoldsAt(Meet_ID3_ID1,309) 0
HoldsAt(Meet_ID3_ID1,310) 0
HoldsAt(Meet_ID3_ID1,311) 0
HoldsAt(Meet_ID3_ID1,312) 0
HoldsAt(Meet_ID3_ID1,313) 0
HoldsAt(Meet_ID3_ID1,314) 0
HoldsAt(Meet_ID3_ID1,315) 0
HoldsAt(Meet_ID3_ID1,316) 0
HoldsAt(Meet_ID3_ID1,317) 0
HoldsAt(Meet_ID3_ID1,318) 0
HoldsAt(Meet_ID3_ID1,319) 0
HoldsAt(Meet_ID3_ID1,320) 0
HoldsAt(Meet_ID3_ID1,321) 0
HoldsAt(Meet_ID3_ID1,322) 0
HoldsAt(Meet_ID3_ID1,323) 0
HoldsAt(Meet_ID3_ID1,324) 0
HoldsAt(Meet_ID3_ID1,325) 0
HoldsAt(Meet_ID3_ID1,326) 0
HoldsAt(Meet_ID3_ID1,327) 0
HoldsAt(Meet_ID3_ID1,328) 0
HoldsAt(Meet_ID3_ID1,329) 0
HoldsAt(Meet_ID3_ID1,330) 0
HoldsAt(Meet_ID3_ID1,331) 0
HoldsAt(Meet_ID3_ID1,332) 0
HoldsAt(Meet_ID3_ID1,333) 0
HoldsAt(Meet_ID3_ID1,334) 0
HoldsAt(Meet_ID3_ID1,335) 0
HoldsAt(Meet_ID3_ID1,336) 0
HoldsAt(Meet_ID3_ID1,337) 0
HoldsAt(Meet_ID3_ID1,338) 0
HoldsAt(Meet_ID3_ID1,339) 0
HoldsAt(Meet_ID3_ID1,340) 0
HoldsAt(Meet_ID3_ID1,341) 0
HoldsAt(Meet_ID3_ID1,342) 0
HoldsAt(Meet_ID3_ID1,343) 0
HoldsAt(Meet_ID3_ID1,344) 0
HoldsAt(Meet_ID3_ID1,345) 0
HoldsAt(Meet_ID3_ID1,346) 0
HoldsAt(Meet_ID3_ID1,347) 0
HoldsAt(Meet_ID3_ID1,348) 0
HoldsAt(Meet_ID3_ID1,349) 0
HoldsAt(Meet_ID3_ID1,350) 0
HoldsAt(Meet_ID3_ID1,351) 0
HoldsAt(Meet_ID3_ID1,31) 0
HoldsAt(Meet_ID3_ID1,32) 0
HoldsAt(Meet_ID3_ID1,33) 0
HoldsAt(Meet_ID3_ID1,34) 0
HoldsAt(Meet_ID3_ID1,35) 0
HoldsAt(Meet_ID3_ID1,36) 0
HoldsAt(Meet_ID3_ID1,37) 0
HoldsAt(Meet_ID3_ID1,38) 0
HoldsAt(Meet_ID3_ID1,39) 0
HoldsAt(Meet_ID3_ID1,352) 0
HoldsAt(Meet_ID3_ID1,353) 0
HoldsAt(Meet_ID3_ID1,354) 0
HoldsAt(Meet_ID3_ID1,355) 0
HoldsAt(Meet_ID3_ID1,356) 0
HoldsAt(Meet_ID3_ID1,357) 0
HoldsAt(Meet_ID3_ID1,358) 0
HoldsAt(Meet_ID3_ID1,359) 0
HoldsAt(Meet_ID3_ID1,360) 0
HoldsAt(Meet_ID3_ID1,361) 0
HoldsAt(Meet_ID3_ID1,362) 0
HoldsAt(Meet_ID3_ID1,363) 0
HoldsAt(Meet_ID3_ID1,364) 0
HoldsAt(Meet_ID3_ID1,365) 0
HoldsAt(Meet_ID3_ID1,366) 0
HoldsAt(Meet_ID3_ID1,367) 0
HoldsAt(Meet_ID3_ID1,368) 0
HoldsAt(Meet_ID3_ID1,369) 0
HoldsAt(Meet_ID3_ID1,370) 0
HoldsAt(Meet_ID3_ID1,371) 0
HoldsAt(Meet_ID3_ID1,372) 0
HoldsAt(Meet_ID3_ID1,373) 0
HoldsAt(Meet_ID3_ID1,374) 0
HoldsAt(Meet_ID3_ID1,375) 0
HoldsAt(Meet_ID3_ID1,376) 0
HoldsAt(Meet_ID3_ID3,40) 0
HoldsAt(Meet_ID3_ID3,41) 0
HoldsAt(Meet_ID3_ID3,42) 0
HoldsAt(Meet_ID3_ID3,43) 0
HoldsAt(Meet_ID3_ID3,44) 0
HoldsAt(Meet_ID3_ID3,45) 0
HoldsAt(Meet_ID3_ID3,46) 0
HoldsAt(Meet_ID3_ID3,47) 0
HoldsAt(Meet_ID3_ID3,48) 0
HoldsAt(Meet_ID3_ID3,49) 0
HoldsAt(Meet_ID3_ID3,50) 0
HoldsAt(Meet_ID3_ID3,51) 0
HoldsAt(Meet_ID3_ID3,52) 0
HoldsAt(Meet_ID3_ID3,53) 0
HoldsAt(Meet_ID3_ID3,54) 0
HoldsAt(Meet_ID3_ID3,55) 0
HoldsAt(Meet_ID3_ID3,56) 0
HoldsAt(Meet_ID3_ID3,57) 0
HoldsAt(Meet_ID3_ID3,58) 0
HoldsAt(Meet_ID3_ID3,59) 0
HoldsAt(Meet_ID3_ID3,60) 0
HoldsAt(Meet_ID3_ID3,61) 0
HoldsAt(Meet_ID3_ID3,62) 0
HoldsAt(Meet_ID3_ID3,63) 0
HoldsAt(Meet_ID3_ID3,64) 0
HoldsAt(Meet_ID3_ID3,65) 0
HoldsAt(Meet_ID3_ID3,66) 0
HoldsAt(Meet_ID3_ID3,67) 0
HoldsAt(Meet_ID3_ID3,68) 0
HoldsAt(Meet_ID3_ID3,69) 0
HoldsAt(Meet_ID3_ID3,70) 0
HoldsAt(Meet_ID3_ID3,71) 0
HoldsAt(Meet_ID3_ID3,72) 0
HoldsAt(Meet_ID3_ID3,73) 0
HoldsAt(Meet_ID3_ID3,74) 0
HoldsAt(Meet_ID3_ID3,75) 0
HoldsAt(Meet_ID3_ID3,76) 0
HoldsAt(Meet_ID3_ID3,77) 0
HoldsAt(Meet_ID3_ID3,78) 0
HoldsAt(Meet_ID3_ID3,79) 0
HoldsAt(Meet_ID3_ID3,80) 0
HoldsAt(Meet_ID3_ID3,81) 0
HoldsAt(Meet_ID3_ID3,82) 0
HoldsAt(Meet_ID3_ID3,83) 0
HoldsAt(Meet_ID3_ID3,84) 0
HoldsAt(Meet_ID3_ID3,85) 0
HoldsAt(Meet_ID3_ID3,86) 0
HoldsAt(Meet_ID3_ID3,87) 0
HoldsAt(Meet_ID3_ID3,88) 0
HoldsAt(Meet_ID3_ID3,89) 0
HoldsAt(Meet_ID3_ID3,90) 0
HoldsAt(Meet_ID3_ID3,91) 0
HoldsAt(Meet_ID3_ID3,92) 0
HoldsAt(Meet_ID3_ID3,93) 0
HoldsAt(Meet_ID3_ID3,94) 0
HoldsAt(Meet_ID3_ID3,95) 0
HoldsAt(Meet_ID3_ID3,96) 0
HoldsAt(Meet_ID3_ID3,97) 0
HoldsAt(Meet_ID3_ID3,98) 0
HoldsAt(Meet_ID3_ID3,99) 0
HoldsAt(Meet_ID3_ID3,100) 0
HoldsAt(Meet_ID3_ID3,101) 0
HoldsAt(Meet_ID3_ID3,102) 0
HoldsAt(Meet_ID3_ID3,103) 0
HoldsAt(Meet_ID3_ID3,104) 0
HoldsAt(Meet_ID3_ID3,105) 0
HoldsAt(Meet_ID3_ID3,106) 0
HoldsAt(Meet_ID3_ID3,107) 0
HoldsAt(Meet_ID3_ID3,108) 0
HoldsAt(Meet_ID3_ID3,109) 0
HoldsAt(Meet_ID3_ID3,110) 0
HoldsAt(Meet_ID3_ID3,111) 0
HoldsAt(Meet_ID3_ID3,112) 0
HoldsAt(Meet_ID3_ID3,113) 0
HoldsAt(Meet_ID3_ID3,114) 0
HoldsAt(Meet_ID3_ID3,115) 0
HoldsAt(Meet_ID3_ID3,116) 0
HoldsAt(Meet_ID3_ID3,117) 0
HoldsAt(Meet_ID3_ID3,118) 0
HoldsAt(Meet_ID3_ID3,119) 0
HoldsAt(Meet_ID3_ID3,120) 0
HoldsAt(Meet_ID3_ID3,121) 0
HoldsAt(Meet_ID3_ID3,122) 0
HoldsAt(Meet_ID3_ID3,123) 0
HoldsAt(Meet_ID3_ID3,124) 0
HoldsAt(Meet_ID3_ID3,125) 0
HoldsAt(Meet_ID3_ID3,126) 0
HoldsAt(Meet_ID3_ID3,127) 0
HoldsAt(Meet_ID3_ID3,128) 0
HoldsAt(Meet_ID3_ID3,129) 0
HoldsAt(Meet_ID3_ID3,130) 0
HoldsAt(Meet_ID3_ID3,131) 0
HoldsAt(Meet_ID3_ID3,132) 0
HoldsAt(Meet_ID3_ID3,133) 0
HoldsAt(Meet_ID3_ID3,134) 0
HoldsAt(Meet_ID3_ID3,135) 0
HoldsAt(Meet_ID3_ID3,136) 0
HoldsAt(Meet_ID3_ID3,137) 0
HoldsAt(Meet_ID3_ID3,138) 0
HoldsAt(Meet_ID3_ID3,139) 0
HoldsAt(Meet_ID3_ID3,140) 0
HoldsAt(Meet_ID3_ID3,141) 0
HoldsAt(Meet_ID3_ID3,142) 0
HoldsAt(Meet_ID3_ID3,143) 0
HoldsAt(Meet_ID3_ID3,144) 0
HoldsAt(Meet_ID3_ID3,145) 0
HoldsAt(Meet_ID3_ID3,146) 0
HoldsAt(Meet_ID3_ID3,147) 0
HoldsAt(Meet_ID3_ID3,148) 0
HoldsAt(Meet_ID3_ID3,149) 0
HoldsAt(Meet_ID3_ID3,150) 0
HoldsAt(Meet_ID3_ID3,151) 0
HoldsAt(Meet_ID3_ID3,152) 0
HoldsAt(Meet_ID3_ID3,153) 0
HoldsAt(Meet_ID3_ID3,154) 0
HoldsAt(Meet_ID3_ID3,155) 0
HoldsAt(Meet_ID3_ID3,156) 0
HoldsAt(Meet_ID3_ID3,157) 0
HoldsAt(Meet_ID3_ID3,158) 0
HoldsAt(Meet_ID3_ID3,159) 0
HoldsAt(Meet_ID3_ID3,160) 0
HoldsAt(Meet_ID3_ID3,161) 0
HoldsAt(Meet_ID3_ID3,162) 0
HoldsAt(Meet_ID3_ID3,163) 0
HoldsAt(Meet_ID3_ID3,164) 0
HoldsAt(Meet_ID3_ID3,165) 0
HoldsAt(Meet_ID3_ID3,166) 0
HoldsAt(Meet_ID3_ID3,167) 0
HoldsAt(Meet_ID3_ID3,168) 0
HoldsAt(Meet_ID3_ID3,169) 0
HoldsAt(Meet_ID3_ID3,170) 0
HoldsAt(Meet_ID3_ID3,171) 0
HoldsAt(Meet_ID3_ID3,172) 0
HoldsAt(Meet_ID3_ID3,173) 0
HoldsAt(Meet_ID3_ID3,174) 0
HoldsAt(Meet_ID3_ID3,175) 0
HoldsAt(Meet_ID3_ID3,176) 0
HoldsAt(Meet_ID3_ID3,177) 0
HoldsAt(Meet_ID3_ID3,178) 0
HoldsAt(Meet_ID3_ID3,179) 0
HoldsAt(Meet_ID3_ID3,180) 0
HoldsAt(Meet_ID3_ID3,181) 0
HoldsAt(Meet_ID3_ID3,182) 0
HoldsAt(Meet_ID3_ID3,183) 0
HoldsAt(Meet_ID3_ID3,184) 0
HoldsAt(Meet_ID3_ID3,185) 0
HoldsAt(Meet_ID3_ID3,186) 0
HoldsAt(Meet_ID3_ID3,187) 0
HoldsAt(Meet_ID3_ID3,188) 0
HoldsAt(Meet_ID3_ID3,189) 0
HoldsAt(Meet_ID3_ID3,190) 0
HoldsAt(Meet_ID3_ID3,191) 0
HoldsAt(Meet_ID3_ID3,192) 0
HoldsAt(Meet_ID3_ID3,193) 0
HoldsAt(Meet_ID3_ID3,194) 0
HoldsAt(Meet_ID3_ID3,195) 0
HoldsAt(Meet_ID3_ID3,196) 0
HoldsAt(Meet_ID3_ID3,197) 0
HoldsAt(Meet_ID3_ID3,198) 0
HoldsAt(Meet_ID3_ID3,199) 0
HoldsAt(Meet_ID3_ID3,200) 0
HoldsAt(Meet_ID3_ID3,201) 0
HoldsAt(Meet_ID3_ID3,202) 0
HoldsAt(Meet_ID3_ID3,203) 0
HoldsAt(Meet_ID3_ID3,204) 0
HoldsAt(Meet_ID3_ID3,205) 0
HoldsAt(Meet_ID3_ID3,206) 0
HoldsAt(Meet_ID3_ID3,207) 0
HoldsAt(Meet_ID3_ID3,208) 0
HoldsAt(Meet_ID3_ID3,209) 0
HoldsAt(Meet_ID3_ID3,210) 0
HoldsAt(Meet_ID3_ID3,211) 0
HoldsAt(Meet_ID3_ID3,212) 0
HoldsAt(Meet_ID3_ID3,213) 0
HoldsAt(Meet_ID3_ID3,214) 0
HoldsAt(Meet_ID3_ID3,215) 0
HoldsAt(Meet_ID3_ID3,216) 0
HoldsAt(Meet_ID3_ID3,217) 0
HoldsAt(Meet_ID3_ID3,218) 0
HoldsAt(Meet_ID3_ID3,219) 0
HoldsAt(Meet_ID3_ID3,220) 0
HoldsAt(Meet_ID3_ID3,221) 0
HoldsAt(Meet_ID3_ID3,222) 0
HoldsAt(Meet_ID3_ID3,223) 0
HoldsAt(Meet_ID3_ID3,224) 0
HoldsAt(Meet_ID3_ID3,225) 0
HoldsAt(Meet_ID3_ID3,226) 0
HoldsAt(Meet_ID3_ID3,227) 0
HoldsAt(Meet_ID3_ID3,228) 0
HoldsAt(Meet_ID3_ID3,229) 0
HoldsAt(Meet_ID3_ID3,230) 0
HoldsAt(Meet_ID3_ID3,231) 0
HoldsAt(Meet_ID3_ID3,232) 0
HoldsAt(Meet_ID3_ID3,233) 0
HoldsAt(Meet_ID3_ID3,234) 0
HoldsAt(Meet_ID3_ID3,235) 0
HoldsAt(Meet_ID3_ID3,236) 0
HoldsAt(Meet_ID3_ID3,237) 0
HoldsAt(Meet_ID3_ID3,238) 0
HoldsAt(Meet_ID3_ID3,239) 0
HoldsAt(Meet_ID3_ID3,240) 0
HoldsAt(Meet_ID3_ID3,241) 0
HoldsAt(Meet_ID3_ID3,242) 0
HoldsAt(Meet_ID3_ID3,243) 0
HoldsAt(Meet_ID3_ID3,244) 0
HoldsAt(Meet_ID3_ID3,245) 0
HoldsAt(Meet_ID3_ID3,246) 0
HoldsAt(Meet_ID3_ID3,247) 0
HoldsAt(Meet_ID3_ID3,248) 0
HoldsAt(Meet_ID3_ID3,249) 0
HoldsAt(Meet_ID3_ID3,250) 0
HoldsAt(Meet_ID3_ID3,251) 0
HoldsAt(Meet_ID3_ID3,252) 0
HoldsAt(Meet_ID3_ID3,253) 0
HoldsAt(Meet_ID3_ID3,254) 0
HoldsAt(Meet_ID3_ID3,255) 0
HoldsAt(Meet_ID3_ID3,256) 0
HoldsAt(Meet_ID3_ID3,257) 0
HoldsAt(Meet_ID3_ID3,258) 0
HoldsAt(Meet_ID3_ID3,259) 0
HoldsAt(Meet_ID3_ID3,260) 0
HoldsAt(Meet_ID3_ID3,261) 0
HoldsAt(Meet_ID3_ID3,262) 0
HoldsAt(Meet_ID3_ID3,263) 0
HoldsAt(Meet_ID3_ID3,264) 0
HoldsAt(Meet_ID3_ID3,265) 0
HoldsAt(Meet_ID3_ID3,266) 0
HoldsAt(Meet_ID3_ID3,267) 0
HoldsAt(Meet_ID3_ID3,268) 0
HoldsAt(Meet_ID3_ID3,269) 0
HoldsAt(Meet_ID3_ID3,270) 0
HoldsAt(Meet_ID3_ID3,271) 0
HoldsAt(Meet_ID3_ID3,272) 0
HoldsAt(Meet_ID3_ID3,273) 0
HoldsAt(Meet_ID3_ID3,274) 0
HoldsAt(Meet_ID3_ID3,275) 0
HoldsAt(Meet_ID3_ID3,276) 0
HoldsAt(Meet_ID3_ID3,277) 0
HoldsAt(Meet_ID3_ID3,278) 0
HoldsAt(Meet_ID3_ID3,279) 0
HoldsAt(Meet_ID3_ID3,280) 0
HoldsAt(Meet_ID3_ID3,281) 0
HoldsAt(Meet_ID3_ID3,282) 0
HoldsAt(Meet_ID3_ID3,283) 0
HoldsAt(Meet_ID3_ID3,284) 0
HoldsAt(Meet_ID3_ID3,285) 0
HoldsAt(Meet_ID3_ID3,286) 0
HoldsAt(Meet_ID3_ID3,287) 0
HoldsAt(Meet_ID3_ID3,288) 0
HoldsAt(Meet_ID3_ID3,289) 0
HoldsAt(Meet_ID3_ID3,290) 0
HoldsAt(Meet_ID3_ID3,291) 0
HoldsAt(Meet_ID3_ID3,292) 0
HoldsAt(Meet_ID3_ID3,293) 0
HoldsAt(Meet_ID3_ID3,294) 0
HoldsAt(Meet_ID3_ID3,295) 0
HoldsAt(Meet_ID3_ID3,296) 0
HoldsAt(Meet_ID3_ID3,297) 0
HoldsAt(Meet_ID3_ID3,298) 0
HoldsAt(Meet_ID3_ID3,299) 0
HoldsAt(Meet_ID3_ID3,300) 0
HoldsAt(Meet_ID3_ID3,301) 0
HoldsAt(Meet_ID3_ID3,302) 0
HoldsAt(Meet_ID3_ID3,303) 0
HoldsAt(Meet_ID3_ID3,304) 0
HoldsAt(Meet_ID3_ID3,305) 0
HoldsAt(Meet_ID3_ID3,306) 0
HoldsAt(Meet_ID3_ID3,307) 0
HoldsAt(Meet_ID3_ID3,308) 0
HoldsAt(Meet_ID3_ID3,309) 0
HoldsAt(Meet_ID3_ID3,310) 0
HoldsAt(Meet_ID3_ID3,311) 0
HoldsAt(Meet_ID3_ID3,312) 0
HoldsAt(Meet_ID3_ID3,313) 0
HoldsAt(Meet_ID3_ID3,314) 0
HoldsAt(Meet_ID3_ID3,315) 0
HoldsAt(Meet_ID3_ID3,316) 0
HoldsAt(Meet_ID3_ID3,317) 0
HoldsAt(Meet_ID3_ID3,318) 0
HoldsAt(Meet_ID3_ID3,319) 0
HoldsAt(Meet_ID3_ID3,320) 0
HoldsAt(Meet_ID3_ID3,321) 0
HoldsAt(Meet_ID3_ID3,322) 0
HoldsAt(Meet_ID3_ID3,323) 0
HoldsAt(Meet_ID3_ID3,324) 0
HoldsAt(Meet_ID3_ID3,325) 0
HoldsAt(Meet_ID3_ID3,326) 0
HoldsAt(Meet_ID3_ID3,327) 0
HoldsAt(Meet_ID3_ID3,328) 0
HoldsAt(Meet_ID3_ID3,329) 0
HoldsAt(Meet_ID3_ID3,330) 0
HoldsAt(Meet_ID3_ID3,331) 0
HoldsAt(Meet_ID3_ID3,332) 0
HoldsAt(Meet_ID3_ID3,333) 0
HoldsAt(Meet_ID3_ID3,334) 0
HoldsAt(Meet_ID3_ID3,335) 0
HoldsAt(Meet_ID3_ID3,336) 0
HoldsAt(Meet_ID3_ID3,337) 0
HoldsAt(Meet_ID3_ID3,338) 0
HoldsAt(Meet_ID3_ID3,339) 0
HoldsAt(Meet_ID3_ID3,340) 0
HoldsAt(Meet_ID3_ID3,341) 0
HoldsAt(Meet_ID3_ID3,342) 0
HoldsAt(Meet_ID3_ID3,343) 0
HoldsAt(Meet_ID3_ID3,344) 0
HoldsAt(Meet_ID3_ID3,345) 0
HoldsAt(Meet_ID3_ID3,346) 0
HoldsAt(Meet_ID3_ID3,347) 0
HoldsAt(Meet_ID3_ID3,348) 0
HoldsAt(Meet_ID3_ID3,349) 0
HoldsAt(Meet_ID3_ID3,350) 0
HoldsAt(Meet_ID3_ID3,351) 0
HoldsAt(Meet_ID3_ID3,31) 0
HoldsAt(Meet_ID3_ID3,32) 0
HoldsAt(Meet_ID3_ID3,33) 0
HoldsAt(Meet_ID3_ID3,34) 0
HoldsAt(Meet_ID3_ID3,35) 0
HoldsAt(Meet_ID3_ID3,36) 0
HoldsAt(Meet_ID3_ID3,37) 0
HoldsAt(Meet_ID3_ID3,38) 0
HoldsAt(Meet_ID3_ID3,39) 0
HoldsAt(Meet_ID3_ID3,352) 0
HoldsAt(Meet_ID3_ID3,353) 0
HoldsAt(Meet_ID3_ID3,354) 0
HoldsAt(Meet_ID3_ID3,355) 0
HoldsAt(Meet_ID3_ID3,356) 0
HoldsAt(Meet_ID3_ID3,357) 0
HoldsAt(Meet_ID3_ID3,358) 0
HoldsAt(Meet_ID3_ID3,359) 0
HoldsAt(Meet_ID3_ID3,360) 0
HoldsAt(Meet_ID3_ID3,361) 0
HoldsAt(Meet_ID3_ID3,362) 0
HoldsAt(Meet_ID3_ID3,363) 0
HoldsAt(Meet_ID3_ID3,364) 0
HoldsAt(Meet_ID3_ID3,365) 0
HoldsAt(Meet_ID3_ID3,366) 0
HoldsAt(Meet_ID3_ID3,367) 0
HoldsAt(Meet_ID3_ID3,368) 0
HoldsAt(Meet_ID3_ID3,369) 0
HoldsAt(Meet_ID3_ID3,370) 0
HoldsAt(Meet_ID3_ID3,371) 0
HoldsAt(Meet_ID3_ID3,372) 0
HoldsAt(Meet_ID3_ID3,373) 0
HoldsAt(Meet_ID3_ID3,374) 0
HoldsAt(Meet_ID3_ID3,375) 0
HoldsAt(Meet_ID3_ID3,376) 0
