HoldsAt(Meet_ID1_ID1,0) 0
HoldsAt(Meet_ID1_ID1,1) 0
HoldsAt(Meet_ID1_ID1,2) 0
HoldsAt(Meet_ID1_ID1,3) 0
HoldsAt(Meet_ID1_ID1,4) 0
HoldsAt(Meet_ID1_ID1,5) 0
HoldsAt(Meet_ID1_ID1,6) 0
HoldsAt(Meet_ID1_ID1,7) 0
HoldsAt(Meet_ID1_ID1,8) 0
HoldsAt(Meet_ID1_ID1,9) 0
HoldsAt(Meet_ID1_ID1,10) 0
HoldsAt(Meet_ID1_ID1,11) 0
HoldsAt(Meet_ID1_ID1,12) 0
HoldsAt(Meet_ID1_ID1,13) 0
HoldsAt(Meet_ID1_ID1,14) 0
HoldsAt(Meet_ID1_ID1,15) 0
HoldsAt(Meet_ID1_ID1,16) 0
HoldsAt(Meet_ID1_ID1,17) 0
HoldsAt(Meet_ID1_ID1,18) 0
HoldsAt(Meet_ID1_ID1,19) 0
HoldsAt(Meet_ID1_ID1,20) 0
HoldsAt(Meet_ID1_ID1,21) 0
HoldsAt(Meet_ID1_ID1,22) 0
HoldsAt(Meet_ID1_ID1,23) 0
HoldsAt(Meet_ID1_ID1,24) 0
HoldsAt(Meet_ID1_ID1,25) 0
HoldsAt(Meet_ID1_ID1,26) 0
HoldsAt(Meet_ID1_ID1,27) 0
HoldsAt(Meet_ID1_ID1,28) 0
HoldsAt(Meet_ID1_ID1,29) 0
HoldsAt(Meet_ID1_ID1,30) 0
HoldsAt(Meet_ID1_ID1,31) 0
HoldsAt(Meet_ID1_ID1,32) 0
HoldsAt(Meet_ID1_ID1,33) 0
HoldsAt(Meet_ID1_ID1,34) 0
HoldsAt(Meet_ID1_ID1,35) 0
HoldsAt(Meet_ID1_ID1,36) 0
HoldsAt(Meet_ID1_ID1,37) 0
HoldsAt(Meet_ID1_ID1,38) 0
HoldsAt(Meet_ID1_ID1,39) 0
HoldsAt(Meet_ID1_ID1,40) 0
HoldsAt(Meet_ID1_ID1,41) 0
HoldsAt(Meet_ID1_ID1,42) 0
HoldsAt(Meet_ID1_ID1,43) 0
HoldsAt(Meet_ID1_ID1,44) 0
HoldsAt(Meet_ID1_ID1,45) 0
HoldsAt(Meet_ID1_ID1,46) 0
HoldsAt(Meet_ID1_ID1,47) 0
HoldsAt(Meet_ID1_ID1,48) 0
HoldsAt(Meet_ID1_ID1,49) 0
HoldsAt(Meet_ID1_ID1,50) 0
HoldsAt(Meet_ID1_ID1,51) 0
HoldsAt(Meet_ID1_ID1,52) 0
HoldsAt(Meet_ID1_ID1,53) 0
HoldsAt(Meet_ID1_ID1,54) 0
HoldsAt(Meet_ID1_ID1,55) 0
HoldsAt(Meet_ID1_ID1,56) 0
HoldsAt(Meet_ID1_ID1,57) 0
HoldsAt(Meet_ID1_ID1,58) 0
HoldsAt(Meet_ID1_ID1,59) 0
HoldsAt(Meet_ID1_ID1,60) 0
HoldsAt(Meet_ID1_ID1,61) 0
HoldsAt(Meet_ID1_ID1,62) 0
HoldsAt(Meet_ID1_ID1,63) 0
HoldsAt(Meet_ID1_ID1,64) 0
HoldsAt(Meet_ID1_ID1,65) 0
HoldsAt(Meet_ID1_ID1,66) 0
HoldsAt(Meet_ID1_ID1,67) 0
HoldsAt(Meet_ID1_ID1,68) 0
HoldsAt(Meet_ID1_ID1,69) 0
HoldsAt(Meet_ID1_ID1,70) 0
HoldsAt(Meet_ID1_ID1,71) 0
HoldsAt(Meet_ID1_ID1,72) 0
HoldsAt(Meet_ID1_ID1,73) 0
HoldsAt(Meet_ID1_ID1,74) 0
HoldsAt(Meet_ID1_ID1,75) 0
HoldsAt(Meet_ID1_ID1,76) 0
HoldsAt(Meet_ID1_ID1,77) 0
HoldsAt(Meet_ID1_ID1,78) 0
HoldsAt(Meet_ID1_ID1,79) 0
HoldsAt(Meet_ID1_ID1,80) 0
HoldsAt(Meet_ID1_ID1,81) 0
HoldsAt(Meet_ID1_ID1,82) 0
HoldsAt(Meet_ID1_ID1,83) 0
HoldsAt(Meet_ID1_ID1,84) 0
HoldsAt(Meet_ID1_ID1,85) 0
HoldsAt(Meet_ID1_ID1,86) 0
HoldsAt(Meet_ID1_ID1,87) 0
HoldsAt(Meet_ID1_ID1,88) 0
HoldsAt(Meet_ID1_ID1,89) 0
HoldsAt(Meet_ID1_ID1,90) 0
HoldsAt(Meet_ID1_ID1,91) 0
HoldsAt(Meet_ID1_ID1,92) 0
HoldsAt(Meet_ID1_ID1,93) 0
HoldsAt(Meet_ID1_ID1,94) 0
HoldsAt(Meet_ID1_ID1,95) 0
HoldsAt(Meet_ID1_ID1,96) 0
HoldsAt(Meet_ID1_ID1,97) 0
HoldsAt(Meet_ID1_ID1,98) 0
HoldsAt(Meet_ID1_ID1,99) 0
HoldsAt(Meet_ID1_ID1,100) 0
HoldsAt(Meet_ID1_ID1,101) 0
HoldsAt(Meet_ID1_ID1,102) 0
HoldsAt(Meet_ID1_ID1,103) 0
HoldsAt(Meet_ID1_ID1,104) 0
HoldsAt(Meet_ID1_ID1,105) 0
HoldsAt(Meet_ID1_ID1,106) 0
HoldsAt(Meet_ID1_ID1,107) 0
HoldsAt(Meet_ID1_ID1,108) 0
HoldsAt(Meet_ID1_ID1,109) 0
HoldsAt(Meet_ID1_ID1,110) 0
HoldsAt(Meet_ID1_ID1,111) 0
HoldsAt(Meet_ID1_ID1,112) 0
HoldsAt(Meet_ID1_ID1,113) 0
HoldsAt(Meet_ID1_ID1,114) 0
HoldsAt(Meet_ID1_ID1,115) 0
HoldsAt(Meet_ID1_ID1,116) 0
HoldsAt(Meet_ID1_ID1,117) 0
HoldsAt(Meet_ID1_ID1,118) 0
HoldsAt(Meet_ID1_ID1,119) 0
HoldsAt(Meet_ID1_ID1,120) 0
HoldsAt(Meet_ID1_ID1,121) 0
HoldsAt(Meet_ID1_ID1,122) 0
HoldsAt(Meet_ID1_ID1,123) 0
HoldsAt(Meet_ID1_ID1,124) 0
HoldsAt(Meet_ID1_ID1,125) 0
HoldsAt(Meet_ID1_ID1,126) 0
HoldsAt(Meet_ID1_ID1,127) 0
HoldsAt(Meet_ID1_ID1,128) 0
HoldsAt(Meet_ID1_ID1,129) 0
HoldsAt(Meet_ID1_ID1,130) 0
HoldsAt(Meet_ID1_ID1,131) 0
HoldsAt(Meet_ID1_ID1,132) 0
HoldsAt(Meet_ID1_ID1,133) 0
HoldsAt(Meet_ID1_ID1,134) 0
HoldsAt(Meet_ID1_ID1,135) 0
HoldsAt(Meet_ID1_ID1,136) 0
HoldsAt(Meet_ID1_ID1,137) 0
HoldsAt(Meet_ID1_ID1,138) 0
HoldsAt(Meet_ID1_ID1,139) 0
HoldsAt(Meet_ID1_ID1,140) 0
HoldsAt(Meet_ID1_ID1,141) 0
HoldsAt(Meet_ID1_ID1,142) 0
HoldsAt(Meet_ID1_ID1,143) 0
HoldsAt(Meet_ID1_ID1,144) 0
HoldsAt(Meet_ID1_ID1,145) 0
HoldsAt(Meet_ID1_ID1,146) 0
HoldsAt(Meet_ID1_ID1,147) 0
HoldsAt(Meet_ID1_ID1,148) 0
HoldsAt(Meet_ID1_ID1,149) 0
HoldsAt(Meet_ID1_ID1,150) 0
HoldsAt(Meet_ID1_ID1,151) 0
HoldsAt(Meet_ID1_ID1,152) 0
HoldsAt(Meet_ID1_ID1,153) 0
HoldsAt(Meet_ID1_ID1,154) 0
HoldsAt(Meet_ID1_ID1,155) 0
HoldsAt(Meet_ID1_ID1,156) 0
HoldsAt(Meet_ID1_ID1,157) 0
HoldsAt(Meet_ID1_ID1,158) 0
HoldsAt(Meet_ID1_ID1,159) 0
HoldsAt(Meet_ID1_ID1,160) 0
HoldsAt(Meet_ID1_ID1,161) 0
HoldsAt(Meet_ID1_ID1,162) 0
HoldsAt(Meet_ID1_ID1,163) 0
HoldsAt(Meet_ID1_ID1,164) 0
HoldsAt(Meet_ID1_ID1,165) 0
HoldsAt(Meet_ID1_ID1,166) 0
HoldsAt(Meet_ID1_ID1,167) 0
HoldsAt(Meet_ID1_ID1,168) 0
HoldsAt(Meet_ID1_ID1,169) 0
HoldsAt(Meet_ID1_ID1,170) 0
HoldsAt(Meet_ID1_ID1,171) 0
HoldsAt(Meet_ID1_ID1,172) 0
HoldsAt(Meet_ID1_ID1,173) 0
HoldsAt(Meet_ID1_ID1,174) 0
HoldsAt(Meet_ID1_ID1,175) 0
HoldsAt(Meet_ID1_ID1,176) 0
HoldsAt(Meet_ID1_ID1,177) 0
HoldsAt(Meet_ID1_ID1,178) 0
HoldsAt(Meet_ID1_ID1,179) 0
HoldsAt(Meet_ID1_ID1,180) 0
HoldsAt(Meet_ID1_ID1,181) 0
HoldsAt(Meet_ID1_ID1,182) 0
HoldsAt(Meet_ID1_ID1,183) 0
HoldsAt(Meet_ID1_ID1,184) 0
HoldsAt(Meet_ID1_ID1,185) 0
HoldsAt(Meet_ID1_ID1,186) 0
HoldsAt(Meet_ID1_ID1,187) 0
HoldsAt(Meet_ID1_ID1,188) 0
HoldsAt(Meet_ID1_ID1,189) 0
HoldsAt(Meet_ID1_ID1,190) 0
HoldsAt(Meet_ID1_ID1,191) 0
HoldsAt(Meet_ID1_ID1,192) 0
HoldsAt(Meet_ID1_ID1,193) 0
HoldsAt(Meet_ID1_ID1,194) 0
HoldsAt(Meet_ID1_ID1,195) 0
HoldsAt(Meet_ID1_ID1,196) 0
HoldsAt(Meet_ID1_ID1,197) 0
HoldsAt(Meet_ID1_ID1,198) 0
HoldsAt(Meet_ID1_ID1,199) 0
HoldsAt(Meet_ID1_ID1,200) 0
HoldsAt(Meet_ID1_ID1,201) 0
HoldsAt(Meet_ID1_ID1,202) 0
HoldsAt(Meet_ID1_ID1,203) 0
HoldsAt(Meet_ID1_ID1,204) 0
HoldsAt(Meet_ID1_ID1,205) 0
HoldsAt(Meet_ID1_ID1,206) 0
HoldsAt(Meet_ID1_ID1,207) 0
HoldsAt(Meet_ID1_ID1,208) 0
HoldsAt(Meet_ID1_ID1,209) 0
HoldsAt(Meet_ID1_ID1,210) 0
HoldsAt(Meet_ID1_ID1,211) 0
HoldsAt(Meet_ID1_ID1,212) 0
HoldsAt(Meet_ID1_ID1,213) 0
HoldsAt(Meet_ID1_ID1,214) 0
HoldsAt(Meet_ID1_ID1,215) 0
HoldsAt(Meet_ID1_ID1,216) 0
HoldsAt(Meet_ID1_ID1,217) 0
HoldsAt(Meet_ID1_ID1,218) 0
HoldsAt(Meet_ID1_ID1,219) 0
HoldsAt(Meet_ID1_ID1,220) 0
HoldsAt(Meet_ID1_ID1,221) 0
HoldsAt(Meet_ID1_ID1,222) 0
HoldsAt(Meet_ID1_ID1,223) 0
HoldsAt(Meet_ID1_ID1,224) 0
HoldsAt(Meet_ID1_ID1,225) 0
HoldsAt(Meet_ID1_ID1,226) 0
HoldsAt(Meet_ID1_ID1,227) 0
HoldsAt(Meet_ID1_ID1,228) 0
HoldsAt(Meet_ID1_ID1,229) 0
HoldsAt(Meet_ID1_ID1,230) 0
HoldsAt(Meet_ID1_ID1,231) 0
HoldsAt(Meet_ID1_ID1,232) 0
HoldsAt(Meet_ID1_ID1,233) 0
HoldsAt(Meet_ID1_ID1,234) 0
HoldsAt(Meet_ID1_ID1,235) 0
HoldsAt(Meet_ID1_ID1,236) 0
HoldsAt(Meet_ID1_ID1,237) 0
HoldsAt(Meet_ID1_ID1,238) 0
HoldsAt(Meet_ID1_ID1,239) 0
HoldsAt(Meet_ID1_ID1,240) 0
HoldsAt(Meet_ID1_ID1,241) 0
HoldsAt(Meet_ID1_ID1,242) 0
HoldsAt(Meet_ID1_ID1,243) 0
HoldsAt(Meet_ID1_ID1,244) 0
HoldsAt(Meet_ID1_ID1,245) 0
HoldsAt(Meet_ID1_ID1,246) 0
HoldsAt(Meet_ID1_ID1,247) 0
HoldsAt(Meet_ID1_ID1,248) 0
HoldsAt(Meet_ID1_ID1,249) 0
HoldsAt(Meet_ID1_ID1,250) 0
HoldsAt(Meet_ID1_ID1,251) 0
HoldsAt(Meet_ID1_ID1,252) 0
HoldsAt(Meet_ID1_ID1,253) 0
HoldsAt(Meet_ID1_ID1,254) 0
HoldsAt(Meet_ID1_ID1,255) 0
HoldsAt(Meet_ID1_ID1,256) 0
HoldsAt(Meet_ID1_ID1,257) 0
HoldsAt(Meet_ID1_ID1,258) 0
HoldsAt(Meet_ID1_ID1,259) 0
HoldsAt(Meet_ID1_ID1,260) 0
HoldsAt(Meet_ID1_ID1,261) 0
HoldsAt(Meet_ID1_ID1,262) 0
HoldsAt(Meet_ID1_ID1,263) 0
HoldsAt(Meet_ID1_ID1,264) 0
HoldsAt(Meet_ID1_ID1,265) 0
HoldsAt(Meet_ID1_ID1,266) 0
HoldsAt(Meet_ID1_ID1,267) 0
HoldsAt(Meet_ID1_ID1,268) 0
HoldsAt(Meet_ID1_ID1,269) 0
HoldsAt(Meet_ID1_ID1,270) 0
HoldsAt(Meet_ID1_ID1,271) 0
HoldsAt(Meet_ID1_ID1,272) 0
HoldsAt(Meet_ID1_ID1,273) 0
HoldsAt(Meet_ID1_ID1,274) 0
HoldsAt(Meet_ID1_ID1,275) 0
HoldsAt(Meet_ID1_ID1,276) 0
HoldsAt(Meet_ID1_ID1,277) 0
HoldsAt(Meet_ID1_ID1,278) 0
HoldsAt(Meet_ID1_ID1,279) 0
HoldsAt(Meet_ID1_ID1,280) 0
HoldsAt(Meet_ID1_ID1,281) 0
HoldsAt(Meet_ID1_ID1,282) 0
HoldsAt(Meet_ID1_ID1,283) 0
HoldsAt(Meet_ID1_ID1,284) 0
HoldsAt(Meet_ID1_ID1,285) 0
HoldsAt(Meet_ID1_ID1,286) 0
HoldsAt(Meet_ID1_ID1,287) 0
HoldsAt(Meet_ID1_ID1,288) 0
HoldsAt(Meet_ID1_ID1,289) 0
HoldsAt(Meet_ID1_ID1,290) 0
HoldsAt(Meet_ID1_ID1,291) 0
HoldsAt(Meet_ID1_ID1,292) 0
HoldsAt(Meet_ID1_ID1,293) 0
HoldsAt(Meet_ID1_ID1,294) 0
HoldsAt(Meet_ID1_ID1,295) 0
HoldsAt(Meet_ID1_ID1,296) 0
HoldsAt(Meet_ID1_ID1,297) 0
HoldsAt(Meet_ID1_ID1,298) 0
HoldsAt(Meet_ID1_ID1,299) 0
HoldsAt(Meet_ID1_ID1,300) 0
HoldsAt(Meet_ID1_ID1,301) 0
HoldsAt(Meet_ID1_ID1,302) 0
HoldsAt(Meet_ID1_ID1,303) 0
HoldsAt(Meet_ID1_ID1,304) 0
HoldsAt(Meet_ID1_ID1,305) 0
HoldsAt(Meet_ID1_ID1,306) 0
HoldsAt(Meet_ID1_ID1,307) 0
HoldsAt(Meet_ID1_ID1,308) 0
HoldsAt(Meet_ID1_ID1,309) 0
HoldsAt(Meet_ID1_ID1,310) 0
HoldsAt(Meet_ID1_ID1,311) 0
HoldsAt(Meet_ID1_ID1,312) 0
HoldsAt(Meet_ID1_ID1,313) 0
HoldsAt(Meet_ID1_ID1,314) 0
HoldsAt(Meet_ID1_ID1,315) 0
HoldsAt(Meet_ID1_ID1,316) 0
HoldsAt(Meet_ID1_ID1,317) 0
HoldsAt(Meet_ID1_ID1,318) 0
HoldsAt(Meet_ID1_ID1,319) 0
HoldsAt(Meet_ID1_ID1,320) 0
HoldsAt(Meet_ID1_ID1,321) 0
HoldsAt(Meet_ID1_ID1,322) 0
HoldsAt(Meet_ID1_ID1,323) 0
HoldsAt(Meet_ID1_ID1,324) 0
HoldsAt(Meet_ID1_ID1,325) 0
HoldsAt(Meet_ID1_ID1,326) 0
HoldsAt(Meet_ID1_ID1,327) 0
HoldsAt(Meet_ID1_ID1,328) 0
HoldsAt(Meet_ID1_ID1,329) 0
HoldsAt(Meet_ID1_ID1,330) 0
HoldsAt(Meet_ID1_ID1,331) 0
HoldsAt(Meet_ID1_ID1,332) 0
HoldsAt(Meet_ID1_ID1,333) 0
HoldsAt(Meet_ID1_ID1,334) 0
HoldsAt(Meet_ID1_ID1,335) 0
HoldsAt(Meet_ID1_ID1,336) 0
HoldsAt(Meet_ID1_ID1,337) 0
HoldsAt(Meet_ID1_ID1,338) 0
HoldsAt(Meet_ID1_ID1,339) 0
HoldsAt(Meet_ID1_ID1,340) 0
HoldsAt(Meet_ID1_ID1,341) 0
HoldsAt(Meet_ID1_ID1,342) 0
HoldsAt(Meet_ID1_ID1,343) 0
HoldsAt(Meet_ID1_ID1,344) 0
HoldsAt(Meet_ID1_ID1,345) 0
HoldsAt(Meet_ID1_ID1,346) 0
HoldsAt(Meet_ID1_ID1,347) 0
HoldsAt(Meet_ID1_ID1,348) 0
HoldsAt(Meet_ID1_ID1,349) 0
HoldsAt(Meet_ID1_ID1,350) 0
HoldsAt(Meet_ID1_ID1,351) 0
HoldsAt(Meet_ID1_ID1,352) 0
HoldsAt(Meet_ID1_ID1,353) 0
HoldsAt(Meet_ID1_ID1,354) 0
HoldsAt(Meet_ID1_ID1,355) 0
HoldsAt(Meet_ID1_ID1,356) 0
HoldsAt(Meet_ID1_ID1,357) 0
HoldsAt(Meet_ID1_ID1,358) 0
HoldsAt(Meet_ID1_ID1,359) 0
HoldsAt(Meet_ID1_ID1,360) 0
HoldsAt(Meet_ID1_ID1,361) 0
HoldsAt(Meet_ID1_ID1,362) 0
HoldsAt(Meet_ID1_ID1,363) 0
HoldsAt(Meet_ID1_ID1,364) 0
HoldsAt(Meet_ID1_ID1,365) 0
HoldsAt(Meet_ID1_ID1,366) 0
HoldsAt(Meet_ID1_ID1,367) 0
HoldsAt(Meet_ID1_ID1,368) 0
HoldsAt(Meet_ID1_ID1,369) 0
HoldsAt(Meet_ID1_ID1,370) 0
HoldsAt(Meet_ID1_ID1,371) 0
HoldsAt(Meet_ID1_ID1,372) 0
HoldsAt(Meet_ID1_ID1,373) 0
HoldsAt(Meet_ID1_ID1,374) 0
HoldsAt(Meet_ID1_ID1,375) 0
HoldsAt(Meet_ID1_ID1,376) 0
HoldsAt(Meet_ID1_ID1,377) 0
HoldsAt(Meet_ID1_ID1,378) 0
HoldsAt(Meet_ID1_ID1,379) 0
HoldsAt(Meet_ID1_ID1,380) 0
HoldsAt(Meet_ID1_ID1,381) 0
HoldsAt(Meet_ID1_ID1,382) 0
HoldsAt(Meet_ID1_ID1,383) 0
HoldsAt(Meet_ID1_ID1,384) 0
HoldsAt(Meet_ID1_ID1,385) 0
HoldsAt(Meet_ID1_ID1,386) 0
HoldsAt(Meet_ID1_ID1,387) 0
HoldsAt(Meet_ID1_ID1,388) 0
HoldsAt(Meet_ID1_ID1,389) 0
HoldsAt(Meet_ID1_ID1,390) 0
HoldsAt(Meet_ID1_ID1,391) 0
HoldsAt(Meet_ID1_ID1,392) 0
HoldsAt(Meet_ID1_ID1,393) 0
HoldsAt(Meet_ID1_ID1,394) 0
HoldsAt(Meet_ID1_ID1,395) 0
HoldsAt(Meet_ID1_ID1,396) 0
HoldsAt(Meet_ID1_ID1,397) 0
HoldsAt(Meet_ID1_ID1,398) 0
HoldsAt(Meet_ID1_ID1,399) 0
HoldsAt(Meet_ID1_ID1,400) 0
HoldsAt(Meet_ID1_ID1,401) 0
HoldsAt(Meet_ID1_ID1,402) 0
HoldsAt(Meet_ID1_ID1,403) 0
HoldsAt(Meet_ID1_ID1,404) 0
HoldsAt(Meet_ID1_ID1,405) 0
HoldsAt(Meet_ID1_ID1,406) 0
HoldsAt(Meet_ID1_ID1,407) 0
HoldsAt(Meet_ID1_ID1,408) 0
HoldsAt(Meet_ID1_ID1,409) 0
HoldsAt(Meet_ID1_ID1,410) 0
HoldsAt(Meet_ID1_ID1,411) 0
HoldsAt(Meet_ID1_ID1,412) 0
HoldsAt(Meet_ID1_ID1,413) 0
HoldsAt(Meet_ID1_ID1,414) 0
HoldsAt(Meet_ID1_ID1,415) 0
HoldsAt(Meet_ID1_ID1,416) 0
HoldsAt(Meet_ID1_ID1,417) 0
HoldsAt(Meet_ID1_ID1,418) 0
HoldsAt(Meet_ID1_ID1,419) 0
HoldsAt(Meet_ID1_ID1,420) 0
HoldsAt(Meet_ID1_ID1,421) 0
HoldsAt(Meet_ID1_ID1,422) 0
HoldsAt(Meet_ID1_ID1,423) 0
HoldsAt(Meet_ID1_ID1,424) 0
HoldsAt(Meet_ID1_ID1,425) 0
HoldsAt(Meet_ID1_ID1,426) 0
HoldsAt(Meet_ID1_ID1,427) 0
HoldsAt(Meet_ID1_ID1,428) 0
HoldsAt(Meet_ID1_ID1,429) 0
HoldsAt(Meet_ID1_ID1,430) 0
HoldsAt(Meet_ID1_ID1,431) 0
HoldsAt(Meet_ID1_ID1,432) 0
HoldsAt(Meet_ID1_ID1,433) 0
HoldsAt(Meet_ID1_ID1,434) 0
HoldsAt(Meet_ID1_ID1,435) 0
HoldsAt(Meet_ID1_ID1,436) 0
HoldsAt(Meet_ID1_ID1,437) 0
HoldsAt(Meet_ID1_ID1,438) 0
HoldsAt(Meet_ID1_ID1,439) 0
HoldsAt(Meet_ID1_ID1,440) 0
HoldsAt(Meet_ID1_ID1,441) 0
HoldsAt(Meet_ID1_ID1,442) 0
HoldsAt(Meet_ID1_ID1,443) 0
HoldsAt(Meet_ID1_ID1,444) 0
HoldsAt(Meet_ID1_ID1,445) 0
HoldsAt(Meet_ID1_ID1,446) 0
HoldsAt(Meet_ID1_ID1,447) 0
HoldsAt(Meet_ID1_ID1,448) 0
HoldsAt(Meet_ID1_ID1,449) 0
HoldsAt(Meet_ID1_ID1,450) 0
HoldsAt(Meet_ID1_ID1,451) 0
HoldsAt(Meet_ID1_ID1,452) 0
HoldsAt(Meet_ID1_ID1,453) 0
HoldsAt(Meet_ID1_ID1,454) 0
HoldsAt(Meet_ID1_ID1,455) 0
HoldsAt(Meet_ID1_ID1,456) 0
HoldsAt(Meet_ID1_ID1,457) 0
HoldsAt(Meet_ID1_ID1,458) 0
HoldsAt(Meet_ID1_ID1,459) 0
HoldsAt(Meet_ID1_ID1,460) 0
HoldsAt(Meet_ID1_ID1,461) 0
HoldsAt(Meet_ID1_ID1,462) 0
HoldsAt(Meet_ID1_ID1,463) 0
HoldsAt(Meet_ID1_ID1,464) 0
HoldsAt(Meet_ID1_ID1,465) 0
HoldsAt(Meet_ID1_ID1,466) 0
HoldsAt(Meet_ID1_ID1,467) 0
HoldsAt(Meet_ID1_ID1,468) 0
HoldsAt(Meet_ID1_ID1,469) 0
HoldsAt(Meet_ID1_ID1,470) 0
HoldsAt(Meet_ID1_ID1,471) 0
HoldsAt(Meet_ID1_ID1,472) 0
HoldsAt(Meet_ID1_ID1,473) 0
HoldsAt(Meet_ID1_ID1,474) 0
HoldsAt(Meet_ID1_ID1,475) 0
HoldsAt(Meet_ID1_ID1,476) 0
HoldsAt(Meet_ID1_ID1,477) 0
HoldsAt(Meet_ID1_ID1,478) 0
HoldsAt(Meet_ID1_ID1,479) 0
HoldsAt(Meet_ID1_ID1,480) 0
HoldsAt(Meet_ID1_ID1,481) 0
HoldsAt(Meet_ID1_ID1,482) 0
HoldsAt(Meet_ID1_ID1,483) 0
HoldsAt(Meet_ID1_ID1,484) 0
HoldsAt(Meet_ID1_ID1,485) 0
HoldsAt(Meet_ID1_ID1,486) 0
HoldsAt(Meet_ID1_ID1,487) 0
HoldsAt(Meet_ID1_ID1,488) 0
HoldsAt(Meet_ID1_ID1,489) 0
HoldsAt(Meet_ID1_ID1,490) 0
HoldsAt(Meet_ID1_ID1,491) 0
HoldsAt(Meet_ID1_ID1,492) 0
HoldsAt(Meet_ID1_ID1,493) 0
HoldsAt(Meet_ID1_ID1,494) 0
HoldsAt(Meet_ID1_ID1,495) 0
HoldsAt(Meet_ID1_ID1,496) 0
HoldsAt(Meet_ID1_ID1,497) 0
HoldsAt(Meet_ID1_ID1,498) 0
HoldsAt(Meet_ID1_ID1,499) 0
HoldsAt(Meet_ID1_ID1,500) 0
HoldsAt(Meet_ID1_ID1,501) 0
HoldsAt(Meet_ID1_ID1,502) 0
HoldsAt(Meet_ID1_ID1,503) 0
HoldsAt(Meet_ID1_ID1,504) 0
HoldsAt(Meet_ID1_ID1,505) 0
HoldsAt(Meet_ID1_ID1,506) 0
HoldsAt(Meet_ID1_ID1,507) 0
HoldsAt(Meet_ID1_ID1,508) 0
HoldsAt(Meet_ID1_ID1,509) 0
HoldsAt(Meet_ID1_ID1,510) 0
HoldsAt(Meet_ID1_ID1,511) 0
HoldsAt(Meet_ID1_ID1,512) 0
HoldsAt(Meet_ID1_ID1,513) 0
HoldsAt(Meet_ID1_ID1,514) 0
HoldsAt(Meet_ID1_ID1,515) 0
HoldsAt(Meet_ID1_ID1,516) 0
HoldsAt(Meet_ID1_ID1,517) 0
HoldsAt(Meet_ID1_ID1,518) 0
HoldsAt(Meet_ID1_ID1,519) 0
HoldsAt(Meet_ID1_ID1,520) 0
HoldsAt(Meet_ID1_ID1,521) 0
HoldsAt(Meet_ID1_ID1,522) 0
HoldsAt(Meet_ID1_ID1,523) 0
HoldsAt(Meet_ID1_ID1,524) 0
HoldsAt(Meet_ID1_ID1,525) 0
HoldsAt(Meet_ID1_ID1,526) 0
HoldsAt(Meet_ID1_ID1,527) 0
HoldsAt(Meet_ID1_ID1,528) 0
HoldsAt(Meet_ID1_ID1,529) 0
HoldsAt(Meet_ID1_ID1,530) 0
HoldsAt(Meet_ID1_ID1,531) 0
HoldsAt(Meet_ID1_ID1,532) 0
HoldsAt(Meet_ID1_ID1,533) 0
HoldsAt(Meet_ID1_ID1,534) 0
HoldsAt(Meet_ID1_ID1,535) 0
HoldsAt(Meet_ID1_ID1,536) 0
HoldsAt(Meet_ID1_ID1,537) 0
HoldsAt(Meet_ID1_ID1,538) 0
HoldsAt(Meet_ID1_ID1,539) 0
HoldsAt(Meet_ID1_ID1,540) 0
HoldsAt(Meet_ID1_ID1,541) 0
HoldsAt(Meet_ID1_ID1,542) 0
HoldsAt(Meet_ID1_ID1,543) 0
HoldsAt(Meet_ID1_ID1,544) 0
HoldsAt(Meet_ID1_ID1,545) 0
HoldsAt(Meet_ID1_ID1,546) 0
HoldsAt(Meet_ID1_ID1,547) 0
HoldsAt(Meet_ID1_ID1,548) 0
HoldsAt(Meet_ID1_ID1,549) 0
HoldsAt(Meet_ID1_ID1,550) 0
HoldsAt(Meet_ID1_ID1,551) 0
HoldsAt(Meet_ID1_ID1,552) 0
HoldsAt(Meet_ID1_ID1,553) 0
HoldsAt(Meet_ID1_ID1,554) 0
HoldsAt(Meet_ID1_ID1,555) 0
HoldsAt(Meet_ID1_ID1,556) 0
HoldsAt(Meet_ID1_ID1,557) 0
HoldsAt(Meet_ID1_ID1,558) 0
HoldsAt(Meet_ID1_ID1,559) 0
HoldsAt(Meet_ID1_ID1,560) 0
HoldsAt(Meet_ID1_ID1,561) 0
HoldsAt(Meet_ID1_ID1,562) 0
HoldsAt(Meet_ID1_ID1,563) 0
HoldsAt(Meet_ID1_ID1,564) 0
HoldsAt(Meet_ID1_ID1,565) 0
HoldsAt(Meet_ID1_ID1,566) 0
HoldsAt(Meet_ID1_ID1,567) 0
HoldsAt(Meet_ID1_ID1,568) 0
HoldsAt(Meet_ID1_ID1,569) 0
HoldsAt(Meet_ID1_ID1,570) 0
HoldsAt(Meet_ID1_ID1,571) 0
HoldsAt(Meet_ID1_ID1,572) 0
HoldsAt(Meet_ID1_ID1,573) 0
HoldsAt(Meet_ID1_ID1,574) 0
HoldsAt(Meet_ID1_ID1,575) 0
HoldsAt(Meet_ID1_ID1,576) 0
HoldsAt(Meet_ID1_ID1,577) 0
HoldsAt(Meet_ID1_ID1,578) 0
HoldsAt(Meet_ID1_ID1,579) 0
HoldsAt(Meet_ID1_ID1,580) 0
HoldsAt(Meet_ID1_ID1,581) 0
HoldsAt(Meet_ID1_ID1,582) 0
HoldsAt(Meet_ID1_ID1,583) 0
HoldsAt(Meet_ID1_ID1,584) 0
HoldsAt(Meet_ID1_ID1,585) 0
HoldsAt(Meet_ID1_ID1,586) 0
HoldsAt(Meet_ID1_ID1,587) 0
HoldsAt(Meet_ID1_ID1,588) 0
HoldsAt(Meet_ID1_ID1,589) 0
HoldsAt(Meet_ID1_ID1,590) 0
HoldsAt(Meet_ID1_ID1,591) 0
HoldsAt(Meet_ID1_ID1,592) 0
HoldsAt(Meet_ID1_ID1,593) 0
HoldsAt(Meet_ID1_ID1,594) 0
HoldsAt(Meet_ID1_ID1,595) 0
HoldsAt(Meet_ID1_ID1,596) 0
HoldsAt(Meet_ID1_ID1,597) 0
HoldsAt(Meet_ID1_ID1,598) 0
HoldsAt(Meet_ID1_ID1,599) 0
HoldsAt(Meet_ID1_ID1,600) 0
HoldsAt(Meet_ID1_ID1,601) 0
HoldsAt(Meet_ID1_ID1,602) 0
HoldsAt(Meet_ID1_ID1,603) 0
HoldsAt(Meet_ID1_ID1,604) 0
HoldsAt(Meet_ID1_ID1,605) 0
HoldsAt(Meet_ID1_ID1,606) 0
HoldsAt(Meet_ID1_ID1,607) 0
HoldsAt(Meet_ID1_ID1,608) 0
HoldsAt(Meet_ID1_ID1,609) 0
HoldsAt(Meet_ID1_ID1,610) 0
HoldsAt(Meet_ID1_ID1,611) 0
HoldsAt(Meet_ID1_ID1,612) 0
HoldsAt(Meet_ID1_ID1,613) 0
HoldsAt(Meet_ID1_ID1,614) 0
HoldsAt(Meet_ID1_ID1,615) 0
HoldsAt(Meet_ID1_ID1,616) 0
HoldsAt(Meet_ID1_ID1,617) 0
HoldsAt(Meet_ID1_ID1,618) 0
HoldsAt(Meet_ID1_ID1,619) 0
HoldsAt(Meet_ID1_ID1,620) 0
HoldsAt(Meet_ID1_ID1,621) 0
HoldsAt(Meet_ID1_ID1,622) 0
HoldsAt(Meet_ID1_ID3,0) 0
HoldsAt(Meet_ID1_ID3,1) 0
HoldsAt(Meet_ID1_ID3,2) 0
HoldsAt(Meet_ID1_ID3,3) 0
HoldsAt(Meet_ID1_ID3,4) 0
HoldsAt(Meet_ID1_ID3,5) 0
HoldsAt(Meet_ID1_ID3,6) 0
HoldsAt(Meet_ID1_ID3,7) 0
HoldsAt(Meet_ID1_ID3,8) 0
HoldsAt(Meet_ID1_ID3,9) 0
HoldsAt(Meet_ID1_ID3,10) 0
HoldsAt(Meet_ID1_ID3,11) 0
HoldsAt(Meet_ID1_ID3,12) 0
HoldsAt(Meet_ID1_ID3,13) 0
HoldsAt(Meet_ID1_ID3,14) 0
HoldsAt(Meet_ID1_ID3,15) 0
HoldsAt(Meet_ID1_ID3,16) 0
HoldsAt(Meet_ID1_ID3,17) 0
HoldsAt(Meet_ID1_ID3,18) 0
HoldsAt(Meet_ID1_ID3,19) 0
HoldsAt(Meet_ID1_ID3,20) 0
HoldsAt(Meet_ID1_ID3,21) 0
HoldsAt(Meet_ID1_ID3,22) 0
HoldsAt(Meet_ID1_ID3,23) 0
HoldsAt(Meet_ID1_ID3,24) 0
HoldsAt(Meet_ID1_ID3,25) 0
HoldsAt(Meet_ID1_ID3,26) 0
HoldsAt(Meet_ID1_ID3,27) 0
HoldsAt(Meet_ID1_ID3,28) 0
HoldsAt(Meet_ID1_ID3,29) 0
HoldsAt(Meet_ID1_ID3,30) 0
HoldsAt(Meet_ID1_ID3,31) 0
HoldsAt(Meet_ID1_ID3,32) 0
HoldsAt(Meet_ID1_ID3,33) 0
HoldsAt(Meet_ID1_ID3,34) 0
HoldsAt(Meet_ID1_ID3,35) 0
HoldsAt(Meet_ID1_ID3,36) 0
HoldsAt(Meet_ID1_ID3,37) 0
HoldsAt(Meet_ID1_ID3,38) 0
HoldsAt(Meet_ID1_ID3,39) 0
HoldsAt(Meet_ID1_ID3,40) 0
HoldsAt(Meet_ID1_ID3,41) 0
HoldsAt(Meet_ID1_ID3,42) 0
HoldsAt(Meet_ID1_ID3,43) 0
HoldsAt(Meet_ID1_ID3,44) 0
HoldsAt(Meet_ID1_ID3,45) 0
HoldsAt(Meet_ID1_ID3,46) 0
HoldsAt(Meet_ID1_ID3,47) 0
HoldsAt(Meet_ID1_ID3,48) 0
HoldsAt(Meet_ID1_ID3,49) 0
HoldsAt(Meet_ID1_ID3,50) 0
HoldsAt(Meet_ID1_ID3,51) 0
HoldsAt(Meet_ID1_ID3,52) 0
HoldsAt(Meet_ID1_ID3,53) 0
HoldsAt(Meet_ID1_ID3,54) 0
HoldsAt(Meet_ID1_ID3,55) 0
HoldsAt(Meet_ID1_ID3,56) 0
HoldsAt(Meet_ID1_ID3,57) 0
HoldsAt(Meet_ID1_ID3,58) 0
HoldsAt(Meet_ID1_ID3,59) 0
HoldsAt(Meet_ID1_ID3,60) 0
HoldsAt(Meet_ID1_ID3,61) 0
HoldsAt(Meet_ID1_ID3,62) 0
HoldsAt(Meet_ID1_ID3,63) 0
HoldsAt(Meet_ID1_ID3,64) 0
HoldsAt(Meet_ID1_ID3,65) 0
HoldsAt(Meet_ID1_ID3,66) 0
HoldsAt(Meet_ID1_ID3,67) 0
HoldsAt(Meet_ID1_ID3,68) 0
HoldsAt(Meet_ID1_ID3,69) 0
HoldsAt(Meet_ID1_ID3,70) 0
HoldsAt(Meet_ID1_ID3,71) 0
HoldsAt(Meet_ID1_ID3,72) 0
HoldsAt(Meet_ID1_ID3,73) 0
HoldsAt(Meet_ID1_ID3,74) 0
HoldsAt(Meet_ID1_ID3,75) 0
HoldsAt(Meet_ID1_ID3,76) 0
HoldsAt(Meet_ID1_ID3,77) 0
HoldsAt(Meet_ID1_ID3,78) 0
HoldsAt(Meet_ID1_ID3,79) 0
HoldsAt(Meet_ID1_ID3,80) 0
HoldsAt(Meet_ID1_ID3,81) 0
HoldsAt(Meet_ID1_ID3,82) 0
HoldsAt(Meet_ID1_ID3,83) 0
HoldsAt(Meet_ID1_ID3,84) 0
HoldsAt(Meet_ID1_ID3,85) 0
HoldsAt(Meet_ID1_ID3,86) 0
HoldsAt(Meet_ID1_ID3,87) 0
HoldsAt(Meet_ID1_ID3,88) 0
HoldsAt(Meet_ID1_ID3,89) 0
HoldsAt(Meet_ID1_ID3,90) 0
HoldsAt(Meet_ID1_ID3,91) 0
HoldsAt(Meet_ID1_ID3,92) 0
HoldsAt(Meet_ID1_ID3,93) 0
HoldsAt(Meet_ID1_ID3,94) 0
HoldsAt(Meet_ID1_ID3,95) 0
HoldsAt(Meet_ID1_ID3,96) 0
HoldsAt(Meet_ID1_ID3,97) 0
HoldsAt(Meet_ID1_ID3,98) 0
HoldsAt(Meet_ID1_ID3,99) 0
HoldsAt(Meet_ID1_ID3,100) 0
HoldsAt(Meet_ID1_ID3,101) 0
HoldsAt(Meet_ID1_ID3,102) 0
HoldsAt(Meet_ID1_ID3,103) 0
HoldsAt(Meet_ID1_ID3,104) 0
HoldsAt(Meet_ID1_ID3,105) 0
HoldsAt(Meet_ID1_ID3,106) 0
HoldsAt(Meet_ID1_ID3,107) 0
HoldsAt(Meet_ID1_ID3,108) 0
HoldsAt(Meet_ID1_ID3,109) 0
HoldsAt(Meet_ID1_ID3,110) 0
HoldsAt(Meet_ID1_ID3,111) 0
HoldsAt(Meet_ID1_ID3,112) 0
HoldsAt(Meet_ID1_ID3,113) 0
HoldsAt(Meet_ID1_ID3,114) 0
HoldsAt(Meet_ID1_ID3,115) 0
HoldsAt(Meet_ID1_ID3,116) 0
HoldsAt(Meet_ID1_ID3,117) 0
HoldsAt(Meet_ID1_ID3,118) 0
HoldsAt(Meet_ID1_ID3,119) 0
HoldsAt(Meet_ID1_ID3,120) 0
HoldsAt(Meet_ID1_ID3,121) 0
HoldsAt(Meet_ID1_ID3,122) 0
HoldsAt(Meet_ID1_ID3,123) 0
HoldsAt(Meet_ID1_ID3,124) 0
HoldsAt(Meet_ID1_ID3,125) 0
HoldsAt(Meet_ID1_ID3,126) 0
HoldsAt(Meet_ID1_ID3,127) 0
HoldsAt(Meet_ID1_ID3,128) 0
HoldsAt(Meet_ID1_ID3,129) 0
HoldsAt(Meet_ID1_ID3,130) 0
HoldsAt(Meet_ID1_ID3,131) 0
HoldsAt(Meet_ID1_ID3,132) 0
HoldsAt(Meet_ID1_ID3,133) 0
HoldsAt(Meet_ID1_ID3,134) 0
HoldsAt(Meet_ID1_ID3,135) 0
HoldsAt(Meet_ID1_ID3,136) 0
HoldsAt(Meet_ID1_ID3,137) 0
HoldsAt(Meet_ID1_ID3,138) 0
HoldsAt(Meet_ID1_ID3,139) 0
HoldsAt(Meet_ID1_ID3,140) 0
HoldsAt(Meet_ID1_ID3,141) 0
HoldsAt(Meet_ID1_ID3,142) 0
HoldsAt(Meet_ID1_ID3,143) 0
HoldsAt(Meet_ID1_ID3,144) 0
HoldsAt(Meet_ID1_ID3,145) 0
HoldsAt(Meet_ID1_ID3,146) 0
HoldsAt(Meet_ID1_ID3,147) 0
HoldsAt(Meet_ID1_ID3,148) 0
HoldsAt(Meet_ID1_ID3,149) 0
HoldsAt(Meet_ID1_ID3,150) 0
HoldsAt(Meet_ID1_ID3,151) 0
HoldsAt(Meet_ID1_ID3,152) 0
HoldsAt(Meet_ID1_ID3,153) 0
HoldsAt(Meet_ID1_ID3,154) 0
HoldsAt(Meet_ID1_ID3,155) 0
HoldsAt(Meet_ID1_ID3,156) 0
HoldsAt(Meet_ID1_ID3,157) 0
HoldsAt(Meet_ID1_ID3,158) 0
HoldsAt(Meet_ID1_ID3,159) 0
HoldsAt(Meet_ID1_ID3,160) 0
HoldsAt(Meet_ID1_ID3,161) 0
HoldsAt(Meet_ID1_ID3,162) 0
HoldsAt(Meet_ID1_ID3,163) 0
HoldsAt(Meet_ID1_ID3,164) 0
HoldsAt(Meet_ID1_ID3,165) 0
HoldsAt(Meet_ID1_ID3,166) 0
HoldsAt(Meet_ID1_ID3,167) 0
HoldsAt(Meet_ID1_ID3,168) 0
HoldsAt(Meet_ID1_ID3,169) 0
HoldsAt(Meet_ID1_ID3,170) 0
HoldsAt(Meet_ID1_ID3,171) 0
HoldsAt(Meet_ID1_ID3,172) 0
HoldsAt(Meet_ID1_ID3,173) 0
HoldsAt(Meet_ID1_ID3,174) 0
HoldsAt(Meet_ID1_ID3,175) 0
HoldsAt(Meet_ID1_ID3,176) 0
HoldsAt(Meet_ID1_ID3,177) 0
HoldsAt(Meet_ID1_ID3,178) 0
HoldsAt(Meet_ID1_ID3,179) 0
HoldsAt(Meet_ID1_ID3,180) 0
HoldsAt(Meet_ID1_ID3,181) 0
HoldsAt(Meet_ID1_ID3,182) 0
HoldsAt(Meet_ID1_ID3,183) 0
HoldsAt(Meet_ID1_ID3,184) 0
HoldsAt(Meet_ID1_ID3,185) 0
HoldsAt(Meet_ID1_ID3,186) 0
HoldsAt(Meet_ID1_ID3,187) 0
HoldsAt(Meet_ID1_ID3,188) 0
HoldsAt(Meet_ID1_ID3,189) 0
HoldsAt(Meet_ID1_ID3,190) 0
HoldsAt(Meet_ID1_ID3,191) 0
HoldsAt(Meet_ID1_ID3,192) 0
HoldsAt(Meet_ID1_ID3,193) 0
HoldsAt(Meet_ID1_ID3,194) 0
HoldsAt(Meet_ID1_ID3,195) 0
HoldsAt(Meet_ID1_ID3,196) 0
HoldsAt(Meet_ID1_ID3,197) 0
HoldsAt(Meet_ID1_ID3,198) 0
HoldsAt(Meet_ID1_ID3,199) 0
HoldsAt(Meet_ID1_ID3,200) 0
HoldsAt(Meet_ID1_ID3,201) 0
HoldsAt(Meet_ID1_ID3,202) 0
HoldsAt(Meet_ID1_ID3,203) 0
HoldsAt(Meet_ID1_ID3,204) 0
HoldsAt(Meet_ID1_ID3,205) 0
HoldsAt(Meet_ID1_ID3,206) 0
HoldsAt(Meet_ID1_ID3,207) 0
HoldsAt(Meet_ID1_ID3,208) 0
HoldsAt(Meet_ID1_ID3,209) 0
HoldsAt(Meet_ID1_ID3,210) 0
HoldsAt(Meet_ID1_ID3,211) 0
HoldsAt(Meet_ID1_ID3,212) 0
HoldsAt(Meet_ID1_ID3,213) 0
HoldsAt(Meet_ID1_ID3,214) 0
HoldsAt(Meet_ID1_ID3,215) 0
HoldsAt(Meet_ID1_ID3,216) 0
HoldsAt(Meet_ID1_ID3,217) 0
HoldsAt(Meet_ID1_ID3,218) 0
HoldsAt(Meet_ID1_ID3,219) 0
HoldsAt(Meet_ID1_ID3,220) 0
HoldsAt(Meet_ID1_ID3,221) 0
HoldsAt(Meet_ID1_ID3,222) 0
HoldsAt(Meet_ID1_ID3,223) 0
HoldsAt(Meet_ID1_ID3,224) 0
HoldsAt(Meet_ID1_ID3,225) 0
HoldsAt(Meet_ID1_ID3,226) 0
HoldsAt(Meet_ID1_ID3,227) 0
HoldsAt(Meet_ID1_ID3,228) 0
HoldsAt(Meet_ID1_ID3,229) 0
HoldsAt(Meet_ID1_ID3,230) 0
HoldsAt(Meet_ID1_ID3,231) 0
HoldsAt(Meet_ID1_ID3,232) 0
HoldsAt(Meet_ID1_ID3,233) 0
HoldsAt(Meet_ID1_ID3,234) 0
HoldsAt(Meet_ID1_ID3,235) 0
HoldsAt(Meet_ID1_ID3,236) 0
HoldsAt(Meet_ID1_ID3,237) 0
HoldsAt(Meet_ID1_ID3,238) 0
HoldsAt(Meet_ID1_ID3,239) 0
HoldsAt(Meet_ID1_ID3,240) 0
HoldsAt(Meet_ID1_ID3,241) 0
HoldsAt(Meet_ID1_ID3,242) 0
HoldsAt(Meet_ID1_ID3,243) 0
HoldsAt(Meet_ID1_ID3,244) 0
HoldsAt(Meet_ID1_ID3,245) 0
HoldsAt(Meet_ID1_ID3,246) 0
HoldsAt(Meet_ID1_ID3,247) 0
HoldsAt(Meet_ID1_ID3,248) 0
HoldsAt(Meet_ID1_ID3,249) 0
HoldsAt(Meet_ID1_ID3,250) 0
HoldsAt(Meet_ID1_ID3,251) 0
HoldsAt(Meet_ID1_ID3,252) 0
HoldsAt(Meet_ID1_ID3,253) 0
HoldsAt(Meet_ID1_ID3,254) 0
HoldsAt(Meet_ID1_ID3,255) 0
HoldsAt(Meet_ID1_ID3,256) 0
HoldsAt(Meet_ID1_ID3,257) 0
HoldsAt(Meet_ID1_ID3,258) 0
HoldsAt(Meet_ID1_ID3,259) 0
HoldsAt(Meet_ID1_ID3,260) 0
HoldsAt(Meet_ID1_ID3,261) 0
HoldsAt(Meet_ID1_ID3,262) 0
HoldsAt(Meet_ID1_ID3,263) 0
HoldsAt(Meet_ID1_ID3,264) 0
HoldsAt(Meet_ID1_ID3,265) 0
HoldsAt(Meet_ID1_ID3,266) 0
HoldsAt(Meet_ID1_ID3,267) 0
HoldsAt(Meet_ID1_ID3,268) 0
HoldsAt(Meet_ID1_ID3,269) 0
HoldsAt(Meet_ID1_ID3,270) 0
HoldsAt(Meet_ID1_ID3,271) 0
HoldsAt(Meet_ID1_ID3,272) 0
HoldsAt(Meet_ID1_ID3,273) 0
HoldsAt(Meet_ID1_ID3,274) 0
HoldsAt(Meet_ID1_ID3,275) 0
HoldsAt(Meet_ID1_ID3,276) 0
HoldsAt(Meet_ID1_ID3,277) 0
HoldsAt(Meet_ID1_ID3,278) 0
HoldsAt(Meet_ID1_ID3,279) 0
HoldsAt(Meet_ID1_ID3,280) 0
HoldsAt(Meet_ID1_ID3,281) 0
HoldsAt(Meet_ID1_ID3,282) 0
HoldsAt(Meet_ID1_ID3,283) 0
HoldsAt(Meet_ID1_ID3,284) 0
HoldsAt(Meet_ID1_ID3,285) 0
HoldsAt(Meet_ID1_ID3,286) 0
HoldsAt(Meet_ID1_ID3,287) 0
HoldsAt(Meet_ID1_ID3,288) 0
HoldsAt(Meet_ID1_ID3,289) 0
HoldsAt(Meet_ID1_ID3,290) 0
HoldsAt(Meet_ID1_ID3,291) 0
HoldsAt(Meet_ID1_ID3,292) 0
HoldsAt(Meet_ID1_ID3,293) 0
HoldsAt(Meet_ID1_ID3,294) 0
HoldsAt(Meet_ID1_ID3,295) 0
HoldsAt(Meet_ID1_ID3,296) 0
HoldsAt(Meet_ID1_ID3,297) 0
HoldsAt(Meet_ID1_ID3,298) 0
HoldsAt(Meet_ID1_ID3,299) 0
HoldsAt(Meet_ID1_ID3,300) 0
HoldsAt(Meet_ID1_ID3,301) 0
HoldsAt(Meet_ID1_ID3,302) 0
HoldsAt(Meet_ID1_ID3,303) 0
HoldsAt(Meet_ID1_ID3,304) 0
HoldsAt(Meet_ID1_ID3,305) 0
HoldsAt(Meet_ID1_ID3,306) 0
HoldsAt(Meet_ID1_ID3,307) 0
HoldsAt(Meet_ID1_ID3,308) 0
HoldsAt(Meet_ID1_ID3,309) 0
HoldsAt(Meet_ID1_ID3,310) 0
HoldsAt(Meet_ID1_ID3,311) 0
HoldsAt(Meet_ID1_ID3,312) 0
HoldsAt(Meet_ID1_ID3,313) 0
HoldsAt(Meet_ID1_ID3,314) 0
HoldsAt(Meet_ID1_ID3,315) 0
HoldsAt(Meet_ID1_ID3,316) 0
HoldsAt(Meet_ID1_ID3,317) 0
HoldsAt(Meet_ID1_ID3,318) 0
HoldsAt(Meet_ID1_ID3,319) 0
HoldsAt(Meet_ID1_ID3,320) 0
HoldsAt(Meet_ID1_ID3,321) 0
HoldsAt(Meet_ID1_ID3,322) 0
HoldsAt(Meet_ID1_ID3,323) 0
HoldsAt(Meet_ID1_ID3,324) 0
HoldsAt(Meet_ID1_ID3,325) 0
HoldsAt(Meet_ID1_ID3,326) 0
HoldsAt(Meet_ID1_ID3,327) 0
HoldsAt(Meet_ID1_ID3,328) 0
HoldsAt(Meet_ID1_ID3,329) 0
HoldsAt(Meet_ID1_ID3,330) 0
HoldsAt(Meet_ID1_ID3,331) 0
HoldsAt(Meet_ID1_ID3,332) 0
HoldsAt(Meet_ID1_ID3,333) 0
HoldsAt(Meet_ID1_ID3,334) 0
HoldsAt(Meet_ID1_ID3,335) 0
HoldsAt(Meet_ID1_ID3,336) 0
HoldsAt(Meet_ID1_ID3,337) 0
HoldsAt(Meet_ID1_ID3,338) 0
HoldsAt(Meet_ID1_ID3,339) 0
HoldsAt(Meet_ID1_ID3,340) 0
HoldsAt(Meet_ID1_ID3,341) 0
HoldsAt(Meet_ID1_ID3,342) 0
HoldsAt(Meet_ID1_ID3,343) 0
HoldsAt(Meet_ID1_ID3,344) 0
HoldsAt(Meet_ID1_ID3,345) 0
HoldsAt(Meet_ID1_ID3,346) 0
HoldsAt(Meet_ID1_ID3,347) 0
HoldsAt(Meet_ID1_ID3,348) 0
HoldsAt(Meet_ID1_ID3,349) 0
HoldsAt(Meet_ID1_ID3,350) 0
HoldsAt(Meet_ID1_ID3,351) 0
HoldsAt(Meet_ID1_ID3,352) 0
HoldsAt(Meet_ID1_ID3,353) 0
HoldsAt(Meet_ID1_ID3,354) 0
HoldsAt(Meet_ID1_ID3,355) 0
HoldsAt(Meet_ID1_ID3,356) 0
HoldsAt(Meet_ID1_ID3,357) 0
HoldsAt(Meet_ID1_ID3,358) 0
HoldsAt(Meet_ID1_ID3,359) 0
HoldsAt(Meet_ID1_ID3,360) 0
HoldsAt(Meet_ID1_ID3,361) 0
HoldsAt(Meet_ID1_ID3,362) 0
HoldsAt(Meet_ID1_ID3,363) 0
HoldsAt(Meet_ID1_ID3,364) 0
HoldsAt(Meet_ID1_ID3,365) 0
HoldsAt(Meet_ID1_ID3,366) 0
HoldsAt(Meet_ID1_ID3,367) 0
HoldsAt(Meet_ID1_ID3,368) 0
HoldsAt(Meet_ID1_ID3,369) 0
HoldsAt(Meet_ID1_ID3,370) 0
HoldsAt(Meet_ID1_ID3,371) 0
HoldsAt(Meet_ID1_ID3,372) 0
HoldsAt(Meet_ID1_ID3,373) 0
HoldsAt(Meet_ID1_ID3,374) 0
HoldsAt(Meet_ID1_ID3,375) 0
HoldsAt(Meet_ID1_ID3,376) 0
HoldsAt(Meet_ID1_ID3,377) 0
HoldsAt(Meet_ID1_ID3,378) 0
HoldsAt(Meet_ID1_ID3,379) 0
HoldsAt(Meet_ID1_ID3,380) 0
HoldsAt(Meet_ID1_ID3,381) 0
HoldsAt(Meet_ID1_ID3,382) 0
HoldsAt(Meet_ID1_ID3,383) 0
HoldsAt(Meet_ID1_ID3,384) 0
HoldsAt(Meet_ID1_ID3,385) 0
HoldsAt(Meet_ID1_ID3,386) 0
HoldsAt(Meet_ID1_ID3,387) 0
HoldsAt(Meet_ID1_ID3,388) 0
HoldsAt(Meet_ID1_ID3,389) 0
HoldsAt(Meet_ID1_ID3,390) 0
HoldsAt(Meet_ID1_ID3,391) 0
HoldsAt(Meet_ID1_ID3,392) 0
HoldsAt(Meet_ID1_ID3,393) 0
HoldsAt(Meet_ID1_ID3,394) 0
HoldsAt(Meet_ID1_ID3,395) 0
HoldsAt(Meet_ID1_ID3,396) 0
HoldsAt(Meet_ID1_ID3,397) 0
HoldsAt(Meet_ID1_ID3,398) 0
HoldsAt(Meet_ID1_ID3,399) 0
HoldsAt(Meet_ID1_ID3,400) 0
HoldsAt(Meet_ID1_ID3,401) 0
HoldsAt(Meet_ID1_ID3,402) 0
HoldsAt(Meet_ID1_ID3,403) 0
HoldsAt(Meet_ID1_ID3,404) 0
HoldsAt(Meet_ID1_ID3,405) 0
HoldsAt(Meet_ID1_ID3,406) 0
HoldsAt(Meet_ID1_ID3,407) 0
HoldsAt(Meet_ID1_ID3,408) 0
HoldsAt(Meet_ID1_ID3,409) 0
HoldsAt(Meet_ID1_ID3,410) 0
HoldsAt(Meet_ID1_ID3,411) 0
HoldsAt(Meet_ID1_ID3,412) 0
HoldsAt(Meet_ID1_ID3,413) 0
HoldsAt(Meet_ID1_ID3,414) 0
HoldsAt(Meet_ID1_ID3,415) 0
HoldsAt(Meet_ID1_ID3,416) 0
HoldsAt(Meet_ID1_ID3,417) 0
HoldsAt(Meet_ID1_ID3,418) 0
HoldsAt(Meet_ID1_ID3,419) 0
HoldsAt(Meet_ID1_ID3,420) 0
HoldsAt(Meet_ID1_ID3,421) 0
HoldsAt(Meet_ID1_ID3,422) 0
HoldsAt(Meet_ID1_ID3,423) 0
HoldsAt(Meet_ID1_ID3,424) 0
HoldsAt(Meet_ID1_ID3,425) 0
HoldsAt(Meet_ID1_ID3,426) 0
HoldsAt(Meet_ID1_ID3,427) 0
HoldsAt(Meet_ID1_ID3,428) 0
HoldsAt(Meet_ID1_ID3,429) 0
HoldsAt(Meet_ID1_ID3,430) 0
HoldsAt(Meet_ID1_ID3,431) 0
HoldsAt(Meet_ID1_ID3,432) 0
HoldsAt(Meet_ID1_ID3,433) 0
HoldsAt(Meet_ID1_ID3,434) 0
HoldsAt(Meet_ID1_ID3,435) 0
HoldsAt(Meet_ID1_ID3,436) 0
HoldsAt(Meet_ID1_ID3,437) 0
HoldsAt(Meet_ID1_ID3,438) 0
HoldsAt(Meet_ID1_ID3,439) 0
HoldsAt(Meet_ID1_ID3,440) 0
HoldsAt(Meet_ID1_ID3,441) 0
HoldsAt(Meet_ID1_ID3,442) 0
HoldsAt(Meet_ID1_ID3,443) 0
HoldsAt(Meet_ID1_ID3,444) 0
HoldsAt(Meet_ID1_ID3,445) 0
HoldsAt(Meet_ID1_ID3,446) 0
HoldsAt(Meet_ID1_ID3,447) 0
HoldsAt(Meet_ID1_ID3,448) 0
HoldsAt(Meet_ID1_ID3,449) 0
HoldsAt(Meet_ID1_ID3,450) 0
HoldsAt(Meet_ID1_ID3,451) 0
HoldsAt(Meet_ID1_ID3,452) 0
HoldsAt(Meet_ID1_ID3,453) 0
HoldsAt(Meet_ID1_ID3,454) 0
HoldsAt(Meet_ID1_ID3,455) 0
HoldsAt(Meet_ID1_ID3,456) 0
HoldsAt(Meet_ID1_ID3,457) 0
HoldsAt(Meet_ID1_ID3,458) 0
HoldsAt(Meet_ID1_ID3,459) 0
HoldsAt(Meet_ID1_ID3,460) 0
HoldsAt(Meet_ID1_ID3,461) 0
HoldsAt(Meet_ID1_ID3,462) 0
HoldsAt(Meet_ID1_ID3,463) 0
HoldsAt(Meet_ID1_ID3,464) 0
HoldsAt(Meet_ID1_ID3,465) 0
HoldsAt(Meet_ID1_ID3,466) 0
HoldsAt(Meet_ID1_ID3,467) 0
HoldsAt(Meet_ID1_ID3,468) 0
HoldsAt(Meet_ID1_ID3,469) 0
HoldsAt(Meet_ID1_ID3,470) 0
HoldsAt(Meet_ID1_ID3,471) 0
HoldsAt(Meet_ID1_ID3,472) 0
HoldsAt(Meet_ID1_ID3,473) 0
HoldsAt(Meet_ID1_ID3,474) 0
HoldsAt(Meet_ID1_ID3,475) 0
HoldsAt(Meet_ID1_ID3,476) 0
HoldsAt(Meet_ID1_ID3,477) 0
HoldsAt(Meet_ID1_ID3,478) 0
HoldsAt(Meet_ID1_ID3,479) 0
HoldsAt(Meet_ID1_ID3,480) 0
HoldsAt(Meet_ID1_ID3,481) 0
HoldsAt(Meet_ID1_ID3,482) 0
HoldsAt(Meet_ID1_ID3,483) 0
HoldsAt(Meet_ID1_ID3,484) 0
HoldsAt(Meet_ID1_ID3,485) 0
HoldsAt(Meet_ID1_ID3,486) 0
HoldsAt(Meet_ID1_ID3,487) 0
HoldsAt(Meet_ID1_ID3,488) 0
HoldsAt(Meet_ID1_ID3,489) 0
HoldsAt(Meet_ID1_ID3,490) 0
HoldsAt(Meet_ID1_ID3,491) 0
HoldsAt(Meet_ID1_ID3,492) 0
HoldsAt(Meet_ID1_ID3,493) 0
HoldsAt(Meet_ID1_ID3,494) 0
HoldsAt(Meet_ID1_ID3,495) 0
HoldsAt(Meet_ID1_ID3,496) 0
HoldsAt(Meet_ID1_ID3,497) 0
HoldsAt(Meet_ID1_ID3,498) 0
HoldsAt(Meet_ID1_ID3,499) 0
HoldsAt(Meet_ID1_ID3,500) 0
HoldsAt(Meet_ID1_ID3,501) 0
HoldsAt(Meet_ID1_ID3,502) 0
HoldsAt(Meet_ID1_ID3,503) 0
HoldsAt(Meet_ID1_ID3,504) 0
HoldsAt(Meet_ID1_ID3,505) 0
HoldsAt(Meet_ID1_ID3,506) 0
HoldsAt(Meet_ID1_ID3,507) 0
HoldsAt(Meet_ID1_ID3,508) 0
HoldsAt(Meet_ID1_ID3,509) 0
HoldsAt(Meet_ID1_ID3,510) 0
HoldsAt(Meet_ID1_ID3,511) 0
HoldsAt(Meet_ID1_ID3,512) 0
HoldsAt(Meet_ID1_ID3,513) 0
HoldsAt(Meet_ID1_ID3,514) 0
HoldsAt(Meet_ID1_ID3,515) 0
HoldsAt(Meet_ID1_ID3,516) 0
HoldsAt(Meet_ID1_ID3,517) 0
HoldsAt(Meet_ID1_ID3,518) 0
HoldsAt(Meet_ID1_ID3,519) 0
HoldsAt(Meet_ID1_ID3,520) 0
HoldsAt(Meet_ID1_ID3,521) 0
HoldsAt(Meet_ID1_ID3,522) 0
HoldsAt(Meet_ID1_ID3,523) 0
HoldsAt(Meet_ID1_ID3,524) 0
HoldsAt(Meet_ID1_ID3,525) 0
HoldsAt(Meet_ID1_ID3,526) 0
HoldsAt(Meet_ID1_ID3,527) 0
HoldsAt(Meet_ID1_ID3,528) 0
HoldsAt(Meet_ID1_ID3,529) 0
HoldsAt(Meet_ID1_ID3,530) 0
HoldsAt(Meet_ID1_ID3,531) 0
HoldsAt(Meet_ID1_ID3,532) 0
HoldsAt(Meet_ID1_ID3,533) 0
HoldsAt(Meet_ID1_ID3,534) 0
HoldsAt(Meet_ID1_ID3,535) 0
HoldsAt(Meet_ID1_ID3,536) 0
HoldsAt(Meet_ID1_ID3,537) 0
HoldsAt(Meet_ID1_ID3,538) 0
HoldsAt(Meet_ID1_ID3,539) 0
HoldsAt(Meet_ID1_ID3,540) 0
HoldsAt(Meet_ID1_ID3,541) 0
HoldsAt(Meet_ID1_ID3,542) 0
HoldsAt(Meet_ID1_ID3,543) 0
HoldsAt(Meet_ID1_ID3,544) 0
HoldsAt(Meet_ID1_ID3,545) 0
HoldsAt(Meet_ID1_ID3,546) 0
HoldsAt(Meet_ID1_ID3,547) 0
HoldsAt(Meet_ID1_ID3,548) 0
HoldsAt(Meet_ID1_ID3,549) 0
HoldsAt(Meet_ID1_ID3,550) 0
HoldsAt(Meet_ID1_ID3,551) 0
HoldsAt(Meet_ID1_ID3,552) 0
HoldsAt(Meet_ID1_ID3,553) 0
HoldsAt(Meet_ID1_ID3,554) 0
HoldsAt(Meet_ID1_ID3,555) 0
HoldsAt(Meet_ID1_ID3,556) 0
HoldsAt(Meet_ID1_ID3,557) 0
HoldsAt(Meet_ID1_ID3,558) 0
HoldsAt(Meet_ID1_ID3,559) 0
HoldsAt(Meet_ID1_ID3,560) 0
HoldsAt(Meet_ID1_ID3,561) 0
HoldsAt(Meet_ID1_ID3,562) 0
HoldsAt(Meet_ID1_ID3,563) 0
HoldsAt(Meet_ID1_ID3,564) 0
HoldsAt(Meet_ID1_ID3,565) 0
HoldsAt(Meet_ID1_ID3,566) 0
HoldsAt(Meet_ID1_ID3,567) 0
HoldsAt(Meet_ID1_ID3,568) 0
HoldsAt(Meet_ID1_ID3,569) 0
HoldsAt(Meet_ID1_ID3,570) 0
HoldsAt(Meet_ID1_ID3,571) 0
HoldsAt(Meet_ID1_ID3,572) 0
HoldsAt(Meet_ID1_ID3,573) 0
HoldsAt(Meet_ID1_ID3,574) 0
HoldsAt(Meet_ID1_ID3,575) 0
HoldsAt(Meet_ID1_ID3,576) 0
HoldsAt(Meet_ID1_ID3,577) 0
HoldsAt(Meet_ID1_ID3,578) 0
HoldsAt(Meet_ID1_ID3,579) 0
HoldsAt(Meet_ID1_ID3,580) 0
HoldsAt(Meet_ID1_ID3,581) 0
HoldsAt(Meet_ID1_ID3,582) 0
HoldsAt(Meet_ID1_ID3,583) 0
HoldsAt(Meet_ID1_ID3,584) 0
HoldsAt(Meet_ID1_ID3,585) 0
HoldsAt(Meet_ID1_ID3,586) 0
HoldsAt(Meet_ID1_ID3,587) 0
HoldsAt(Meet_ID1_ID3,588) 0
HoldsAt(Meet_ID1_ID3,589) 0
HoldsAt(Meet_ID1_ID3,590) 0
HoldsAt(Meet_ID1_ID3,591) 0
HoldsAt(Meet_ID1_ID3,592) 0
HoldsAt(Meet_ID1_ID3,593) 0
HoldsAt(Meet_ID1_ID3,594) 0
HoldsAt(Meet_ID1_ID3,595) 0
HoldsAt(Meet_ID1_ID3,596) 0
HoldsAt(Meet_ID1_ID3,597) 0
HoldsAt(Meet_ID1_ID3,598) 0
HoldsAt(Meet_ID1_ID3,599) 0
HoldsAt(Meet_ID1_ID3,600) 0
HoldsAt(Meet_ID1_ID3,601) 0
HoldsAt(Meet_ID1_ID3,602) 0
HoldsAt(Meet_ID1_ID3,603) 0
HoldsAt(Meet_ID1_ID3,604) 0
HoldsAt(Meet_ID1_ID3,605) 0
HoldsAt(Meet_ID1_ID3,606) 0
HoldsAt(Meet_ID1_ID3,607) 0
HoldsAt(Meet_ID1_ID3,608) 0
HoldsAt(Meet_ID1_ID3,609) 0
HoldsAt(Meet_ID1_ID3,610) 0
HoldsAt(Meet_ID1_ID3,611) 0
HoldsAt(Meet_ID1_ID3,612) 0
HoldsAt(Meet_ID1_ID3,613) 0
HoldsAt(Meet_ID1_ID3,614) 0
HoldsAt(Meet_ID1_ID3,615) 0
HoldsAt(Meet_ID1_ID3,616) 0
HoldsAt(Meet_ID1_ID3,617) 0
HoldsAt(Meet_ID1_ID3,618) 0
HoldsAt(Meet_ID1_ID3,619) 0
HoldsAt(Meet_ID1_ID3,620) 0
HoldsAt(Meet_ID1_ID3,621) 0
HoldsAt(Meet_ID1_ID3,622) 0
HoldsAt(Meet_ID3_ID1,0) 0
HoldsAt(Meet_ID3_ID1,1) 0
HoldsAt(Meet_ID3_ID1,2) 0
HoldsAt(Meet_ID3_ID1,3) 0
HoldsAt(Meet_ID3_ID1,4) 0
HoldsAt(Meet_ID3_ID1,5) 0
HoldsAt(Meet_ID3_ID1,6) 0
HoldsAt(Meet_ID3_ID1,7) 0
HoldsAt(Meet_ID3_ID1,8) 0
HoldsAt(Meet_ID3_ID1,9) 0
HoldsAt(Meet_ID3_ID1,10) 0
HoldsAt(Meet_ID3_ID1,11) 0
HoldsAt(Meet_ID3_ID1,12) 0
HoldsAt(Meet_ID3_ID1,13) 0
HoldsAt(Meet_ID3_ID1,14) 0
HoldsAt(Meet_ID3_ID1,15) 0
HoldsAt(Meet_ID3_ID1,16) 0
HoldsAt(Meet_ID3_ID1,17) 0
HoldsAt(Meet_ID3_ID1,18) 0
HoldsAt(Meet_ID3_ID1,19) 0
HoldsAt(Meet_ID3_ID1,20) 0
HoldsAt(Meet_ID3_ID1,21) 0
HoldsAt(Meet_ID3_ID1,22) 0
HoldsAt(Meet_ID3_ID1,23) 0
HoldsAt(Meet_ID3_ID1,24) 0
HoldsAt(Meet_ID3_ID1,25) 0
HoldsAt(Meet_ID3_ID1,26) 0
HoldsAt(Meet_ID3_ID1,27) 0
HoldsAt(Meet_ID3_ID1,28) 0
HoldsAt(Meet_ID3_ID1,29) 0
HoldsAt(Meet_ID3_ID1,30) 0
HoldsAt(Meet_ID3_ID1,31) 0
HoldsAt(Meet_ID3_ID1,32) 0
HoldsAt(Meet_ID3_ID1,33) 0
HoldsAt(Meet_ID3_ID1,34) 0
HoldsAt(Meet_ID3_ID1,35) 0
HoldsAt(Meet_ID3_ID1,36) 0
HoldsAt(Meet_ID3_ID1,37) 0
HoldsAt(Meet_ID3_ID1,38) 0
HoldsAt(Meet_ID3_ID1,39) 0
HoldsAt(Meet_ID3_ID1,40) 0
HoldsAt(Meet_ID3_ID1,41) 0
HoldsAt(Meet_ID3_ID1,42) 0
HoldsAt(Meet_ID3_ID1,43) 0
HoldsAt(Meet_ID3_ID1,44) 0
HoldsAt(Meet_ID3_ID1,45) 0
HoldsAt(Meet_ID3_ID1,46) 0
HoldsAt(Meet_ID3_ID1,47) 0
HoldsAt(Meet_ID3_ID1,48) 0
HoldsAt(Meet_ID3_ID1,49) 0
HoldsAt(Meet_ID3_ID1,50) 0
HoldsAt(Meet_ID3_ID1,51) 0
HoldsAt(Meet_ID3_ID1,52) 0
HoldsAt(Meet_ID3_ID1,53) 0
HoldsAt(Meet_ID3_ID1,54) 0
HoldsAt(Meet_ID3_ID1,55) 0
HoldsAt(Meet_ID3_ID1,56) 0
HoldsAt(Meet_ID3_ID1,57) 0
HoldsAt(Meet_ID3_ID1,58) 0
HoldsAt(Meet_ID3_ID1,59) 0
HoldsAt(Meet_ID3_ID1,60) 0
HoldsAt(Meet_ID3_ID1,61) 0
HoldsAt(Meet_ID3_ID1,62) 0
HoldsAt(Meet_ID3_ID1,63) 0
HoldsAt(Meet_ID3_ID1,64) 0
HoldsAt(Meet_ID3_ID1,65) 0
HoldsAt(Meet_ID3_ID1,66) 0
HoldsAt(Meet_ID3_ID1,67) 0
HoldsAt(Meet_ID3_ID1,68) 0
HoldsAt(Meet_ID3_ID1,69) 0
HoldsAt(Meet_ID3_ID1,70) 0
HoldsAt(Meet_ID3_ID1,71) 0
HoldsAt(Meet_ID3_ID1,72) 0
HoldsAt(Meet_ID3_ID1,73) 0
HoldsAt(Meet_ID3_ID1,74) 0
HoldsAt(Meet_ID3_ID1,75) 0
HoldsAt(Meet_ID3_ID1,76) 0
HoldsAt(Meet_ID3_ID1,77) 0
HoldsAt(Meet_ID3_ID1,78) 0
HoldsAt(Meet_ID3_ID1,79) 0
HoldsAt(Meet_ID3_ID1,80) 0
HoldsAt(Meet_ID3_ID1,81) 0
HoldsAt(Meet_ID3_ID1,82) 0
HoldsAt(Meet_ID3_ID1,83) 0
HoldsAt(Meet_ID3_ID1,84) 0
HoldsAt(Meet_ID3_ID1,85) 0
HoldsAt(Meet_ID3_ID1,86) 0
HoldsAt(Meet_ID3_ID1,87) 0
HoldsAt(Meet_ID3_ID1,88) 0
HoldsAt(Meet_ID3_ID1,89) 0
HoldsAt(Meet_ID3_ID1,90) 0
HoldsAt(Meet_ID3_ID1,91) 0
HoldsAt(Meet_ID3_ID1,92) 0
HoldsAt(Meet_ID3_ID1,93) 0
HoldsAt(Meet_ID3_ID1,94) 0
HoldsAt(Meet_ID3_ID1,95) 0
HoldsAt(Meet_ID3_ID1,96) 0
HoldsAt(Meet_ID3_ID1,97) 0
HoldsAt(Meet_ID3_ID1,98) 0
HoldsAt(Meet_ID3_ID1,99) 0
HoldsAt(Meet_ID3_ID1,100) 0
HoldsAt(Meet_ID3_ID1,101) 0
HoldsAt(Meet_ID3_ID1,102) 0
HoldsAt(Meet_ID3_ID1,103) 0
HoldsAt(Meet_ID3_ID1,104) 0
HoldsAt(Meet_ID3_ID1,105) 0
HoldsAt(Meet_ID3_ID1,106) 0
HoldsAt(Meet_ID3_ID1,107) 0
HoldsAt(Meet_ID3_ID1,108) 0
HoldsAt(Meet_ID3_ID1,109) 0
HoldsAt(Meet_ID3_ID1,110) 0
HoldsAt(Meet_ID3_ID1,111) 0
HoldsAt(Meet_ID3_ID1,112) 0
HoldsAt(Meet_ID3_ID1,113) 0
HoldsAt(Meet_ID3_ID1,114) 0
HoldsAt(Meet_ID3_ID1,115) 0
HoldsAt(Meet_ID3_ID1,116) 0
HoldsAt(Meet_ID3_ID1,117) 0
HoldsAt(Meet_ID3_ID1,118) 0
HoldsAt(Meet_ID3_ID1,119) 0
HoldsAt(Meet_ID3_ID1,120) 0
HoldsAt(Meet_ID3_ID1,121) 0
HoldsAt(Meet_ID3_ID1,122) 0
HoldsAt(Meet_ID3_ID1,123) 0
HoldsAt(Meet_ID3_ID1,124) 0
HoldsAt(Meet_ID3_ID1,125) 0
HoldsAt(Meet_ID3_ID1,126) 0
HoldsAt(Meet_ID3_ID1,127) 0
HoldsAt(Meet_ID3_ID1,128) 0
HoldsAt(Meet_ID3_ID1,129) 0
HoldsAt(Meet_ID3_ID1,130) 0
HoldsAt(Meet_ID3_ID1,131) 0
HoldsAt(Meet_ID3_ID1,132) 0
HoldsAt(Meet_ID3_ID1,133) 0
HoldsAt(Meet_ID3_ID1,134) 0
HoldsAt(Meet_ID3_ID1,135) 0
HoldsAt(Meet_ID3_ID1,136) 0
HoldsAt(Meet_ID3_ID1,137) 0
HoldsAt(Meet_ID3_ID1,138) 0
HoldsAt(Meet_ID3_ID1,139) 0
HoldsAt(Meet_ID3_ID1,140) 0
HoldsAt(Meet_ID3_ID1,141) 0
HoldsAt(Meet_ID3_ID1,142) 0
HoldsAt(Meet_ID3_ID1,143) 0
HoldsAt(Meet_ID3_ID1,144) 0
HoldsAt(Meet_ID3_ID1,145) 0
HoldsAt(Meet_ID3_ID1,146) 0
HoldsAt(Meet_ID3_ID1,147) 0
HoldsAt(Meet_ID3_ID1,148) 0
HoldsAt(Meet_ID3_ID1,149) 0
HoldsAt(Meet_ID3_ID1,150) 0
HoldsAt(Meet_ID3_ID1,151) 0
HoldsAt(Meet_ID3_ID1,152) 0
HoldsAt(Meet_ID3_ID1,153) 0
HoldsAt(Meet_ID3_ID1,154) 0
HoldsAt(Meet_ID3_ID1,155) 0
HoldsAt(Meet_ID3_ID1,156) 0
HoldsAt(Meet_ID3_ID1,157) 0
HoldsAt(Meet_ID3_ID1,158) 0
HoldsAt(Meet_ID3_ID1,159) 0
HoldsAt(Meet_ID3_ID1,160) 0
HoldsAt(Meet_ID3_ID1,161) 0
HoldsAt(Meet_ID3_ID1,162) 0
HoldsAt(Meet_ID3_ID1,163) 0
HoldsAt(Meet_ID3_ID1,164) 0
HoldsAt(Meet_ID3_ID1,165) 0
HoldsAt(Meet_ID3_ID1,166) 0
HoldsAt(Meet_ID3_ID1,167) 0
HoldsAt(Meet_ID3_ID1,168) 0
HoldsAt(Meet_ID3_ID1,169) 0
HoldsAt(Meet_ID3_ID1,170) 0
HoldsAt(Meet_ID3_ID1,171) 0
HoldsAt(Meet_ID3_ID1,172) 0
HoldsAt(Meet_ID3_ID1,173) 0
HoldsAt(Meet_ID3_ID1,174) 0
HoldsAt(Meet_ID3_ID1,175) 0
HoldsAt(Meet_ID3_ID1,176) 0
HoldsAt(Meet_ID3_ID1,177) 0
HoldsAt(Meet_ID3_ID1,178) 0
HoldsAt(Meet_ID3_ID1,179) 0
HoldsAt(Meet_ID3_ID1,180) 0
HoldsAt(Meet_ID3_ID1,181) 0
HoldsAt(Meet_ID3_ID1,182) 0
HoldsAt(Meet_ID3_ID1,183) 0
HoldsAt(Meet_ID3_ID1,184) 0
HoldsAt(Meet_ID3_ID1,185) 0
HoldsAt(Meet_ID3_ID1,186) 0
HoldsAt(Meet_ID3_ID1,187) 0
HoldsAt(Meet_ID3_ID1,188) 0
HoldsAt(Meet_ID3_ID1,189) 0
HoldsAt(Meet_ID3_ID1,190) 0
HoldsAt(Meet_ID3_ID1,191) 0
HoldsAt(Meet_ID3_ID1,192) 0
HoldsAt(Meet_ID3_ID1,193) 0
HoldsAt(Meet_ID3_ID1,194) 0
HoldsAt(Meet_ID3_ID1,195) 0
HoldsAt(Meet_ID3_ID1,196) 0
HoldsAt(Meet_ID3_ID1,197) 0
HoldsAt(Meet_ID3_ID1,198) 0
HoldsAt(Meet_ID3_ID1,199) 0
HoldsAt(Meet_ID3_ID1,200) 0
HoldsAt(Meet_ID3_ID1,201) 0
HoldsAt(Meet_ID3_ID1,202) 0
HoldsAt(Meet_ID3_ID1,203) 0
HoldsAt(Meet_ID3_ID1,204) 0
HoldsAt(Meet_ID3_ID1,205) 0
HoldsAt(Meet_ID3_ID1,206) 0
HoldsAt(Meet_ID3_ID1,207) 0
HoldsAt(Meet_ID3_ID1,208) 0
HoldsAt(Meet_ID3_ID1,209) 0
HoldsAt(Meet_ID3_ID1,210) 0
HoldsAt(Meet_ID3_ID1,211) 0
HoldsAt(Meet_ID3_ID1,212) 0
HoldsAt(Meet_ID3_ID1,213) 0
HoldsAt(Meet_ID3_ID1,214) 0
HoldsAt(Meet_ID3_ID1,215) 0
HoldsAt(Meet_ID3_ID1,216) 0
HoldsAt(Meet_ID3_ID1,217) 0
HoldsAt(Meet_ID3_ID1,218) 0
HoldsAt(Meet_ID3_ID1,219) 0
HoldsAt(Meet_ID3_ID1,220) 0
HoldsAt(Meet_ID3_ID1,221) 0
HoldsAt(Meet_ID3_ID1,222) 0
HoldsAt(Meet_ID3_ID1,223) 0
HoldsAt(Meet_ID3_ID1,224) 0
HoldsAt(Meet_ID3_ID1,225) 0
HoldsAt(Meet_ID3_ID1,226) 0
HoldsAt(Meet_ID3_ID1,227) 0
HoldsAt(Meet_ID3_ID1,228) 0
HoldsAt(Meet_ID3_ID1,229) 0
HoldsAt(Meet_ID3_ID1,230) 0
HoldsAt(Meet_ID3_ID1,231) 0
HoldsAt(Meet_ID3_ID1,232) 0
HoldsAt(Meet_ID3_ID1,233) 0
HoldsAt(Meet_ID3_ID1,234) 0
HoldsAt(Meet_ID3_ID1,235) 0
HoldsAt(Meet_ID3_ID1,236) 0
HoldsAt(Meet_ID3_ID1,237) 0
HoldsAt(Meet_ID3_ID1,238) 0
HoldsAt(Meet_ID3_ID1,239) 0
HoldsAt(Meet_ID3_ID1,240) 0
HoldsAt(Meet_ID3_ID1,241) 0
HoldsAt(Meet_ID3_ID1,242) 0
HoldsAt(Meet_ID3_ID1,243) 0
HoldsAt(Meet_ID3_ID1,244) 0
HoldsAt(Meet_ID3_ID1,245) 0
HoldsAt(Meet_ID3_ID1,246) 0
HoldsAt(Meet_ID3_ID1,247) 0
HoldsAt(Meet_ID3_ID1,248) 0
HoldsAt(Meet_ID3_ID1,249) 0
HoldsAt(Meet_ID3_ID1,250) 0
HoldsAt(Meet_ID3_ID1,251) 0
HoldsAt(Meet_ID3_ID1,252) 0
HoldsAt(Meet_ID3_ID1,253) 0
HoldsAt(Meet_ID3_ID1,254) 0
HoldsAt(Meet_ID3_ID1,255) 0
HoldsAt(Meet_ID3_ID1,256) 0
HoldsAt(Meet_ID3_ID1,257) 0
HoldsAt(Meet_ID3_ID1,258) 0
HoldsAt(Meet_ID3_ID1,259) 0
HoldsAt(Meet_ID3_ID1,260) 0
HoldsAt(Meet_ID3_ID1,261) 0
HoldsAt(Meet_ID3_ID1,262) 0
HoldsAt(Meet_ID3_ID1,263) 0
HoldsAt(Meet_ID3_ID1,264) 0
HoldsAt(Meet_ID3_ID1,265) 0
HoldsAt(Meet_ID3_ID1,266) 0
HoldsAt(Meet_ID3_ID1,267) 0
HoldsAt(Meet_ID3_ID1,268) 0
HoldsAt(Meet_ID3_ID1,269) 0
HoldsAt(Meet_ID3_ID1,270) 0
HoldsAt(Meet_ID3_ID1,271) 0
HoldsAt(Meet_ID3_ID1,272) 0
HoldsAt(Meet_ID3_ID1,273) 0
HoldsAt(Meet_ID3_ID1,274) 0
HoldsAt(Meet_ID3_ID1,275) 0
HoldsAt(Meet_ID3_ID1,276) 0
HoldsAt(Meet_ID3_ID1,277) 0
HoldsAt(Meet_ID3_ID1,278) 0
HoldsAt(Meet_ID3_ID1,279) 0
HoldsAt(Meet_ID3_ID1,280) 0
HoldsAt(Meet_ID3_ID1,281) 0
HoldsAt(Meet_ID3_ID1,282) 0
HoldsAt(Meet_ID3_ID1,283) 0
HoldsAt(Meet_ID3_ID1,284) 0
HoldsAt(Meet_ID3_ID1,285) 0
HoldsAt(Meet_ID3_ID1,286) 0
HoldsAt(Meet_ID3_ID1,287) 0
HoldsAt(Meet_ID3_ID1,288) 0
HoldsAt(Meet_ID3_ID1,289) 0
HoldsAt(Meet_ID3_ID1,290) 0
HoldsAt(Meet_ID3_ID1,291) 0
HoldsAt(Meet_ID3_ID1,292) 0
HoldsAt(Meet_ID3_ID1,293) 0
HoldsAt(Meet_ID3_ID1,294) 0
HoldsAt(Meet_ID3_ID1,295) 0
HoldsAt(Meet_ID3_ID1,296) 0
HoldsAt(Meet_ID3_ID1,297) 0
HoldsAt(Meet_ID3_ID1,298) 0
HoldsAt(Meet_ID3_ID1,299) 0
HoldsAt(Meet_ID3_ID1,300) 0
HoldsAt(Meet_ID3_ID1,301) 0
HoldsAt(Meet_ID3_ID1,302) 0
HoldsAt(Meet_ID3_ID1,303) 0
HoldsAt(Meet_ID3_ID1,304) 0
HoldsAt(Meet_ID3_ID1,305) 0
HoldsAt(Meet_ID3_ID1,306) 0
HoldsAt(Meet_ID3_ID1,307) 0
HoldsAt(Meet_ID3_ID1,308) 0
HoldsAt(Meet_ID3_ID1,309) 0
HoldsAt(Meet_ID3_ID1,310) 0
HoldsAt(Meet_ID3_ID1,311) 0
HoldsAt(Meet_ID3_ID1,312) 0
HoldsAt(Meet_ID3_ID1,313) 0
HoldsAt(Meet_ID3_ID1,314) 0
HoldsAt(Meet_ID3_ID1,315) 0
HoldsAt(Meet_ID3_ID1,316) 0
HoldsAt(Meet_ID3_ID1,317) 0
HoldsAt(Meet_ID3_ID1,318) 0
HoldsAt(Meet_ID3_ID1,319) 0
HoldsAt(Meet_ID3_ID1,320) 0
HoldsAt(Meet_ID3_ID1,321) 0
HoldsAt(Meet_ID3_ID1,322) 0
HoldsAt(Meet_ID3_ID1,323) 0
HoldsAt(Meet_ID3_ID1,324) 0
HoldsAt(Meet_ID3_ID1,325) 0
HoldsAt(Meet_ID3_ID1,326) 0
HoldsAt(Meet_ID3_ID1,327) 0
HoldsAt(Meet_ID3_ID1,328) 0
HoldsAt(Meet_ID3_ID1,329) 0
HoldsAt(Meet_ID3_ID1,330) 0
HoldsAt(Meet_ID3_ID1,331) 0
HoldsAt(Meet_ID3_ID1,332) 0
HoldsAt(Meet_ID3_ID1,333) 0
HoldsAt(Meet_ID3_ID1,334) 0
HoldsAt(Meet_ID3_ID1,335) 0
HoldsAt(Meet_ID3_ID1,336) 0
HoldsAt(Meet_ID3_ID1,337) 0
HoldsAt(Meet_ID3_ID1,338) 0
HoldsAt(Meet_ID3_ID1,339) 0
HoldsAt(Meet_ID3_ID1,340) 0
HoldsAt(Meet_ID3_ID1,341) 0
HoldsAt(Meet_ID3_ID1,342) 0
HoldsAt(Meet_ID3_ID1,343) 0
HoldsAt(Meet_ID3_ID1,344) 0
HoldsAt(Meet_ID3_ID1,345) 0
HoldsAt(Meet_ID3_ID1,346) 0
HoldsAt(Meet_ID3_ID1,347) 0
HoldsAt(Meet_ID3_ID1,348) 0
HoldsAt(Meet_ID3_ID1,349) 0
HoldsAt(Meet_ID3_ID1,350) 0
HoldsAt(Meet_ID3_ID1,351) 0
HoldsAt(Meet_ID3_ID1,352) 0
HoldsAt(Meet_ID3_ID1,353) 0
HoldsAt(Meet_ID3_ID1,354) 0
HoldsAt(Meet_ID3_ID1,355) 0
HoldsAt(Meet_ID3_ID1,356) 0
HoldsAt(Meet_ID3_ID1,357) 0
HoldsAt(Meet_ID3_ID1,358) 0
HoldsAt(Meet_ID3_ID1,359) 0
HoldsAt(Meet_ID3_ID1,360) 0
HoldsAt(Meet_ID3_ID1,361) 0
HoldsAt(Meet_ID3_ID1,362) 0
HoldsAt(Meet_ID3_ID1,363) 0
HoldsAt(Meet_ID3_ID1,364) 0
HoldsAt(Meet_ID3_ID1,365) 0
HoldsAt(Meet_ID3_ID1,366) 0
HoldsAt(Meet_ID3_ID1,367) 0
HoldsAt(Meet_ID3_ID1,368) 0
HoldsAt(Meet_ID3_ID1,369) 0
HoldsAt(Meet_ID3_ID1,370) 0
HoldsAt(Meet_ID3_ID1,371) 0
HoldsAt(Meet_ID3_ID1,372) 0
HoldsAt(Meet_ID3_ID1,373) 0
HoldsAt(Meet_ID3_ID1,374) 0
HoldsAt(Meet_ID3_ID1,375) 0
HoldsAt(Meet_ID3_ID1,376) 0
HoldsAt(Meet_ID3_ID1,377) 0
HoldsAt(Meet_ID3_ID1,378) 0
HoldsAt(Meet_ID3_ID1,379) 0
HoldsAt(Meet_ID3_ID1,380) 0
HoldsAt(Meet_ID3_ID1,381) 0
HoldsAt(Meet_ID3_ID1,382) 0
HoldsAt(Meet_ID3_ID1,383) 0
HoldsAt(Meet_ID3_ID1,384) 0
HoldsAt(Meet_ID3_ID1,385) 0
HoldsAt(Meet_ID3_ID1,386) 0
HoldsAt(Meet_ID3_ID1,387) 0
HoldsAt(Meet_ID3_ID1,388) 0
HoldsAt(Meet_ID3_ID1,389) 0
HoldsAt(Meet_ID3_ID1,390) 0
HoldsAt(Meet_ID3_ID1,391) 0
HoldsAt(Meet_ID3_ID1,392) 0
HoldsAt(Meet_ID3_ID1,393) 0
HoldsAt(Meet_ID3_ID1,394) 0
HoldsAt(Meet_ID3_ID1,395) 0
HoldsAt(Meet_ID3_ID1,396) 0
HoldsAt(Meet_ID3_ID1,397) 0
HoldsAt(Meet_ID3_ID1,398) 0
HoldsAt(Meet_ID3_ID1,399) 0
HoldsAt(Meet_ID3_ID1,400) 0
HoldsAt(Meet_ID3_ID1,401) 0
HoldsAt(Meet_ID3_ID1,402) 0
HoldsAt(Meet_ID3_ID1,403) 0
HoldsAt(Meet_ID3_ID1,404) 0
HoldsAt(Meet_ID3_ID1,405) 0
HoldsAt(Meet_ID3_ID1,406) 0
HoldsAt(Meet_ID3_ID1,407) 0
HoldsAt(Meet_ID3_ID1,408) 0
HoldsAt(Meet_ID3_ID1,409) 0
HoldsAt(Meet_ID3_ID1,410) 0
HoldsAt(Meet_ID3_ID1,411) 0
HoldsAt(Meet_ID3_ID1,412) 0
HoldsAt(Meet_ID3_ID1,413) 0
HoldsAt(Meet_ID3_ID1,414) 0
HoldsAt(Meet_ID3_ID1,415) 0
HoldsAt(Meet_ID3_ID1,416) 0
HoldsAt(Meet_ID3_ID1,417) 0
HoldsAt(Meet_ID3_ID1,418) 0
HoldsAt(Meet_ID3_ID1,419) 0
HoldsAt(Meet_ID3_ID1,420) 0
HoldsAt(Meet_ID3_ID1,421) 0
HoldsAt(Meet_ID3_ID1,422) 0
HoldsAt(Meet_ID3_ID1,423) 0
HoldsAt(Meet_ID3_ID1,424) 0
HoldsAt(Meet_ID3_ID1,425) 0
HoldsAt(Meet_ID3_ID1,426) 0
HoldsAt(Meet_ID3_ID1,427) 0
HoldsAt(Meet_ID3_ID1,428) 0
HoldsAt(Meet_ID3_ID1,429) 0
HoldsAt(Meet_ID3_ID1,430) 0
HoldsAt(Meet_ID3_ID1,431) 0
HoldsAt(Meet_ID3_ID1,432) 0
HoldsAt(Meet_ID3_ID1,433) 0
HoldsAt(Meet_ID3_ID1,434) 0
HoldsAt(Meet_ID3_ID1,435) 0
HoldsAt(Meet_ID3_ID1,436) 0
HoldsAt(Meet_ID3_ID1,437) 0
HoldsAt(Meet_ID3_ID1,438) 0
HoldsAt(Meet_ID3_ID1,439) 0
HoldsAt(Meet_ID3_ID1,440) 0
HoldsAt(Meet_ID3_ID1,441) 0
HoldsAt(Meet_ID3_ID1,442) 0
HoldsAt(Meet_ID3_ID1,443) 0
HoldsAt(Meet_ID3_ID1,444) 0
HoldsAt(Meet_ID3_ID1,445) 0
HoldsAt(Meet_ID3_ID1,446) 0
HoldsAt(Meet_ID3_ID1,447) 0
HoldsAt(Meet_ID3_ID1,448) 0
HoldsAt(Meet_ID3_ID1,449) 0
HoldsAt(Meet_ID3_ID1,450) 0
HoldsAt(Meet_ID3_ID1,451) 0
HoldsAt(Meet_ID3_ID1,452) 0
HoldsAt(Meet_ID3_ID1,453) 0
HoldsAt(Meet_ID3_ID1,454) 0
HoldsAt(Meet_ID3_ID1,455) 0
HoldsAt(Meet_ID3_ID1,456) 0
HoldsAt(Meet_ID3_ID1,457) 0
HoldsAt(Meet_ID3_ID1,458) 0
HoldsAt(Meet_ID3_ID1,459) 0
HoldsAt(Meet_ID3_ID1,460) 0
HoldsAt(Meet_ID3_ID1,461) 0
HoldsAt(Meet_ID3_ID1,462) 0
HoldsAt(Meet_ID3_ID1,463) 0
HoldsAt(Meet_ID3_ID1,464) 0
HoldsAt(Meet_ID3_ID1,465) 0
HoldsAt(Meet_ID3_ID1,466) 0
HoldsAt(Meet_ID3_ID1,467) 0
HoldsAt(Meet_ID3_ID1,468) 0
HoldsAt(Meet_ID3_ID1,469) 0
HoldsAt(Meet_ID3_ID1,470) 0
HoldsAt(Meet_ID3_ID1,471) 0
HoldsAt(Meet_ID3_ID1,472) 0
HoldsAt(Meet_ID3_ID1,473) 0
HoldsAt(Meet_ID3_ID1,474) 0
HoldsAt(Meet_ID3_ID1,475) 0
HoldsAt(Meet_ID3_ID1,476) 0
HoldsAt(Meet_ID3_ID1,477) 0
HoldsAt(Meet_ID3_ID1,478) 0
HoldsAt(Meet_ID3_ID1,479) 0
HoldsAt(Meet_ID3_ID1,480) 0
HoldsAt(Meet_ID3_ID1,481) 0
HoldsAt(Meet_ID3_ID1,482) 0
HoldsAt(Meet_ID3_ID1,483) 0
HoldsAt(Meet_ID3_ID1,484) 0
HoldsAt(Meet_ID3_ID1,485) 0
HoldsAt(Meet_ID3_ID1,486) 0
HoldsAt(Meet_ID3_ID1,487) 0
HoldsAt(Meet_ID3_ID1,488) 0
HoldsAt(Meet_ID3_ID1,489) 0
HoldsAt(Meet_ID3_ID1,490) 0
HoldsAt(Meet_ID3_ID1,491) 0
HoldsAt(Meet_ID3_ID1,492) 0
HoldsAt(Meet_ID3_ID1,493) 0
HoldsAt(Meet_ID3_ID1,494) 0
HoldsAt(Meet_ID3_ID1,495) 0
HoldsAt(Meet_ID3_ID1,496) 0
HoldsAt(Meet_ID3_ID1,497) 0
HoldsAt(Meet_ID3_ID1,498) 0
HoldsAt(Meet_ID3_ID1,499) 0
HoldsAt(Meet_ID3_ID1,500) 0
HoldsAt(Meet_ID3_ID1,501) 0
HoldsAt(Meet_ID3_ID1,502) 0
HoldsAt(Meet_ID3_ID1,503) 0
HoldsAt(Meet_ID3_ID1,504) 0
HoldsAt(Meet_ID3_ID1,505) 0
HoldsAt(Meet_ID3_ID1,506) 0
HoldsAt(Meet_ID3_ID1,507) 0
HoldsAt(Meet_ID3_ID1,508) 0
HoldsAt(Meet_ID3_ID1,509) 0
HoldsAt(Meet_ID3_ID1,510) 0
HoldsAt(Meet_ID3_ID1,511) 0
HoldsAt(Meet_ID3_ID1,512) 0
HoldsAt(Meet_ID3_ID1,513) 0
HoldsAt(Meet_ID3_ID1,514) 0
HoldsAt(Meet_ID3_ID1,515) 0
HoldsAt(Meet_ID3_ID1,516) 0
HoldsAt(Meet_ID3_ID1,517) 0
HoldsAt(Meet_ID3_ID1,518) 0
HoldsAt(Meet_ID3_ID1,519) 0
HoldsAt(Meet_ID3_ID1,520) 0
HoldsAt(Meet_ID3_ID1,521) 0
HoldsAt(Meet_ID3_ID1,522) 0
HoldsAt(Meet_ID3_ID1,523) 0
HoldsAt(Meet_ID3_ID1,524) 0
HoldsAt(Meet_ID3_ID1,525) 0
HoldsAt(Meet_ID3_ID1,526) 0
HoldsAt(Meet_ID3_ID1,527) 0
HoldsAt(Meet_ID3_ID1,528) 0
HoldsAt(Meet_ID3_ID1,529) 0
HoldsAt(Meet_ID3_ID1,530) 0
HoldsAt(Meet_ID3_ID1,531) 0
HoldsAt(Meet_ID3_ID1,532) 0
HoldsAt(Meet_ID3_ID1,533) 0
HoldsAt(Meet_ID3_ID1,534) 0
HoldsAt(Meet_ID3_ID1,535) 0
HoldsAt(Meet_ID3_ID1,536) 0
HoldsAt(Meet_ID3_ID1,537) 0
HoldsAt(Meet_ID3_ID1,538) 0
HoldsAt(Meet_ID3_ID1,539) 0
HoldsAt(Meet_ID3_ID1,540) 0
HoldsAt(Meet_ID3_ID1,541) 0
HoldsAt(Meet_ID3_ID1,542) 0
HoldsAt(Meet_ID3_ID1,543) 0
HoldsAt(Meet_ID3_ID1,544) 0
HoldsAt(Meet_ID3_ID1,545) 0
HoldsAt(Meet_ID3_ID1,546) 0
HoldsAt(Meet_ID3_ID1,547) 0
HoldsAt(Meet_ID3_ID1,548) 0
HoldsAt(Meet_ID3_ID1,549) 0
HoldsAt(Meet_ID3_ID1,550) 0
HoldsAt(Meet_ID3_ID1,551) 0
HoldsAt(Meet_ID3_ID1,552) 0
HoldsAt(Meet_ID3_ID1,553) 0
HoldsAt(Meet_ID3_ID1,554) 0
HoldsAt(Meet_ID3_ID1,555) 0
HoldsAt(Meet_ID3_ID1,556) 0
HoldsAt(Meet_ID3_ID1,557) 0
HoldsAt(Meet_ID3_ID1,558) 0
HoldsAt(Meet_ID3_ID1,559) 0
HoldsAt(Meet_ID3_ID1,560) 0
HoldsAt(Meet_ID3_ID1,561) 0
HoldsAt(Meet_ID3_ID1,562) 0
HoldsAt(Meet_ID3_ID1,563) 0
HoldsAt(Meet_ID3_ID1,564) 0
HoldsAt(Meet_ID3_ID1,565) 0
HoldsAt(Meet_ID3_ID1,566) 0
HoldsAt(Meet_ID3_ID1,567) 0
HoldsAt(Meet_ID3_ID1,568) 0
HoldsAt(Meet_ID3_ID1,569) 0
HoldsAt(Meet_ID3_ID1,570) 0
HoldsAt(Meet_ID3_ID1,571) 0
HoldsAt(Meet_ID3_ID1,572) 0
HoldsAt(Meet_ID3_ID1,573) 0
HoldsAt(Meet_ID3_ID1,574) 0
HoldsAt(Meet_ID3_ID1,575) 0
HoldsAt(Meet_ID3_ID1,576) 0
HoldsAt(Meet_ID3_ID1,577) 0
HoldsAt(Meet_ID3_ID1,578) 0
HoldsAt(Meet_ID3_ID1,579) 0
HoldsAt(Meet_ID3_ID1,580) 0
HoldsAt(Meet_ID3_ID1,581) 0
HoldsAt(Meet_ID3_ID1,582) 0
HoldsAt(Meet_ID3_ID1,583) 0
HoldsAt(Meet_ID3_ID1,584) 0
HoldsAt(Meet_ID3_ID1,585) 0
HoldsAt(Meet_ID3_ID1,586) 0
HoldsAt(Meet_ID3_ID1,587) 0
HoldsAt(Meet_ID3_ID1,588) 0
HoldsAt(Meet_ID3_ID1,589) 0
HoldsAt(Meet_ID3_ID1,590) 0
HoldsAt(Meet_ID3_ID1,591) 0
HoldsAt(Meet_ID3_ID1,592) 0
HoldsAt(Meet_ID3_ID1,593) 0
HoldsAt(Meet_ID3_ID1,594) 0
HoldsAt(Meet_ID3_ID1,595) 0
HoldsAt(Meet_ID3_ID1,596) 0
HoldsAt(Meet_ID3_ID1,597) 0
HoldsAt(Meet_ID3_ID1,598) 0
HoldsAt(Meet_ID3_ID1,599) 0
HoldsAt(Meet_ID3_ID1,600) 0
HoldsAt(Meet_ID3_ID1,601) 0
HoldsAt(Meet_ID3_ID1,602) 0
HoldsAt(Meet_ID3_ID1,603) 0
HoldsAt(Meet_ID3_ID1,604) 0
HoldsAt(Meet_ID3_ID1,605) 0
HoldsAt(Meet_ID3_ID1,606) 0
HoldsAt(Meet_ID3_ID1,607) 0
HoldsAt(Meet_ID3_ID1,608) 0
HoldsAt(Meet_ID3_ID1,609) 0
HoldsAt(Meet_ID3_ID1,610) 0
HoldsAt(Meet_ID3_ID1,611) 0
HoldsAt(Meet_ID3_ID1,612) 0
HoldsAt(Meet_ID3_ID1,613) 0
HoldsAt(Meet_ID3_ID1,614) 0
HoldsAt(Meet_ID3_ID1,615) 0
HoldsAt(Meet_ID3_ID1,616) 0
HoldsAt(Meet_ID3_ID1,617) 0
HoldsAt(Meet_ID3_ID1,618) 0
HoldsAt(Meet_ID3_ID1,619) 0
HoldsAt(Meet_ID3_ID1,620) 0
HoldsAt(Meet_ID3_ID1,621) 0
HoldsAt(Meet_ID3_ID1,622) 0
HoldsAt(Meet_ID3_ID3,0) 0
HoldsAt(Meet_ID3_ID3,1) 0
HoldsAt(Meet_ID3_ID3,2) 0
HoldsAt(Meet_ID3_ID3,3) 0
HoldsAt(Meet_ID3_ID3,4) 0
HoldsAt(Meet_ID3_ID3,5) 0
HoldsAt(Meet_ID3_ID3,6) 0
HoldsAt(Meet_ID3_ID3,7) 0
HoldsAt(Meet_ID3_ID3,8) 0
HoldsAt(Meet_ID3_ID3,9) 0
HoldsAt(Meet_ID3_ID3,10) 0
HoldsAt(Meet_ID3_ID3,11) 0
HoldsAt(Meet_ID3_ID3,12) 0
HoldsAt(Meet_ID3_ID3,13) 0
HoldsAt(Meet_ID3_ID3,14) 0
HoldsAt(Meet_ID3_ID3,15) 0
HoldsAt(Meet_ID3_ID3,16) 0
HoldsAt(Meet_ID3_ID3,17) 0
HoldsAt(Meet_ID3_ID3,18) 0
HoldsAt(Meet_ID3_ID3,19) 0
HoldsAt(Meet_ID3_ID3,20) 0
HoldsAt(Meet_ID3_ID3,21) 0
HoldsAt(Meet_ID3_ID3,22) 0
HoldsAt(Meet_ID3_ID3,23) 0
HoldsAt(Meet_ID3_ID3,24) 0
HoldsAt(Meet_ID3_ID3,25) 0
HoldsAt(Meet_ID3_ID3,26) 0
HoldsAt(Meet_ID3_ID3,27) 0
HoldsAt(Meet_ID3_ID3,28) 0
HoldsAt(Meet_ID3_ID3,29) 0
HoldsAt(Meet_ID3_ID3,30) 0
HoldsAt(Meet_ID3_ID3,31) 0
HoldsAt(Meet_ID3_ID3,32) 0
HoldsAt(Meet_ID3_ID3,33) 0
HoldsAt(Meet_ID3_ID3,34) 0
HoldsAt(Meet_ID3_ID3,35) 0
HoldsAt(Meet_ID3_ID3,36) 0
HoldsAt(Meet_ID3_ID3,37) 0
HoldsAt(Meet_ID3_ID3,38) 0
HoldsAt(Meet_ID3_ID3,39) 0
HoldsAt(Meet_ID3_ID3,40) 0
HoldsAt(Meet_ID3_ID3,41) 0
HoldsAt(Meet_ID3_ID3,42) 0
HoldsAt(Meet_ID3_ID3,43) 0
HoldsAt(Meet_ID3_ID3,44) 0
HoldsAt(Meet_ID3_ID3,45) 0
HoldsAt(Meet_ID3_ID3,46) 0
HoldsAt(Meet_ID3_ID3,47) 0
HoldsAt(Meet_ID3_ID3,48) 0
HoldsAt(Meet_ID3_ID3,49) 0
HoldsAt(Meet_ID3_ID3,50) 0
HoldsAt(Meet_ID3_ID3,51) 0
HoldsAt(Meet_ID3_ID3,52) 0
HoldsAt(Meet_ID3_ID3,53) 0
HoldsAt(Meet_ID3_ID3,54) 0
HoldsAt(Meet_ID3_ID3,55) 0
HoldsAt(Meet_ID3_ID3,56) 0
HoldsAt(Meet_ID3_ID3,57) 0
HoldsAt(Meet_ID3_ID3,58) 0
HoldsAt(Meet_ID3_ID3,59) 0
HoldsAt(Meet_ID3_ID3,60) 0
HoldsAt(Meet_ID3_ID3,61) 0
HoldsAt(Meet_ID3_ID3,62) 0
HoldsAt(Meet_ID3_ID3,63) 0
HoldsAt(Meet_ID3_ID3,64) 0
HoldsAt(Meet_ID3_ID3,65) 0
HoldsAt(Meet_ID3_ID3,66) 0
HoldsAt(Meet_ID3_ID3,67) 0
HoldsAt(Meet_ID3_ID3,68) 0
HoldsAt(Meet_ID3_ID3,69) 0
HoldsAt(Meet_ID3_ID3,70) 0
HoldsAt(Meet_ID3_ID3,71) 0
HoldsAt(Meet_ID3_ID3,72) 0
HoldsAt(Meet_ID3_ID3,73) 0
HoldsAt(Meet_ID3_ID3,74) 0
HoldsAt(Meet_ID3_ID3,75) 0
HoldsAt(Meet_ID3_ID3,76) 0
HoldsAt(Meet_ID3_ID3,77) 0
HoldsAt(Meet_ID3_ID3,78) 0
HoldsAt(Meet_ID3_ID3,79) 0
HoldsAt(Meet_ID3_ID3,80) 0
HoldsAt(Meet_ID3_ID3,81) 0
HoldsAt(Meet_ID3_ID3,82) 0
HoldsAt(Meet_ID3_ID3,83) 0
HoldsAt(Meet_ID3_ID3,84) 0
HoldsAt(Meet_ID3_ID3,85) 0
HoldsAt(Meet_ID3_ID3,86) 0
HoldsAt(Meet_ID3_ID3,87) 0
HoldsAt(Meet_ID3_ID3,88) 0
HoldsAt(Meet_ID3_ID3,89) 0
HoldsAt(Meet_ID3_ID3,90) 0
HoldsAt(Meet_ID3_ID3,91) 0
HoldsAt(Meet_ID3_ID3,92) 0
HoldsAt(Meet_ID3_ID3,93) 0
HoldsAt(Meet_ID3_ID3,94) 0
HoldsAt(Meet_ID3_ID3,95) 0
HoldsAt(Meet_ID3_ID3,96) 0
HoldsAt(Meet_ID3_ID3,97) 0
HoldsAt(Meet_ID3_ID3,98) 0
HoldsAt(Meet_ID3_ID3,99) 0
HoldsAt(Meet_ID3_ID3,100) 0
HoldsAt(Meet_ID3_ID3,101) 0
HoldsAt(Meet_ID3_ID3,102) 0
HoldsAt(Meet_ID3_ID3,103) 0
HoldsAt(Meet_ID3_ID3,104) 0
HoldsAt(Meet_ID3_ID3,105) 0
HoldsAt(Meet_ID3_ID3,106) 0
HoldsAt(Meet_ID3_ID3,107) 0
HoldsAt(Meet_ID3_ID3,108) 0
HoldsAt(Meet_ID3_ID3,109) 0
HoldsAt(Meet_ID3_ID3,110) 0
HoldsAt(Meet_ID3_ID3,111) 0
HoldsAt(Meet_ID3_ID3,112) 0
HoldsAt(Meet_ID3_ID3,113) 0
HoldsAt(Meet_ID3_ID3,114) 0
HoldsAt(Meet_ID3_ID3,115) 0
HoldsAt(Meet_ID3_ID3,116) 0
HoldsAt(Meet_ID3_ID3,117) 0
HoldsAt(Meet_ID3_ID3,118) 0
HoldsAt(Meet_ID3_ID3,119) 0
HoldsAt(Meet_ID3_ID3,120) 0
HoldsAt(Meet_ID3_ID3,121) 0
HoldsAt(Meet_ID3_ID3,122) 0
HoldsAt(Meet_ID3_ID3,123) 0
HoldsAt(Meet_ID3_ID3,124) 0
HoldsAt(Meet_ID3_ID3,125) 0
HoldsAt(Meet_ID3_ID3,126) 0
HoldsAt(Meet_ID3_ID3,127) 0
HoldsAt(Meet_ID3_ID3,128) 0
HoldsAt(Meet_ID3_ID3,129) 0
HoldsAt(Meet_ID3_ID3,130) 0
HoldsAt(Meet_ID3_ID3,131) 0
HoldsAt(Meet_ID3_ID3,132) 0
HoldsAt(Meet_ID3_ID3,133) 0
HoldsAt(Meet_ID3_ID3,134) 0
HoldsAt(Meet_ID3_ID3,135) 0
HoldsAt(Meet_ID3_ID3,136) 0
HoldsAt(Meet_ID3_ID3,137) 0
HoldsAt(Meet_ID3_ID3,138) 0
HoldsAt(Meet_ID3_ID3,139) 0
HoldsAt(Meet_ID3_ID3,140) 0
HoldsAt(Meet_ID3_ID3,141) 0
HoldsAt(Meet_ID3_ID3,142) 0
HoldsAt(Meet_ID3_ID3,143) 0
HoldsAt(Meet_ID3_ID3,144) 0
HoldsAt(Meet_ID3_ID3,145) 0
HoldsAt(Meet_ID3_ID3,146) 0
HoldsAt(Meet_ID3_ID3,147) 0
HoldsAt(Meet_ID3_ID3,148) 0
HoldsAt(Meet_ID3_ID3,149) 0
HoldsAt(Meet_ID3_ID3,150) 0
HoldsAt(Meet_ID3_ID3,151) 0
HoldsAt(Meet_ID3_ID3,152) 0
HoldsAt(Meet_ID3_ID3,153) 0
HoldsAt(Meet_ID3_ID3,154) 0
HoldsAt(Meet_ID3_ID3,155) 0
HoldsAt(Meet_ID3_ID3,156) 0
HoldsAt(Meet_ID3_ID3,157) 0
HoldsAt(Meet_ID3_ID3,158) 0
HoldsAt(Meet_ID3_ID3,159) 0
HoldsAt(Meet_ID3_ID3,160) 0
HoldsAt(Meet_ID3_ID3,161) 0
HoldsAt(Meet_ID3_ID3,162) 0
HoldsAt(Meet_ID3_ID3,163) 0
HoldsAt(Meet_ID3_ID3,164) 0
HoldsAt(Meet_ID3_ID3,165) 0
HoldsAt(Meet_ID3_ID3,166) 0
HoldsAt(Meet_ID3_ID3,167) 0
HoldsAt(Meet_ID3_ID3,168) 0
HoldsAt(Meet_ID3_ID3,169) 0
HoldsAt(Meet_ID3_ID3,170) 0
HoldsAt(Meet_ID3_ID3,171) 0
HoldsAt(Meet_ID3_ID3,172) 0
HoldsAt(Meet_ID3_ID3,173) 0
HoldsAt(Meet_ID3_ID3,174) 0
HoldsAt(Meet_ID3_ID3,175) 0
HoldsAt(Meet_ID3_ID3,176) 0
HoldsAt(Meet_ID3_ID3,177) 0
HoldsAt(Meet_ID3_ID3,178) 0
HoldsAt(Meet_ID3_ID3,179) 0
HoldsAt(Meet_ID3_ID3,180) 0
HoldsAt(Meet_ID3_ID3,181) 0
HoldsAt(Meet_ID3_ID3,182) 0
HoldsAt(Meet_ID3_ID3,183) 0
HoldsAt(Meet_ID3_ID3,184) 0
HoldsAt(Meet_ID3_ID3,185) 0
HoldsAt(Meet_ID3_ID3,186) 0
HoldsAt(Meet_ID3_ID3,187) 0
HoldsAt(Meet_ID3_ID3,188) 0
HoldsAt(Meet_ID3_ID3,189) 0
HoldsAt(Meet_ID3_ID3,190) 0
HoldsAt(Meet_ID3_ID3,191) 0
HoldsAt(Meet_ID3_ID3,192) 0
HoldsAt(Meet_ID3_ID3,193) 0
HoldsAt(Meet_ID3_ID3,194) 0
HoldsAt(Meet_ID3_ID3,195) 0
HoldsAt(Meet_ID3_ID3,196) 0
HoldsAt(Meet_ID3_ID3,197) 0
HoldsAt(Meet_ID3_ID3,198) 0
HoldsAt(Meet_ID3_ID3,199) 0
HoldsAt(Meet_ID3_ID3,200) 0
HoldsAt(Meet_ID3_ID3,201) 0
HoldsAt(Meet_ID3_ID3,202) 0
HoldsAt(Meet_ID3_ID3,203) 0
HoldsAt(Meet_ID3_ID3,204) 0
HoldsAt(Meet_ID3_ID3,205) 0
HoldsAt(Meet_ID3_ID3,206) 0
HoldsAt(Meet_ID3_ID3,207) 0
HoldsAt(Meet_ID3_ID3,208) 0
HoldsAt(Meet_ID3_ID3,209) 0
HoldsAt(Meet_ID3_ID3,210) 0
HoldsAt(Meet_ID3_ID3,211) 0
HoldsAt(Meet_ID3_ID3,212) 0
HoldsAt(Meet_ID3_ID3,213) 0
HoldsAt(Meet_ID3_ID3,214) 0
HoldsAt(Meet_ID3_ID3,215) 0
HoldsAt(Meet_ID3_ID3,216) 0
HoldsAt(Meet_ID3_ID3,217) 0
HoldsAt(Meet_ID3_ID3,218) 0
HoldsAt(Meet_ID3_ID3,219) 0
HoldsAt(Meet_ID3_ID3,220) 0
HoldsAt(Meet_ID3_ID3,221) 0
HoldsAt(Meet_ID3_ID3,222) 0
HoldsAt(Meet_ID3_ID3,223) 0
HoldsAt(Meet_ID3_ID3,224) 0
HoldsAt(Meet_ID3_ID3,225) 0
HoldsAt(Meet_ID3_ID3,226) 0
HoldsAt(Meet_ID3_ID3,227) 0
HoldsAt(Meet_ID3_ID3,228) 0
HoldsAt(Meet_ID3_ID3,229) 0
HoldsAt(Meet_ID3_ID3,230) 0
HoldsAt(Meet_ID3_ID3,231) 0
HoldsAt(Meet_ID3_ID3,232) 0
HoldsAt(Meet_ID3_ID3,233) 0
HoldsAt(Meet_ID3_ID3,234) 0
HoldsAt(Meet_ID3_ID3,235) 0
HoldsAt(Meet_ID3_ID3,236) 0
HoldsAt(Meet_ID3_ID3,237) 0
HoldsAt(Meet_ID3_ID3,238) 0
HoldsAt(Meet_ID3_ID3,239) 0
HoldsAt(Meet_ID3_ID3,240) 0
HoldsAt(Meet_ID3_ID3,241) 0
HoldsAt(Meet_ID3_ID3,242) 0
HoldsAt(Meet_ID3_ID3,243) 0
HoldsAt(Meet_ID3_ID3,244) 0
HoldsAt(Meet_ID3_ID3,245) 0
HoldsAt(Meet_ID3_ID3,246) 0
HoldsAt(Meet_ID3_ID3,247) 0
HoldsAt(Meet_ID3_ID3,248) 0
HoldsAt(Meet_ID3_ID3,249) 0
HoldsAt(Meet_ID3_ID3,250) 0
HoldsAt(Meet_ID3_ID3,251) 0
HoldsAt(Meet_ID3_ID3,252) 0
HoldsAt(Meet_ID3_ID3,253) 0
HoldsAt(Meet_ID3_ID3,254) 0
HoldsAt(Meet_ID3_ID3,255) 0
HoldsAt(Meet_ID3_ID3,256) 0
HoldsAt(Meet_ID3_ID3,257) 0
HoldsAt(Meet_ID3_ID3,258) 0
HoldsAt(Meet_ID3_ID3,259) 0
HoldsAt(Meet_ID3_ID3,260) 0
HoldsAt(Meet_ID3_ID3,261) 0
HoldsAt(Meet_ID3_ID3,262) 0
HoldsAt(Meet_ID3_ID3,263) 0
HoldsAt(Meet_ID3_ID3,264) 0
HoldsAt(Meet_ID3_ID3,265) 0
HoldsAt(Meet_ID3_ID3,266) 0
HoldsAt(Meet_ID3_ID3,267) 0
HoldsAt(Meet_ID3_ID3,268) 0
HoldsAt(Meet_ID3_ID3,269) 0
HoldsAt(Meet_ID3_ID3,270) 0
HoldsAt(Meet_ID3_ID3,271) 0
HoldsAt(Meet_ID3_ID3,272) 0
HoldsAt(Meet_ID3_ID3,273) 0
HoldsAt(Meet_ID3_ID3,274) 0
HoldsAt(Meet_ID3_ID3,275) 0
HoldsAt(Meet_ID3_ID3,276) 0
HoldsAt(Meet_ID3_ID3,277) 0
HoldsAt(Meet_ID3_ID3,278) 0
HoldsAt(Meet_ID3_ID3,279) 0
HoldsAt(Meet_ID3_ID3,280) 0
HoldsAt(Meet_ID3_ID3,281) 0
HoldsAt(Meet_ID3_ID3,282) 0
HoldsAt(Meet_ID3_ID3,283) 0
HoldsAt(Meet_ID3_ID3,284) 0
HoldsAt(Meet_ID3_ID3,285) 0
HoldsAt(Meet_ID3_ID3,286) 0
HoldsAt(Meet_ID3_ID3,287) 0
HoldsAt(Meet_ID3_ID3,288) 0
HoldsAt(Meet_ID3_ID3,289) 0
HoldsAt(Meet_ID3_ID3,290) 0
HoldsAt(Meet_ID3_ID3,291) 0
HoldsAt(Meet_ID3_ID3,292) 0
HoldsAt(Meet_ID3_ID3,293) 0
HoldsAt(Meet_ID3_ID3,294) 0
HoldsAt(Meet_ID3_ID3,295) 0
HoldsAt(Meet_ID3_ID3,296) 0
HoldsAt(Meet_ID3_ID3,297) 0
HoldsAt(Meet_ID3_ID3,298) 0
HoldsAt(Meet_ID3_ID3,299) 0
HoldsAt(Meet_ID3_ID3,300) 0
HoldsAt(Meet_ID3_ID3,301) 0
HoldsAt(Meet_ID3_ID3,302) 0
HoldsAt(Meet_ID3_ID3,303) 0
HoldsAt(Meet_ID3_ID3,304) 0
HoldsAt(Meet_ID3_ID3,305) 0
HoldsAt(Meet_ID3_ID3,306) 0
HoldsAt(Meet_ID3_ID3,307) 0
HoldsAt(Meet_ID3_ID3,308) 0
HoldsAt(Meet_ID3_ID3,309) 0
HoldsAt(Meet_ID3_ID3,310) 0
HoldsAt(Meet_ID3_ID3,311) 0
HoldsAt(Meet_ID3_ID3,312) 0
HoldsAt(Meet_ID3_ID3,313) 0
HoldsAt(Meet_ID3_ID3,314) 0
HoldsAt(Meet_ID3_ID3,315) 0
HoldsAt(Meet_ID3_ID3,316) 0
HoldsAt(Meet_ID3_ID3,317) 0
HoldsAt(Meet_ID3_ID3,318) 0
HoldsAt(Meet_ID3_ID3,319) 0
HoldsAt(Meet_ID3_ID3,320) 0
HoldsAt(Meet_ID3_ID3,321) 0
HoldsAt(Meet_ID3_ID3,322) 0
HoldsAt(Meet_ID3_ID3,323) 0
HoldsAt(Meet_ID3_ID3,324) 0
HoldsAt(Meet_ID3_ID3,325) 0
HoldsAt(Meet_ID3_ID3,326) 0
HoldsAt(Meet_ID3_ID3,327) 0
HoldsAt(Meet_ID3_ID3,328) 0
HoldsAt(Meet_ID3_ID3,329) 0
HoldsAt(Meet_ID3_ID3,330) 0
HoldsAt(Meet_ID3_ID3,331) 0
HoldsAt(Meet_ID3_ID3,332) 0
HoldsAt(Meet_ID3_ID3,333) 0
HoldsAt(Meet_ID3_ID3,334) 0
HoldsAt(Meet_ID3_ID3,335) 0
HoldsAt(Meet_ID3_ID3,336) 0
HoldsAt(Meet_ID3_ID3,337) 0
HoldsAt(Meet_ID3_ID3,338) 0
HoldsAt(Meet_ID3_ID3,339) 0
HoldsAt(Meet_ID3_ID3,340) 0
HoldsAt(Meet_ID3_ID3,341) 0
HoldsAt(Meet_ID3_ID3,342) 0
HoldsAt(Meet_ID3_ID3,343) 0
HoldsAt(Meet_ID3_ID3,344) 0
HoldsAt(Meet_ID3_ID3,345) 0
HoldsAt(Meet_ID3_ID3,346) 0
HoldsAt(Meet_ID3_ID3,347) 0
HoldsAt(Meet_ID3_ID3,348) 0
HoldsAt(Meet_ID3_ID3,349) 0
HoldsAt(Meet_ID3_ID3,350) 0
HoldsAt(Meet_ID3_ID3,351) 0
HoldsAt(Meet_ID3_ID3,352) 0
HoldsAt(Meet_ID3_ID3,353) 0
HoldsAt(Meet_ID3_ID3,354) 0
HoldsAt(Meet_ID3_ID3,355) 0
HoldsAt(Meet_ID3_ID3,356) 0
HoldsAt(Meet_ID3_ID3,357) 0
HoldsAt(Meet_ID3_ID3,358) 0
HoldsAt(Meet_ID3_ID3,359) 0
HoldsAt(Meet_ID3_ID3,360) 0
HoldsAt(Meet_ID3_ID3,361) 0
HoldsAt(Meet_ID3_ID3,362) 0
HoldsAt(Meet_ID3_ID3,363) 0
HoldsAt(Meet_ID3_ID3,364) 0
HoldsAt(Meet_ID3_ID3,365) 0
HoldsAt(Meet_ID3_ID3,366) 0
HoldsAt(Meet_ID3_ID3,367) 0
HoldsAt(Meet_ID3_ID3,368) 0
HoldsAt(Meet_ID3_ID3,369) 0
HoldsAt(Meet_ID3_ID3,370) 0
HoldsAt(Meet_ID3_ID3,371) 0
HoldsAt(Meet_ID3_ID3,372) 0
HoldsAt(Meet_ID3_ID3,373) 0
HoldsAt(Meet_ID3_ID3,374) 0
HoldsAt(Meet_ID3_ID3,375) 0
HoldsAt(Meet_ID3_ID3,376) 0
HoldsAt(Meet_ID3_ID3,377) 0
HoldsAt(Meet_ID3_ID3,378) 0
HoldsAt(Meet_ID3_ID3,379) 0
HoldsAt(Meet_ID3_ID3,380) 0
HoldsAt(Meet_ID3_ID3,381) 0
HoldsAt(Meet_ID3_ID3,382) 0
HoldsAt(Meet_ID3_ID3,383) 0
HoldsAt(Meet_ID3_ID3,384) 0
HoldsAt(Meet_ID3_ID3,385) 0
HoldsAt(Meet_ID3_ID3,386) 0
HoldsAt(Meet_ID3_ID3,387) 0
HoldsAt(Meet_ID3_ID3,388) 0
HoldsAt(Meet_ID3_ID3,389) 0
HoldsAt(Meet_ID3_ID3,390) 0
HoldsAt(Meet_ID3_ID3,391) 0
HoldsAt(Meet_ID3_ID3,392) 0
HoldsAt(Meet_ID3_ID3,393) 0
HoldsAt(Meet_ID3_ID3,394) 0
HoldsAt(Meet_ID3_ID3,395) 0
HoldsAt(Meet_ID3_ID3,396) 0
HoldsAt(Meet_ID3_ID3,397) 0
HoldsAt(Meet_ID3_ID3,398) 0
HoldsAt(Meet_ID3_ID3,399) 0
HoldsAt(Meet_ID3_ID3,400) 0
HoldsAt(Meet_ID3_ID3,401) 0
HoldsAt(Meet_ID3_ID3,402) 0
HoldsAt(Meet_ID3_ID3,403) 0
HoldsAt(Meet_ID3_ID3,404) 0
HoldsAt(Meet_ID3_ID3,405) 0
HoldsAt(Meet_ID3_ID3,406) 0
HoldsAt(Meet_ID3_ID3,407) 0
HoldsAt(Meet_ID3_ID3,408) 0
HoldsAt(Meet_ID3_ID3,409) 0
HoldsAt(Meet_ID3_ID3,410) 0
HoldsAt(Meet_ID3_ID3,411) 0
HoldsAt(Meet_ID3_ID3,412) 0
HoldsAt(Meet_ID3_ID3,413) 0
HoldsAt(Meet_ID3_ID3,414) 0
HoldsAt(Meet_ID3_ID3,415) 0
HoldsAt(Meet_ID3_ID3,416) 0
HoldsAt(Meet_ID3_ID3,417) 0
HoldsAt(Meet_ID3_ID3,418) 0
HoldsAt(Meet_ID3_ID3,419) 0
HoldsAt(Meet_ID3_ID3,420) 0
HoldsAt(Meet_ID3_ID3,421) 0
HoldsAt(Meet_ID3_ID3,422) 0
HoldsAt(Meet_ID3_ID3,423) 0
HoldsAt(Meet_ID3_ID3,424) 0
HoldsAt(Meet_ID3_ID3,425) 0
HoldsAt(Meet_ID3_ID3,426) 0
HoldsAt(Meet_ID3_ID3,427) 0
HoldsAt(Meet_ID3_ID3,428) 0
HoldsAt(Meet_ID3_ID3,429) 0
HoldsAt(Meet_ID3_ID3,430) 0
HoldsAt(Meet_ID3_ID3,431) 0
HoldsAt(Meet_ID3_ID3,432) 0
HoldsAt(Meet_ID3_ID3,433) 0
HoldsAt(Meet_ID3_ID3,434) 0
HoldsAt(Meet_ID3_ID3,435) 0
HoldsAt(Meet_ID3_ID3,436) 0
HoldsAt(Meet_ID3_ID3,437) 0
HoldsAt(Meet_ID3_ID3,438) 0
HoldsAt(Meet_ID3_ID3,439) 0
HoldsAt(Meet_ID3_ID3,440) 0
HoldsAt(Meet_ID3_ID3,441) 0
HoldsAt(Meet_ID3_ID3,442) 0
HoldsAt(Meet_ID3_ID3,443) 0
HoldsAt(Meet_ID3_ID3,444) 0
HoldsAt(Meet_ID3_ID3,445) 0
HoldsAt(Meet_ID3_ID3,446) 0
HoldsAt(Meet_ID3_ID3,447) 0
HoldsAt(Meet_ID3_ID3,448) 0
HoldsAt(Meet_ID3_ID3,449) 0
HoldsAt(Meet_ID3_ID3,450) 0
HoldsAt(Meet_ID3_ID3,451) 0
HoldsAt(Meet_ID3_ID3,452) 0
HoldsAt(Meet_ID3_ID3,453) 0
HoldsAt(Meet_ID3_ID3,454) 0
HoldsAt(Meet_ID3_ID3,455) 0
HoldsAt(Meet_ID3_ID3,456) 0
HoldsAt(Meet_ID3_ID3,457) 0
HoldsAt(Meet_ID3_ID3,458) 0
HoldsAt(Meet_ID3_ID3,459) 0
HoldsAt(Meet_ID3_ID3,460) 0
HoldsAt(Meet_ID3_ID3,461) 0
HoldsAt(Meet_ID3_ID3,462) 0
HoldsAt(Meet_ID3_ID3,463) 0
HoldsAt(Meet_ID3_ID3,464) 0
HoldsAt(Meet_ID3_ID3,465) 0
HoldsAt(Meet_ID3_ID3,466) 0
HoldsAt(Meet_ID3_ID3,467) 0
HoldsAt(Meet_ID3_ID3,468) 0
HoldsAt(Meet_ID3_ID3,469) 0
HoldsAt(Meet_ID3_ID3,470) 0
HoldsAt(Meet_ID3_ID3,471) 0
HoldsAt(Meet_ID3_ID3,472) 0
HoldsAt(Meet_ID3_ID3,473) 0
HoldsAt(Meet_ID3_ID3,474) 0
HoldsAt(Meet_ID3_ID3,475) 0
HoldsAt(Meet_ID3_ID3,476) 0
HoldsAt(Meet_ID3_ID3,477) 0
HoldsAt(Meet_ID3_ID3,478) 0
HoldsAt(Meet_ID3_ID3,479) 0
HoldsAt(Meet_ID3_ID3,480) 0
HoldsAt(Meet_ID3_ID3,481) 0
HoldsAt(Meet_ID3_ID3,482) 0
HoldsAt(Meet_ID3_ID3,483) 0
HoldsAt(Meet_ID3_ID3,484) 0
HoldsAt(Meet_ID3_ID3,485) 0
HoldsAt(Meet_ID3_ID3,486) 0
HoldsAt(Meet_ID3_ID3,487) 0
HoldsAt(Meet_ID3_ID3,488) 0
HoldsAt(Meet_ID3_ID3,489) 0
HoldsAt(Meet_ID3_ID3,490) 0
HoldsAt(Meet_ID3_ID3,491) 0
HoldsAt(Meet_ID3_ID3,492) 0
HoldsAt(Meet_ID3_ID3,493) 0
HoldsAt(Meet_ID3_ID3,494) 0
HoldsAt(Meet_ID3_ID3,495) 0
HoldsAt(Meet_ID3_ID3,496) 0
HoldsAt(Meet_ID3_ID3,497) 0
HoldsAt(Meet_ID3_ID3,498) 0
HoldsAt(Meet_ID3_ID3,499) 0
HoldsAt(Meet_ID3_ID3,500) 0
HoldsAt(Meet_ID3_ID3,501) 0
HoldsAt(Meet_ID3_ID3,502) 0
HoldsAt(Meet_ID3_ID3,503) 0
HoldsAt(Meet_ID3_ID3,504) 0
HoldsAt(Meet_ID3_ID3,505) 0
HoldsAt(Meet_ID3_ID3,506) 0
HoldsAt(Meet_ID3_ID3,507) 0
HoldsAt(Meet_ID3_ID3,508) 0
HoldsAt(Meet_ID3_ID3,509) 0
HoldsAt(Meet_ID3_ID3,510) 0
HoldsAt(Meet_ID3_ID3,511) 0
HoldsAt(Meet_ID3_ID3,512) 0
HoldsAt(Meet_ID3_ID3,513) 0
HoldsAt(Meet_ID3_ID3,514) 0
HoldsAt(Meet_ID3_ID3,515) 0
HoldsAt(Meet_ID3_ID3,516) 0
HoldsAt(Meet_ID3_ID3,517) 0
HoldsAt(Meet_ID3_ID3,518) 0
HoldsAt(Meet_ID3_ID3,519) 0
HoldsAt(Meet_ID3_ID3,520) 0
HoldsAt(Meet_ID3_ID3,521) 0
HoldsAt(Meet_ID3_ID3,522) 0
HoldsAt(Meet_ID3_ID3,523) 0
HoldsAt(Meet_ID3_ID3,524) 0
HoldsAt(Meet_ID3_ID3,525) 0
HoldsAt(Meet_ID3_ID3,526) 0
HoldsAt(Meet_ID3_ID3,527) 0
HoldsAt(Meet_ID3_ID3,528) 0
HoldsAt(Meet_ID3_ID3,529) 0
HoldsAt(Meet_ID3_ID3,530) 0
HoldsAt(Meet_ID3_ID3,531) 0
HoldsAt(Meet_ID3_ID3,532) 0
HoldsAt(Meet_ID3_ID3,533) 0
HoldsAt(Meet_ID3_ID3,534) 0
HoldsAt(Meet_ID3_ID3,535) 0
HoldsAt(Meet_ID3_ID3,536) 0
HoldsAt(Meet_ID3_ID3,537) 0
HoldsAt(Meet_ID3_ID3,538) 0
HoldsAt(Meet_ID3_ID3,539) 0
HoldsAt(Meet_ID3_ID3,540) 0
HoldsAt(Meet_ID3_ID3,541) 0
HoldsAt(Meet_ID3_ID3,542) 0
HoldsAt(Meet_ID3_ID3,543) 0
HoldsAt(Meet_ID3_ID3,544) 0
HoldsAt(Meet_ID3_ID3,545) 0
HoldsAt(Meet_ID3_ID3,546) 0
HoldsAt(Meet_ID3_ID3,547) 0
HoldsAt(Meet_ID3_ID3,548) 0
HoldsAt(Meet_ID3_ID3,549) 0
HoldsAt(Meet_ID3_ID3,550) 0
HoldsAt(Meet_ID3_ID3,551) 0
HoldsAt(Meet_ID3_ID3,552) 0
HoldsAt(Meet_ID3_ID3,553) 0
HoldsAt(Meet_ID3_ID3,554) 0
HoldsAt(Meet_ID3_ID3,555) 0
HoldsAt(Meet_ID3_ID3,556) 0
HoldsAt(Meet_ID3_ID3,557) 0
HoldsAt(Meet_ID3_ID3,558) 0
HoldsAt(Meet_ID3_ID3,559) 0
HoldsAt(Meet_ID3_ID3,560) 0
HoldsAt(Meet_ID3_ID3,561) 0
HoldsAt(Meet_ID3_ID3,562) 0
HoldsAt(Meet_ID3_ID3,563) 0
HoldsAt(Meet_ID3_ID3,564) 0
HoldsAt(Meet_ID3_ID3,565) 0
HoldsAt(Meet_ID3_ID3,566) 0
HoldsAt(Meet_ID3_ID3,567) 0
HoldsAt(Meet_ID3_ID3,568) 0
HoldsAt(Meet_ID3_ID3,569) 0
HoldsAt(Meet_ID3_ID3,570) 0
HoldsAt(Meet_ID3_ID3,571) 0
HoldsAt(Meet_ID3_ID3,572) 0
HoldsAt(Meet_ID3_ID3,573) 0
HoldsAt(Meet_ID3_ID3,574) 0
HoldsAt(Meet_ID3_ID3,575) 0
HoldsAt(Meet_ID3_ID3,576) 0
HoldsAt(Meet_ID3_ID3,577) 0
HoldsAt(Meet_ID3_ID3,578) 0
HoldsAt(Meet_ID3_ID3,579) 0
HoldsAt(Meet_ID3_ID3,580) 0
HoldsAt(Meet_ID3_ID3,581) 0
HoldsAt(Meet_ID3_ID3,582) 0
HoldsAt(Meet_ID3_ID3,583) 0
HoldsAt(Meet_ID3_ID3,584) 0
HoldsAt(Meet_ID3_ID3,585) 0
HoldsAt(Meet_ID3_ID3,586) 0
HoldsAt(Meet_ID3_ID3,587) 0
HoldsAt(Meet_ID3_ID3,588) 0
HoldsAt(Meet_ID3_ID3,589) 0
HoldsAt(Meet_ID3_ID3,590) 0
HoldsAt(Meet_ID3_ID3,591) 0
HoldsAt(Meet_ID3_ID3,592) 0
HoldsAt(Meet_ID3_ID3,593) 0
HoldsAt(Meet_ID3_ID3,594) 0
HoldsAt(Meet_ID3_ID3,595) 0
HoldsAt(Meet_ID3_ID3,596) 0
HoldsAt(Meet_ID3_ID3,597) 0
HoldsAt(Meet_ID3_ID3,598) 0
HoldsAt(Meet_ID3_ID3,599) 0
HoldsAt(Meet_ID3_ID3,600) 0
HoldsAt(Meet_ID3_ID3,601) 0
HoldsAt(Meet_ID3_ID3,602) 0
HoldsAt(Meet_ID3_ID3,603) 0
HoldsAt(Meet_ID3_ID3,604) 0
HoldsAt(Meet_ID3_ID3,605) 0
HoldsAt(Meet_ID3_ID3,606) 0
HoldsAt(Meet_ID3_ID3,607) 0
HoldsAt(Meet_ID3_ID3,608) 0
HoldsAt(Meet_ID3_ID3,609) 0
HoldsAt(Meet_ID3_ID3,610) 0
HoldsAt(Meet_ID3_ID3,611) 0
HoldsAt(Meet_ID3_ID3,612) 0
HoldsAt(Meet_ID3_ID3,613) 0
HoldsAt(Meet_ID3_ID3,614) 0
HoldsAt(Meet_ID3_ID3,615) 0
HoldsAt(Meet_ID3_ID3,616) 0
HoldsAt(Meet_ID3_ID3,617) 0
HoldsAt(Meet_ID3_ID3,618) 0
HoldsAt(Meet_ID3_ID3,619) 0
HoldsAt(Meet_ID3_ID3,620) 0
HoldsAt(Meet_ID3_ID3,621) 0
HoldsAt(Meet_ID3_ID3,622) 0
